09:02:27 **** Incremental Build of configuration Debug for project fw_test ****
make all 
Building file: ../Src/bsp_driver_sd.c
Invoking: MCU GCC Compiler
C:\Users\John\Desktop\Project X\fw_test\fw_test\Debug
arm-none-eabi-gcc -mcpu=cortex-m4 -mthumb -mfloat-abi=hard -mfpu=fpv4-sp-d16 -DUSE_HAL_DRIVER -DCODE_CORRECTION_SD '-D__weak=__attribute__((weak))' '-D__packed=__attribute__((__packed__))' -DSTM32L476xx -I"C:/Users/John/Desktop/Project X/fw_test/fw_test/Inc" -I"C:/Users/John/Desktop/Project X/fw_test/fw_test/Drivers/STM32L4xx_HAL_Driver/Inc" -I"C:/Users/John/Desktop/Project X/fw_test/fw_test/Drivers/STM32L4xx_HAL_Driver/Inc/Legacy" -I"C:/Users/John/Desktop/Project X/fw_test/fw_test/Middlewares/Third_Party/FreeRTOS/Source/portable/GCC/ARM_CM4F" -I"C:/Users/John/Desktop/Project X/fw_test/fw_test/Drivers/CMSIS/Device/ST/STM32L4xx/Include" -I"C:/Users/John/Desktop/Project X/fw_test/fw_test/Middlewares/Third_Party/FatFs/src" -I"C:/Users/John/Desktop/Project X/fw_test/fw_test/Middlewares/Third_Party/FreeRTOS/Source/include" -I"C:/Users/John/Desktop/Project X/fw_test/fw_test/Middlewares/Third_Party/FreeRTOS/Source/CMSIS_RTOS" -I"C:/Users/John/Desktop/Project X/fw_test/fw_test/Drivers/CMSIS/Include"  -Og -g3 -Wall -fmessage-length=0 -ffunction-sections -c -fmessage-length=0 -MMD -MP -MF"Src/bsp_driver_sd.d" -MT"Src/bsp_driver_sd.o" -o "Src/bsp_driver_sd.o" "../Src/bsp_driver_sd.c"
Finished building: ../Src/bsp_driver_sd.c
 
Building file: ../Src/fatfs.c
Invoking: MCU GCC Compiler
C:\Users\John\Desktop\Project X\fw_test\fw_test\Debug
arm-none-eabi-gcc -mcpu=cortex-m4 -mthumb -mfloat-abi=hard -mfpu=fpv4-sp-d16 -DUSE_HAL_DRIVER -DCODE_CORRECTION_SD '-D__weak=__attribute__((weak))' '-D__packed=__attribute__((__packed__))' -DSTM32L476xx -I"C:/Users/John/Desktop/Project X/fw_test/fw_test/Inc" -I"C:/Users/John/Desktop/Project X/fw_test/fw_test/Drivers/STM32L4xx_HAL_Driver/Inc" -I"C:/Users/John/Desktop/Project X/fw_test/fw_test/Drivers/STM32L4xx_HAL_Driver/Inc/Legacy" -I"C:/Users/John/Desktop/Project X/fw_test/fw_test/Middlewares/Third_Party/FreeRTOS/Source/portable/GCC/ARM_CM4F" -I"C:/Users/John/Desktop/Project X/fw_test/fw_test/Drivers/CMSIS/Device/ST/STM32L4xx/Include" -I"C:/Users/John/Desktop/Project X/fw_test/fw_test/Middlewares/Third_Party/FatFs/src" -I"C:/Users/John/Desktop/Project X/fw_test/fw_test/Middlewares/Third_Party/FreeRTOS/Source/include" -I"C:/Users/John/Desktop/Project X/fw_test/fw_test/Middlewares/Third_Party/FreeRTOS/Source/CMSIS_RTOS" -I"C:/Users/John/Desktop/Project X/fw_test/fw_test/Drivers/CMSIS/Include"  -Og -g3 -Wall -fmessage-length=0 -ffunction-sections -c -fmessage-length=0 -MMD -MP -MF"Src/fatfs.d" -MT"Src/fatfs.o" -o "Src/fatfs.o" "../Src/fatfs.c"
Finished building: ../Src/fatfs.c
 
Building file: ../Src/freertos.c
Invoking: MCU GCC Compiler
C:\Users\John\Desktop\Project X\fw_test\fw_test\Debug
arm-none-eabi-gcc -mcpu=cortex-m4 -mthumb -mfloat-abi=hard -mfpu=fpv4-sp-d16 -DUSE_HAL_DRIVER -DCODE_CORRECTION_SD '-D__weak=__attribute__((weak))' '-D__packed=__attribute__((__packed__))' -DSTM32L476xx -I"C:/Users/John/Desktop/Project X/fw_test/fw_test/Inc" -I"C:/Users/John/Desktop/Project X/fw_test/fw_test/Drivers/STM32L4xx_HAL_Driver/Inc" -I"C:/Users/John/Desktop/Project X/fw_test/fw_test/Drivers/STM32L4xx_HAL_Driver/Inc/Legacy" -I"C:/Users/John/Desktop/Project X/fw_test/fw_test/Middlewares/Third_Party/FreeRTOS/Source/portable/GCC/ARM_CM4F" -I"C:/Users/John/Desktop/Project X/fw_test/fw_test/Drivers/CMSIS/Device/ST/STM32L4xx/Include" -I"C:/Users/John/Desktop/Project X/fw_test/fw_test/Middlewares/Third_Party/FatFs/src" -I"C:/Users/John/Desktop/Project X/fw_test/fw_test/Middlewares/Third_Party/FreeRTOS/Source/include" -I"C:/Users/John/Desktop/Project X/fw_test/fw_test/Middlewares/Third_Party/FreeRTOS/Source/CMSIS_RTOS" -I"C:/Users/John/Desktop/Project X/fw_test/fw_test/Drivers/CMSIS/Include"  -Og -g3 -Wall -fmessage-length=0 -ffunction-sections -c -fmessage-length=0 -MMD -MP -MF"Src/freertos.d" -MT"Src/freertos.o" -o "Src/freertos.o" "../Src/freertos.c"
Finished building: ../Src/freertos.c
 
Building file: ../Src/main.c
Invoking: MCU GCC Compiler
C:\Users\John\Desktop\Project X\fw_test\fw_test\Debug
arm-none-eabi-gcc -mcpu=cortex-m4 -mthumb -mfloat-abi=hard -mfpu=fpv4-sp-d16 -DUSE_HAL_DRIVER -DCODE_CORRECTION_SD '-D__weak=__attribute__((weak))' '-D__packed=__attribute__((__packed__))' -DSTM32L476xx -I"C:/Users/John/Desktop/Project X/fw_test/fw_test/Inc" -I"C:/Users/John/Desktop/Project X/fw_test/fw_test/Drivers/STM32L4xx_HAL_Driver/Inc" -I"C:/Users/John/Desktop/Project X/fw_test/fw_test/Drivers/STM32L4xx_HAL_Driver/Inc/Legacy" -I"C:/Users/John/Desktop/Project X/fw_test/fw_test/Middlewares/Third_Party/FreeRTOS/Source/portable/GCC/ARM_CM4F" -I"C:/Users/John/Desktop/Project X/fw_test/fw_test/Drivers/CMSIS/Device/ST/STM32L4xx/Include" -I"C:/Users/John/Desktop/Project X/fw_test/fw_test/Middlewares/Third_Party/FatFs/src" -I"C:/Users/John/Desktop/Project X/fw_test/fw_test/Middlewares/Third_Party/FreeRTOS/Source/include" -I"C:/Users/John/Desktop/Project X/fw_test/fw_test/Middlewares/Third_Party/FreeRTOS/Source/CMSIS_RTOS" -I"C:/Users/John/Desktop/Project X/fw_test/fw_test/Drivers/CMSIS/Include"  -Og -g3 -Wall -fmessage-length=0 -ffunction-sections -c -fmessage-length=0 -MMD -MP -MF"Src/main.d" -MT"Src/main.o" -o "Src/main.o" "../Src/main.c"
Finished building: ../Src/main.c
 
Building file: ../Src/sd_diskio.c
Invoking: MCU GCC Compiler
C:\Users\John\Desktop\Project X\fw_test\fw_test\Debug
arm-none-eabi-gcc -mcpu=cortex-m4 -mthumb -mfloat-abi=hard -mfpu=fpv4-sp-d16 -DUSE_HAL_DRIVER -DCODE_CORRECTION_SD '-D__weak=__attribute__((weak))' '-D__packed=__attribute__((__packed__))' -DSTM32L476xx -I"C:/Users/John/Desktop/Project X/fw_test/fw_test/Inc" -I"C:/Users/John/Desktop/Project X/fw_test/fw_test/Drivers/STM32L4xx_HAL_Driver/Inc" -I"C:/Users/John/Desktop/Project X/fw_test/fw_test/Drivers/STM32L4xx_HAL_Driver/Inc/Legacy" -I"C:/Users/John/Desktop/Project X/fw_test/fw_test/Middlewares/Third_Party/FreeRTOS/Source/portable/GCC/ARM_CM4F" -I"C:/Users/John/Desktop/Project X/fw_test/fw_test/Drivers/CMSIS/Device/ST/STM32L4xx/Include" -I"C:/Users/John/Desktop/Project X/fw_test/fw_test/Middlewares/Third_Party/FatFs/src" -I"C:/Users/John/Desktop/Project X/fw_test/fw_test/Middlewares/Third_Party/FreeRTOS/Source/include" -I"C:/Users/John/Desktop/Project X/fw_test/fw_test/Middlewares/Third_Party/FreeRTOS/Source/CMSIS_RTOS" -I"C:/Users/John/Desktop/Project X/fw_test/fw_test/Drivers/CMSIS/Include"  -Og -g3 -Wall -fmessage-length=0 -ffunction-sections -c -fmessage-length=0 -MMD -MP -MF"Src/sd_diskio.d" -MT"Src/sd_diskio.o" -o "Src/sd_diskio.o" "../Src/sd_diskio.c"
Finished building: ../Src/sd_diskio.c
 
Building file: ../Src/stm32l4xx_hal_msp.c
Invoking: MCU GCC Compiler
C:\Users\John\Desktop\Project X\fw_test\fw_test\Debug
arm-none-eabi-gcc -mcpu=cortex-m4 -mthumb -mfloat-abi=hard -mfpu=fpv4-sp-d16 -DUSE_HAL_DRIVER -DCODE_CORRECTION_SD '-D__weak=__attribute__((weak))' '-D__packed=__attribute__((__packed__))' -DSTM32L476xx -I"C:/Users/John/Desktop/Project X/fw_test/fw_test/Inc" -I"C:/Users/John/Desktop/Project X/fw_test/fw_test/Drivers/STM32L4xx_HAL_Driver/Inc" -I"C:/Users/John/Desktop/Project X/fw_test/fw_test/Drivers/STM32L4xx_HAL_Driver/Inc/Legacy" -I"C:/Users/John/Desktop/Project X/fw_test/fw_test/Middlewares/Third_Party/FreeRTOS/Source/portable/GCC/ARM_CM4F" -I"C:/Users/John/Desktop/Project X/fw_test/fw_test/Drivers/CMSIS/Device/ST/STM32L4xx/Include" -I"C:/Users/John/Desktop/Project X/fw_test/fw_test/Middlewares/Third_Party/FatFs/src" -I"C:/Users/John/Desktop/Project X/fw_test/fw_test/Middlewares/Third_Party/FreeRTOS/Source/include" -I"C:/Users/John/Desktop/Project X/fw_test/fw_test/Middlewares/Third_Party/FreeRTOS/Source/CMSIS_RTOS" -I"C:/Users/John/Desktop/Project X/fw_test/fw_test/Drivers/CMSIS/Include"  -Og -g3 -Wall -fmessage-length=0 -ffunction-sections -c -fmessage-length=0 -MMD -MP -MF"Src/stm32l4xx_hal_msp.d" -MT"Src/stm32l4xx_hal_msp.o" -o "Src/stm32l4xx_hal_msp.o" "../Src/stm32l4xx_hal_msp.c"
Finished building: ../Src/stm32l4xx_hal_msp.c
 
Building file: ../Src/stm32l4xx_hal_timebase_TIM.c
Invoking: MCU GCC Compiler
C:\Users\John\Desktop\Project X\fw_test\fw_test\Debug
arm-none-eabi-gcc -mcpu=cortex-m4 -mthumb -mfloat-abi=hard -mfpu=fpv4-sp-d16 -DUSE_HAL_DRIVER -DCODE_CORRECTION_SD '-D__weak=__attribute__((weak))' '-D__packed=__attribute__((__packed__))' -DSTM32L476xx -I"C:/Users/John/Desktop/Project X/fw_test/fw_test/Inc" -I"C:/Users/John/Desktop/Project X/fw_test/fw_test/Drivers/STM32L4xx_HAL_Driver/Inc" -I"C:/Users/John/Desktop/Project X/fw_test/fw_test/Drivers/STM32L4xx_HAL_Driver/Inc/Legacy" -I"C:/Users/John/Desktop/Project X/fw_test/fw_test/Middlewares/Third_Party/FreeRTOS/Source/portable/GCC/ARM_CM4F" -I"C:/Users/John/Desktop/Project X/fw_test/fw_test/Drivers/CMSIS/Device/ST/STM32L4xx/Include" -I"C:/Users/John/Desktop/Project X/fw_test/fw_test/Middlewares/Third_Party/FatFs/src" -I"C:/Users/John/Desktop/Project X/fw_test/fw_test/Middlewares/Third_Party/FreeRTOS/Source/include" -I"C:/Users/John/Desktop/Project X/fw_test/fw_test/Middlewares/Third_Party/FreeRTOS/Source/CMSIS_RTOS" -I"C:/Users/John/Desktop/Project X/fw_test/fw_test/Drivers/CMSIS/Include"  -Og -g3 -Wall -fmessage-length=0 -ffunction-sections -c -fmessage-length=0 -MMD -MP -MF"Src/stm32l4xx_hal_timebase_TIM.d" -MT"Src/stm32l4xx_hal_timebase_TIM.o" -o "Src/stm32l4xx_hal_timebase_TIM.o" "../Src/stm32l4xx_hal_timebase_TIM.c"
Finished building: ../Src/stm32l4xx_hal_timebase_TIM.c
 
Building file: ../Src/stm32l4xx_it.c
Invoking: MCU GCC Compiler
C:\Users\John\Desktop\Project X\fw_test\fw_test\Debug
arm-none-eabi-gcc -mcpu=cortex-m4 -mthumb -mfloat-abi=hard -mfpu=fpv4-sp-d16 -DUSE_HAL_DRIVER -DCODE_CORRECTION_SD '-D__weak=__attribute__((weak))' '-D__packed=__attribute__((__packed__))' -DSTM32L476xx -I"C:/Users/John/Desktop/Project X/fw_test/fw_test/Inc" -I"C:/Users/John/Desktop/Project X/fw_test/fw_test/Drivers/STM32L4xx_HAL_Driver/Inc" -I"C:/Users/John/Desktop/Project X/fw_test/fw_test/Drivers/STM32L4xx_HAL_Driver/Inc/Legacy" -I"C:/Users/John/Desktop/Project X/fw_test/fw_test/Middlewares/Third_Party/FreeRTOS/Source/portable/GCC/ARM_CM4F" -I"C:/Users/John/Desktop/Project X/fw_test/fw_test/Drivers/CMSIS/Device/ST/STM32L4xx/Include" -I"C:/Users/John/Desktop/Project X/fw_test/fw_test/Middlewares/Third_Party/FatFs/src" -I"C:/Users/John/Desktop/Project X/fw_test/fw_test/Middlewares/Third_Party/FreeRTOS/Source/include" -I"C:/Users/John/Desktop/Project X/fw_test/fw_test/Middlewares/Third_Party/FreeRTOS/Source/CMSIS_RTOS" -I"C:/Users/John/Desktop/Project X/fw_test/fw_test/Drivers/CMSIS/Include"  -Og -g3 -Wall -fmessage-length=0 -ffunction-sections -c -fmessage-length=0 -MMD -MP -MF"Src/stm32l4xx_it.d" -MT"Src/stm32l4xx_it.o" -o "Src/stm32l4xx_it.o" "../Src/stm32l4xx_it.c"
Finished building: ../Src/stm32l4xx_it.c
 
Building file: ../Src/system_stm32l4xx.c
Invoking: MCU GCC Compiler
C:\Users\John\Desktop\Project X\fw_test\fw_test\Debug
arm-none-eabi-gcc -mcpu=cortex-m4 -mthumb -mfloat-abi=hard -mfpu=fpv4-sp-d16 -DUSE_HAL_DRIVER -DCODE_CORRECTION_SD '-D__weak=__attribute__((weak))' '-D__packed=__attribute__((__packed__))' -DSTM32L476xx -I"C:/Users/John/Desktop/Project X/fw_test/fw_test/Inc" -I"C:/Users/John/Desktop/Project X/fw_test/fw_test/Drivers/STM32L4xx_HAL_Driver/Inc" -I"C:/Users/John/Desktop/Project X/fw_test/fw_test/Drivers/STM32L4xx_HAL_Driver/Inc/Legacy" -I"C:/Users/John/Desktop/Project X/fw_test/fw_test/Middlewares/Third_Party/FreeRTOS/Source/portable/GCC/ARM_CM4F" -I"C:/Users/John/Desktop/Project X/fw_test/fw_test/Drivers/CMSIS/Device/ST/STM32L4xx/Include" -I"C:/Users/John/Desktop/Project X/fw_test/fw_test/Middlewares/Third_Party/FatFs/src" -I"C:/Users/John/Desktop/Project X/fw_test/fw_test/Middlewares/Third_Party/FreeRTOS/Source/include" -I"C:/Users/John/Desktop/Project X/fw_test/fw_test/Middlewares/Third_Party/FreeRTOS/Source/CMSIS_RTOS" -I"C:/Users/John/Desktop/Project X/fw_test/fw_test/Drivers/CMSIS/Include"  -Og -g3 -Wall -fmessage-length=0 -ffunction-sections -c -fmessage-length=0 -MMD -MP -MF"Src/system_stm32l4xx.d" -MT"Src/system_stm32l4xx.o" -o "Src/system_stm32l4xx.o" "../Src/system_stm32l4xx.c"
Finished building: ../Src/system_stm32l4xx.c
 
Building file: ../Middlewares/Third_Party/FreeRTOS/Source/portable/MemMang/heap_4.c
Invoking: MCU GCC Compiler
C:\Users\John\Desktop\Project X\fw_test\fw_test\Debug
arm-none-eabi-gcc -mcpu=cortex-m4 -mthumb -mfloat-abi=hard -mfpu=fpv4-sp-d16 -DUSE_HAL_DRIVER -DCODE_CORRECTION_SD '-D__weak=__attribute__((weak))' '-D__packed=__attribute__((__packed__))' -DSTM32L476xx -I"C:/Users/John/Desktop/Project X/fw_test/fw_test/Inc" -I"C:/Users/John/Desktop/Project X/fw_test/fw_test/Drivers/STM32L4xx_HAL_Driver/Inc" -I"C:/Users/John/Desktop/Project X/fw_test/fw_test/Drivers/STM32L4xx_HAL_Driver/Inc/Legacy" -I"C:/Users/John/Desktop/Project X/fw_test/fw_test/Middlewares/Third_Party/FreeRTOS/Source/portable/GCC/ARM_CM4F" -I"C:/Users/John/Desktop/Project X/fw_test/fw_test/Drivers/CMSIS/Device/ST/STM32L4xx/Include" -I"C:/Users/John/Desktop/Project X/fw_test/fw_test/Middlewares/Third_Party/FatFs/src" -I"C:/Users/John/Desktop/Project X/fw_test/fw_test/Middlewares/Third_Party/FreeRTOS/Source/include" -I"C:/Users/John/Desktop/Project X/fw_test/fw_test/Middlewares/Third_Party/FreeRTOS/Source/CMSIS_RTOS" -I"C:/Users/John/Desktop/Project X/fw_test/fw_test/Drivers/CMSIS/Include"  -Og -g3 -Wall -fmessage-length=0 -ffunction-sections -c -fmessage-length=0 -MMD -MP -MF"Middlewares/Third_Party/FreeRTOS/Source/portable/MemMang/heap_4.d" -MT"Middlewares/Third_Party/FreeRTOS/Source/portable/MemMang/heap_4.o" -o "Middlewares/Third_Party/FreeRTOS/Source/portable/MemMang/heap_4.o" "../Middlewares/Third_Party/FreeRTOS/Source/portable/MemMang/heap_4.c"
Finished building: ../Middlewares/Third_Party/FreeRTOS/Source/portable/MemMang/heap_4.c
 
Building file: ../Middlewares/Third_Party/FreeRTOS/Source/portable/GCC/ARM_CM4F/port.c
Invoking: MCU GCC Compiler
C:\Users\John\Desktop\Project X\fw_test\fw_test\Debug
arm-none-eabi-gcc -mcpu=cortex-m4 -mthumb -mfloat-abi=hard -mfpu=fpv4-sp-d16 -DUSE_HAL_DRIVER -DCODE_CORRECTION_SD '-D__weak=__attribute__((weak))' '-D__packed=__attribute__((__packed__))' -DSTM32L476xx -I"C:/Users/John/Desktop/Project X/fw_test/fw_test/Inc" -I"C:/Users/John/Desktop/Project X/fw_test/fw_test/Drivers/STM32L4xx_HAL_Driver/Inc" -I"C:/Users/John/Desktop/Project X/fw_test/fw_test/Drivers/STM32L4xx_HAL_Driver/Inc/Legacy" -I"C:/Users/John/Desktop/Project X/fw_test/fw_test/Middlewares/Third_Party/FreeRTOS/Source/portable/GCC/ARM_CM4F" -I"C:/Users/John/Desktop/Project X/fw_test/fw_test/Drivers/CMSIS/Device/ST/STM32L4xx/Include" -I"C:/Users/John/Desktop/Project X/fw_test/fw_test/Middlewares/Third_Party/FatFs/src" -I"C:/Users/John/Desktop/Project X/fw_test/fw_test/Middlewares/Third_Party/FreeRTOS/Source/include" -I"C:/Users/John/Desktop/Project X/fw_test/fw_test/Middlewares/Third_Party/FreeRTOS/Source/CMSIS_RTOS" -I"C:/Users/John/Desktop/Project X/fw_test/fw_test/Drivers/CMSIS/Include"  -Og -g3 -Wall -fmessage-length=0 -ffunction-sections -c -fmessage-length=0 -MMD -MP -MF"Middlewares/Third_Party/FreeRTOS/Source/portable/GCC/ARM_CM4F/port.d" -MT"Middlewares/Third_Party/FreeRTOS/Source/portable/GCC/ARM_CM4F/port.o" -o "Middlewares/Third_Party/FreeRTOS/Source/portable/GCC/ARM_CM4F/port.o" "../Middlewares/Third_Party/FreeRTOS/Source/portable/GCC/ARM_CM4F/port.c"
Finished building: ../Middlewares/Third_Party/FreeRTOS/Source/portable/GCC/ARM_CM4F/port.c
 
Building file: ../Middlewares/Third_Party/FreeRTOS/Source/CMSIS_RTOS/cmsis_os.c
Invoking: MCU GCC Compiler
C:\Users\John\Desktop\Project X\fw_test\fw_test\Debug
arm-none-eabi-gcc -mcpu=cortex-m4 -mthumb -mfloat-abi=hard -mfpu=fpv4-sp-d16 -DUSE_HAL_DRIVER -DCODE_CORRECTION_SD '-D__weak=__attribute__((weak))' '-D__packed=__attribute__((__packed__))' -DSTM32L476xx -I"C:/Users/John/Desktop/Project X/fw_test/fw_test/Inc" -I"C:/Users/John/Desktop/Project X/fw_test/fw_test/Drivers/STM32L4xx_HAL_Driver/Inc" -I"C:/Users/John/Desktop/Project X/fw_test/fw_test/Drivers/STM32L4xx_HAL_Driver/Inc/Legacy" -I"C:/Users/John/Desktop/Project X/fw_test/fw_test/Middlewares/Third_Party/FreeRTOS/Source/portable/GCC/ARM_CM4F" -I"C:/Users/John/Desktop/Project X/fw_test/fw_test/Drivers/CMSIS/Device/ST/STM32L4xx/Include" -I"C:/Users/John/Desktop/Project X/fw_test/fw_test/Middlewares/Third_Party/FatFs/src" -I"C:/Users/John/Desktop/Project X/fw_test/fw_test/Middlewares/Third_Party/FreeRTOS/Source/include" -I"C:/Users/John/Desktop/Project X/fw_test/fw_test/Middlewares/Third_Party/FreeRTOS/Source/CMSIS_RTOS" -I"C:/Users/John/Desktop/Project X/fw_test/fw_test/Drivers/CMSIS/Include"  -Og -g3 -Wall -fmessage-length=0 -ffunction-sections -c -fmessage-length=0 -MMD -MP -MF"Middlewares/Third_Party/FreeRTOS/Source/CMSIS_RTOS/cmsis_os.d" -MT"Middlewares/Third_Party/FreeRTOS/Source/CMSIS_RTOS/cmsis_os.o" -o "Middlewares/Third_Party/FreeRTOS/Source/CMSIS_RTOS/cmsis_os.o" "../Middlewares/Third_Party/FreeRTOS/Source/CMSIS_RTOS/cmsis_os.c"
Finished building: ../Middlewares/Third_Party/FreeRTOS/Source/CMSIS_RTOS/cmsis_os.c
 
Building file: ../Middlewares/Third_Party/FreeRTOS/Source/croutine.c
Invoking: MCU GCC Compiler
C:\Users\John\Desktop\Project X\fw_test\fw_test\Debug
arm-none-eabi-gcc -mcpu=cortex-m4 -mthumb -mfloat-abi=hard -mfpu=fpv4-sp-d16 -DUSE_HAL_DRIVER -DCODE_CORRECTION_SD '-D__weak=__attribute__((weak))' '-D__packed=__attribute__((__packed__))' -DSTM32L476xx -I"C:/Users/John/Desktop/Project X/fw_test/fw_test/Inc" -I"C:/Users/John/Desktop/Project X/fw_test/fw_test/Drivers/STM32L4xx_HAL_Driver/Inc" -I"C:/Users/John/Desktop/Project X/fw_test/fw_test/Drivers/STM32L4xx_HAL_Driver/Inc/Legacy" -I"C:/Users/John/Desktop/Project X/fw_test/fw_test/Middlewares/Third_Party/FreeRTOS/Source/portable/GCC/ARM_CM4F" -I"C:/Users/John/Desktop/Project X/fw_test/fw_test/Drivers/CMSIS/Device/ST/STM32L4xx/Include" -I"C:/Users/John/Desktop/Project X/fw_test/fw_test/Middlewares/Third_Party/FatFs/src" -I"C:/Users/John/Desktop/Project X/fw_test/fw_test/Middlewares/Third_Party/FreeRTOS/Source/include" -I"C:/Users/John/Desktop/Project X/fw_test/fw_test/Middlewares/Third_Party/FreeRTOS/Source/CMSIS_RTOS" -I"C:/Users/John/Desktop/Project X/fw_test/fw_test/Drivers/CMSIS/Include"  -Og -g3 -Wall -fmessage-length=0 -ffunction-sections -c -fmessage-length=0 -MMD -MP -MF"Middlewares/Third_Party/FreeRTOS/Source/croutine.d" -MT"Middlewares/Third_Party/FreeRTOS/Source/croutine.o" -o "Middlewares/Third_Party/FreeRTOS/Source/croutine.o" "../Middlewares/Third_Party/FreeRTOS/Source/croutine.c"
Finished building: ../Middlewares/Third_Party/FreeRTOS/Source/croutine.c
 
Building file: ../Middlewares/Third_Party/FreeRTOS/Source/event_groups.c
Invoking: MCU GCC Compiler
C:\Users\John\Desktop\Project X\fw_test\fw_test\Debug
arm-none-eabi-gcc -mcpu=cortex-m4 -mthumb -mfloat-abi=hard -mfpu=fpv4-sp-d16 -DUSE_HAL_DRIVER -DCODE_CORRECTION_SD '-D__weak=__attribute__((weak))' '-D__packed=__attribute__((__packed__))' -DSTM32L476xx -I"C:/Users/John/Desktop/Project X/fw_test/fw_test/Inc" -I"C:/Users/John/Desktop/Project X/fw_test/fw_test/Drivers/STM32L4xx_HAL_Driver/Inc" -I"C:/Users/John/Desktop/Project X/fw_test/fw_test/Drivers/STM32L4xx_HAL_Driver/Inc/Legacy" -I"C:/Users/John/Desktop/Project X/fw_test/fw_test/Middlewares/Third_Party/FreeRTOS/Source/portable/GCC/ARM_CM4F" -I"C:/Users/John/Desktop/Project X/fw_test/fw_test/Drivers/CMSIS/Device/ST/STM32L4xx/Include" -I"C:/Users/John/Desktop/Project X/fw_test/fw_test/Middlewares/Third_Party/FatFs/src" -I"C:/Users/John/Desktop/Project X/fw_test/fw_test/Middlewares/Third_Party/FreeRTOS/Source/include" -I"C:/Users/John/Desktop/Project X/fw_test/fw_test/Middlewares/Third_Party/FreeRTOS/Source/CMSIS_RTOS" -I"C:/Users/John/Desktop/Project X/fw_test/fw_test/Drivers/CMSIS/Include"  -Og -g3 -Wall -fmessage-length=0 -ffunction-sections -c -fmessage-length=0 -MMD -MP -MF"Middlewares/Third_Party/FreeRTOS/Source/event_groups.d" -MT"Middlewares/Third_Party/FreeRTOS/Source/event_groups.o" -o "Middlewares/Third_Party/FreeRTOS/Source/event_groups.o" "../Middlewares/Third_Party/FreeRTOS/Source/event_groups.c"
Finished building: ../Middlewares/Third_Party/FreeRTOS/Source/event_groups.c
 
Building file: ../Middlewares/Third_Party/FreeRTOS/Source/list.c
Invoking: MCU GCC Compiler
C:\Users\John\Desktop\Project X\fw_test\fw_test\Debug
arm-none-eabi-gcc -mcpu=cortex-m4 -mthumb -mfloat-abi=hard -mfpu=fpv4-sp-d16 -DUSE_HAL_DRIVER -DCODE_CORRECTION_SD '-D__weak=__attribute__((weak))' '-D__packed=__attribute__((__packed__))' -DSTM32L476xx -I"C:/Users/John/Desktop/Project X/fw_test/fw_test/Inc" -I"C:/Users/John/Desktop/Project X/fw_test/fw_test/Drivers/STM32L4xx_HAL_Driver/Inc" -I"C:/Users/John/Desktop/Project X/fw_test/fw_test/Drivers/STM32L4xx_HAL_Driver/Inc/Legacy" -I"C:/Users/John/Desktop/Project X/fw_test/fw_test/Middlewares/Third_Party/FreeRTOS/Source/portable/GCC/ARM_CM4F" -I"C:/Users/John/Desktop/Project X/fw_test/fw_test/Drivers/CMSIS/Device/ST/STM32L4xx/Include" -I"C:/Users/John/Desktop/Project X/fw_test/fw_test/Middlewares/Third_Party/FatFs/src" -I"C:/Users/John/Desktop/Project X/fw_test/fw_test/Middlewares/Third_Party/FreeRTOS/Source/include" -I"C:/Users/John/Desktop/Project X/fw_test/fw_test/Middlewares/Third_Party/FreeRTOS/Source/CMSIS_RTOS" -I"C:/Users/John/Desktop/Project X/fw_test/fw_test/Drivers/CMSIS/Include"  -Og -g3 -Wall -fmessage-length=0 -ffunction-sections -c -fmessage-length=0 -MMD -MP -MF"Middlewares/Third_Party/FreeRTOS/Source/list.d" -MT"Middlewares/Third_Party/FreeRTOS/Source/list.o" -o "Middlewares/Third_Party/FreeRTOS/Source/list.o" "../Middlewares/Third_Party/FreeRTOS/Source/list.c"
Finished building: ../Middlewares/Third_Party/FreeRTOS/Source/list.c
 
Building file: ../Middlewares/Third_Party/FreeRTOS/Source/queue.c
Invoking: MCU GCC Compiler
C:\Users\John\Desktop\Project X\fw_test\fw_test\Debug
arm-none-eabi-gcc -mcpu=cortex-m4 -mthumb -mfloat-abi=hard -mfpu=fpv4-sp-d16 -DUSE_HAL_DRIVER -DCODE_CORRECTION_SD '-D__weak=__attribute__((weak))' '-D__packed=__attribute__((__packed__))' -DSTM32L476xx -I"C:/Users/John/Desktop/Project X/fw_test/fw_test/Inc" -I"C:/Users/John/Desktop/Project X/fw_test/fw_test/Drivers/STM32L4xx_HAL_Driver/Inc" -I"C:/Users/John/Desktop/Project X/fw_test/fw_test/Drivers/STM32L4xx_HAL_Driver/Inc/Legacy" -I"C:/Users/John/Desktop/Project X/fw_test/fw_test/Middlewares/Third_Party/FreeRTOS/Source/portable/GCC/ARM_CM4F" -I"C:/Users/John/Desktop/Project X/fw_test/fw_test/Drivers/CMSIS/Device/ST/STM32L4xx/Include" -I"C:/Users/John/Desktop/Project X/fw_test/fw_test/Middlewares/Third_Party/FatFs/src" -I"C:/Users/John/Desktop/Project X/fw_test/fw_test/Middlewares/Third_Party/FreeRTOS/Source/include" -I"C:/Users/John/Desktop/Project X/fw_test/fw_test/Middlewares/Third_Party/FreeRTOS/Source/CMSIS_RTOS" -I"C:/Users/John/Desktop/Project X/fw_test/fw_test/Drivers/CMSIS/Include"  -Og -g3 -Wall -fmessage-length=0 -ffunction-sections -c -fmessage-length=0 -MMD -MP -MF"Middlewares/Third_Party/FreeRTOS/Source/queue.d" -MT"Middlewares/Third_Party/FreeRTOS/Source/queue.o" -o "Middlewares/Third_Party/FreeRTOS/Source/queue.o" "../Middlewares/Third_Party/FreeRTOS/Source/queue.c"
Finished building: ../Middlewares/Third_Party/FreeRTOS/Source/queue.c
 
Building file: ../Middlewares/Third_Party/FreeRTOS/Source/tasks.c
Invoking: MCU GCC Compiler
C:\Users\John\Desktop\Project X\fw_test\fw_test\Debug
arm-none-eabi-gcc -mcpu=cortex-m4 -mthumb -mfloat-abi=hard -mfpu=fpv4-sp-d16 -DUSE_HAL_DRIVER -DCODE_CORRECTION_SD '-D__weak=__attribute__((weak))' '-D__packed=__attribute__((__packed__))' -DSTM32L476xx -I"C:/Users/John/Desktop/Project X/fw_test/fw_test/Inc" -I"C:/Users/John/Desktop/Project X/fw_test/fw_test/Drivers/STM32L4xx_HAL_Driver/Inc" -I"C:/Users/John/Desktop/Project X/fw_test/fw_test/Drivers/STM32L4xx_HAL_Driver/Inc/Legacy" -I"C:/Users/John/Desktop/Project X/fw_test/fw_test/Middlewares/Third_Party/FreeRTOS/Source/portable/GCC/ARM_CM4F" -I"C:/Users/John/Desktop/Project X/fw_test/fw_test/Drivers/CMSIS/Device/ST/STM32L4xx/Include" -I"C:/Users/John/Desktop/Project X/fw_test/fw_test/Middlewares/Third_Party/FatFs/src" -I"C:/Users/John/Desktop/Project X/fw_test/fw_test/Middlewares/Third_Party/FreeRTOS/Source/include" -I"C:/Users/John/Desktop/Project X/fw_test/fw_test/Middlewares/Third_Party/FreeRTOS/Source/CMSIS_RTOS" -I"C:/Users/John/Desktop/Project X/fw_test/fw_test/Drivers/CMSIS/Include"  -Og -g3 -Wall -fmessage-length=0 -ffunction-sections -c -fmessage-length=0 -MMD -MP -MF"Middlewares/Third_Party/FreeRTOS/Source/tasks.d" -MT"Middlewares/Third_Party/FreeRTOS/Source/tasks.o" -o "Middlewares/Third_Party/FreeRTOS/Source/tasks.o" "../Middlewares/Third_Party/FreeRTOS/Source/tasks.c"
Finished building: ../Middlewares/Third_Party/FreeRTOS/Source/tasks.c
 
Building file: ../Middlewares/Third_Party/FreeRTOS/Source/timers.c
Invoking: MCU GCC Compiler
C:\Users\John\Desktop\Project X\fw_test\fw_test\Debug
arm-none-eabi-gcc -mcpu=cortex-m4 -mthumb -mfloat-abi=hard -mfpu=fpv4-sp-d16 -DUSE_HAL_DRIVER -DCODE_CORRECTION_SD '-D__weak=__attribute__((weak))' '-D__packed=__attribute__((__packed__))' -DSTM32L476xx -I"C:/Users/John/Desktop/Project X/fw_test/fw_test/Inc" -I"C:/Users/John/Desktop/Project X/fw_test/fw_test/Drivers/STM32L4xx_HAL_Driver/Inc" -I"C:/Users/John/Desktop/Project X/fw_test/fw_test/Drivers/STM32L4xx_HAL_Driver/Inc/Legacy" -I"C:/Users/John/Desktop/Project X/fw_test/fw_test/Middlewares/Third_Party/FreeRTOS/Source/portable/GCC/ARM_CM4F" -I"C:/Users/John/Desktop/Project X/fw_test/fw_test/Drivers/CMSIS/Device/ST/STM32L4xx/Include" -I"C:/Users/John/Desktop/Project X/fw_test/fw_test/Middlewares/Third_Party/FatFs/src" -I"C:/Users/John/Desktop/Project X/fw_test/fw_test/Middlewares/Third_Party/FreeRTOS/Source/include" -I"C:/Users/John/Desktop/Project X/fw_test/fw_test/Middlewares/Third_Party/FreeRTOS/Source/CMSIS_RTOS" -I"C:/Users/John/Desktop/Project X/fw_test/fw_test/Drivers/CMSIS/Include"  -Og -g3 -Wall -fmessage-length=0 -ffunction-sections -c -fmessage-length=0 -MMD -MP -MF"Middlewares/Third_Party/FreeRTOS/Source/timers.d" -MT"Middlewares/Third_Party/FreeRTOS/Source/timers.o" -o "Middlewares/Third_Party/FreeRTOS/Source/timers.o" "../Middlewares/Third_Party/FreeRTOS/Source/timers.c"
Finished building: ../Middlewares/Third_Party/FreeRTOS/Source/timers.c
 
Building file: ../Middlewares/Third_Party/FatFs/src/option/ccsbcs.c
Invoking: MCU GCC Compiler
C:\Users\John\Desktop\Project X\fw_test\fw_test\Debug
arm-none-eabi-gcc -mcpu=cortex-m4 -mthumb -mfloat-abi=hard -mfpu=fpv4-sp-d16 -DUSE_HAL_DRIVER -DCODE_CORRECTION_SD '-D__weak=__attribute__((weak))' '-D__packed=__attribute__((__packed__))' -DSTM32L476xx -I"C:/Users/John/Desktop/Project X/fw_test/fw_test/Inc" -I"C:/Users/John/Desktop/Project X/fw_test/fw_test/Drivers/STM32L4xx_HAL_Driver/Inc" -I"C:/Users/John/Desktop/Project X/fw_test/fw_test/Drivers/STM32L4xx_HAL_Driver/Inc/Legacy" -I"C:/Users/John/Desktop/Project X/fw_test/fw_test/Middlewares/Third_Party/FreeRTOS/Source/portable/GCC/ARM_CM4F" -I"C:/Users/John/Desktop/Project X/fw_test/fw_test/Drivers/CMSIS/Device/ST/STM32L4xx/Include" -I"C:/Users/John/Desktop/Project X/fw_test/fw_test/Middlewares/Third_Party/FatFs/src" -I"C:/Users/John/Desktop/Project X/fw_test/fw_test/Middlewares/Third_Party/FreeRTOS/Source/include" -I"C:/Users/John/Desktop/Project X/fw_test/fw_test/Middlewares/Third_Party/FreeRTOS/Source/CMSIS_RTOS" -I"C:/Users/John/Desktop/Project X/fw_test/fw_test/Drivers/CMSIS/Include"  -Og -g3 -Wall -fmessage-length=0 -ffunction-sections -c -fmessage-length=0 -MMD -MP -MF"Middlewares/Third_Party/FatFs/src/option/ccsbcs.d" -MT"Middlewares/Third_Party/FatFs/src/option/ccsbcs.o" -o "Middlewares/Third_Party/FatFs/src/option/ccsbcs.o" "../Middlewares/Third_Party/FatFs/src/option/ccsbcs.c"
Finished building: ../Middlewares/Third_Party/FatFs/src/option/ccsbcs.c
 
Building file: ../Middlewares/Third_Party/FatFs/src/option/syscall.c
Invoking: MCU GCC Compiler
C:\Users\John\Desktop\Project X\fw_test\fw_test\Debug
arm-none-eabi-gcc -mcpu=cortex-m4 -mthumb -mfloat-abi=hard -mfpu=fpv4-sp-d16 -DUSE_HAL_DRIVER -DCODE_CORRECTION_SD '-D__weak=__attribute__((weak))' '-D__packed=__attribute__((__packed__))' -DSTM32L476xx -I"C:/Users/John/Desktop/Project X/fw_test/fw_test/Inc" -I"C:/Users/John/Desktop/Project X/fw_test/fw_test/Drivers/STM32L4xx_HAL_Driver/Inc" -I"C:/Users/John/Desktop/Project X/fw_test/fw_test/Drivers/STM32L4xx_HAL_Driver/Inc/Legacy" -I"C:/Users/John/Desktop/Project X/fw_test/fw_test/Middlewares/Third_Party/FreeRTOS/Source/portable/GCC/ARM_CM4F" -I"C:/Users/John/Desktop/Project X/fw_test/fw_test/Drivers/CMSIS/Device/ST/STM32L4xx/Include" -I"C:/Users/John/Desktop/Project X/fw_test/fw_test/Middlewares/Third_Party/FatFs/src" -I"C:/Users/John/Desktop/Project X/fw_test/fw_test/Middlewares/Third_Party/FreeRTOS/Source/include" -I"C:/Users/John/Desktop/Project X/fw_test/fw_test/Middlewares/Third_Party/FreeRTOS/Source/CMSIS_RTOS" -I"C:/Users/John/Desktop/Project X/fw_test/fw_test/Drivers/CMSIS/Include"  -Og -g3 -Wall -fmessage-length=0 -ffunction-sections -c -fmessage-length=0 -MMD -MP -MF"Middlewares/Third_Party/FatFs/src/option/syscall.d" -MT"Middlewares/Third_Party/FatFs/src/option/syscall.o" -o "Middlewares/Third_Party/FatFs/src/option/syscall.o" "../Middlewares/Third_Party/FatFs/src/option/syscall.c"
Finished building: ../Middlewares/Third_Party/FatFs/src/option/syscall.c
 
Building file: ../Middlewares/Third_Party/FatFs/src/diskio.c
Invoking: MCU GCC Compiler
C:\Users\John\Desktop\Project X\fw_test\fw_test\Debug
arm-none-eabi-gcc -mcpu=cortex-m4 -mthumb -mfloat-abi=hard -mfpu=fpv4-sp-d16 -DUSE_HAL_DRIVER -DCODE_CORRECTION_SD '-D__weak=__attribute__((weak))' '-D__packed=__attribute__((__packed__))' -DSTM32L476xx -I"C:/Users/John/Desktop/Project X/fw_test/fw_test/Inc" -I"C:/Users/John/Desktop/Project X/fw_test/fw_test/Drivers/STM32L4xx_HAL_Driver/Inc" -I"C:/Users/John/Desktop/Project X/fw_test/fw_test/Drivers/STM32L4xx_HAL_Driver/Inc/Legacy" -I"C:/Users/John/Desktop/Project X/fw_test/fw_test/Middlewares/Third_Party/FreeRTOS/Source/portable/GCC/ARM_CM4F" -I"C:/Users/John/Desktop/Project X/fw_test/fw_test/Drivers/CMSIS/Device/ST/STM32L4xx/Include" -I"C:/Users/John/Desktop/Project X/fw_test/fw_test/Middlewares/Third_Party/FatFs/src" -I"C:/Users/John/Desktop/Project X/fw_test/fw_test/Middlewares/Third_Party/FreeRTOS/Source/include" -I"C:/Users/John/Desktop/Project X/fw_test/fw_test/Middlewares/Third_Party/FreeRTOS/Source/CMSIS_RTOS" -I"C:/Users/John/Desktop/Project X/fw_test/fw_test/Drivers/CMSIS/Include"  -Og -g3 -Wall -fmessage-length=0 -ffunction-sections -c -fmessage-length=0 -MMD -MP -MF"Middlewares/Third_Party/FatFs/src/diskio.d" -MT"Middlewares/Third_Party/FatFs/src/diskio.o" -o "Middlewares/Third_Party/FatFs/src/diskio.o" "../Middlewares/Third_Party/FatFs/src/diskio.c"
Finished building: ../Middlewares/Third_Party/FatFs/src/diskio.c
 
Building file: ../Middlewares/Third_Party/FatFs/src/ff.c
Invoking: MCU GCC Compiler
C:\Users\John\Desktop\Project X\fw_test\fw_test\Debug
arm-none-eabi-gcc -mcpu=cortex-m4 -mthumb -mfloat-abi=hard -mfpu=fpv4-sp-d16 -DUSE_HAL_DRIVER -DCODE_CORRECTION_SD '-D__weak=__attribute__((weak))' '-D__packed=__attribute__((__packed__))' -DSTM32L476xx -I"C:/Users/John/Desktop/Project X/fw_test/fw_test/Inc" -I"C:/Users/John/Desktop/Project X/fw_test/fw_test/Drivers/STM32L4xx_HAL_Driver/Inc" -I"C:/Users/John/Desktop/Project X/fw_test/fw_test/Drivers/STM32L4xx_HAL_Driver/Inc/Legacy" -I"C:/Users/John/Desktop/Project X/fw_test/fw_test/Middlewares/Third_Party/FreeRTOS/Source/portable/GCC/ARM_CM4F" -I"C:/Users/John/Desktop/Project X/fw_test/fw_test/Drivers/CMSIS/Device/ST/STM32L4xx/Include" -I"C:/Users/John/Desktop/Project X/fw_test/fw_test/Middlewares/Third_Party/FatFs/src" -I"C:/Users/John/Desktop/Project X/fw_test/fw_test/Middlewares/Third_Party/FreeRTOS/Source/include" -I"C:/Users/John/Desktop/Project X/fw_test/fw_test/Middlewares/Third_Party/FreeRTOS/Source/CMSIS_RTOS" -I"C:/Users/John/Desktop/Project X/fw_test/fw_test/Drivers/CMSIS/Include"  -Og -g3 -Wall -fmessage-length=0 -ffunction-sections -c -fmessage-length=0 -MMD -MP -MF"Middlewares/Third_Party/FatFs/src/ff.d" -MT"Middlewares/Third_Party/FatFs/src/ff.o" -o "Middlewares/Third_Party/FatFs/src/ff.o" "../Middlewares/Third_Party/FatFs/src/ff.c"
Finished building: ../Middlewares/Third_Party/FatFs/src/ff.c
 
Building file: ../Middlewares/Third_Party/FatFs/src/ff_gen_drv.c
Invoking: MCU GCC Compiler
C:\Users\John\Desktop\Project X\fw_test\fw_test\Debug
arm-none-eabi-gcc -mcpu=cortex-m4 -mthumb -mfloat-abi=hard -mfpu=fpv4-sp-d16 -DUSE_HAL_DRIVER -DCODE_CORRECTION_SD '-D__weak=__attribute__((weak))' '-D__packed=__attribute__((__packed__))' -DSTM32L476xx -I"C:/Users/John/Desktop/Project X/fw_test/fw_test/Inc" -I"C:/Users/John/Desktop/Project X/fw_test/fw_test/Drivers/STM32L4xx_HAL_Driver/Inc" -I"C:/Users/John/Desktop/Project X/fw_test/fw_test/Drivers/STM32L4xx_HAL_Driver/Inc/Legacy" -I"C:/Users/John/Desktop/Project X/fw_test/fw_test/Middlewares/Third_Party/FreeRTOS/Source/portable/GCC/ARM_CM4F" -I"C:/Users/John/Desktop/Project X/fw_test/fw_test/Drivers/CMSIS/Device/ST/STM32L4xx/Include" -I"C:/Users/John/Desktop/Project X/fw_test/fw_test/Middlewares/Third_Party/FatFs/src" -I"C:/Users/John/Desktop/Project X/fw_test/fw_test/Middlewares/Third_Party/FreeRTOS/Source/include" -I"C:/Users/John/Desktop/Project X/fw_test/fw_test/Middlewares/Third_Party/FreeRTOS/Source/CMSIS_RTOS" -I"C:/Users/John/Desktop/Project X/fw_test/fw_test/Drivers/CMSIS/Include"  -Og -g3 -Wall -fmessage-length=0 -ffunction-sections -c -fmessage-length=0 -MMD -MP -MF"Middlewares/Third_Party/FatFs/src/ff_gen_drv.d" -MT"Middlewares/Third_Party/FatFs/src/ff_gen_drv.o" -o "Middlewares/Third_Party/FatFs/src/ff_gen_drv.o" "../Middlewares/Third_Party/FatFs/src/ff_gen_drv.c"
Finished building: ../Middlewares/Third_Party/FatFs/src/ff_gen_drv.c
 
Building file: ../Drivers/STM32L4xx_HAL_Driver/Src/stm32l4xx_hal.c
Invoking: MCU GCC Compiler
C:\Users\John\Desktop\Project X\fw_test\fw_test\Debug
arm-none-eabi-gcc -mcpu=cortex-m4 -mthumb -mfloat-abi=hard -mfpu=fpv4-sp-d16 -DUSE_HAL_DRIVER -DCODE_CORRECTION_SD '-D__weak=__attribute__((weak))' '-D__packed=__attribute__((__packed__))' -DSTM32L476xx -I"C:/Users/John/Desktop/Project X/fw_test/fw_test/Inc" -I"C:/Users/John/Desktop/Project X/fw_test/fw_test/Drivers/STM32L4xx_HAL_Driver/Inc" -I"C:/Users/John/Desktop/Project X/fw_test/fw_test/Drivers/STM32L4xx_HAL_Driver/Inc/Legacy" -I"C:/Users/John/Desktop/Project X/fw_test/fw_test/Middlewares/Third_Party/FreeRTOS/Source/portable/GCC/ARM_CM4F" -I"C:/Users/John/Desktop/Project X/fw_test/fw_test/Drivers/CMSIS/Device/ST/STM32L4xx/Include" -I"C:/Users/John/Desktop/Project X/fw_test/fw_test/Middlewares/Third_Party/FatFs/src" -I"C:/Users/John/Desktop/Project X/fw_test/fw_test/Middlewares/Third_Party/FreeRTOS/Source/include" -I"C:/Users/John/Desktop/Project X/fw_test/fw_test/Middlewares/Third_Party/FreeRTOS/Source/CMSIS_RTOS" -I"C:/Users/John/Desktop/Project X/fw_test/fw_test/Drivers/CMSIS/Include"  -Og -g3 -Wall -fmessage-length=0 -ffunction-sections -c -fmessage-length=0 -MMD -MP -MF"Drivers/STM32L4xx_HAL_Driver/Src/stm32l4xx_hal.d" -MT"Drivers/STM32L4xx_HAL_Driver/Src/stm32l4xx_hal.o" -o "Drivers/STM32L4xx_HAL_Driver/Src/stm32l4xx_hal.o" "../Drivers/STM32L4xx_HAL_Driver/Src/stm32l4xx_hal.c"
Finished building: ../Drivers/STM32L4xx_HAL_Driver/Src/stm32l4xx_hal.c
 
Building file: ../Drivers/STM32L4xx_HAL_Driver/Src/stm32l4xx_hal_cortex.c
Invoking: MCU GCC Compiler
C:\Users\John\Desktop\Project X\fw_test\fw_test\Debug
arm-none-eabi-gcc -mcpu=cortex-m4 -mthumb -mfloat-abi=hard -mfpu=fpv4-sp-d16 -DUSE_HAL_DRIVER -DCODE_CORRECTION_SD '-D__weak=__attribute__((weak))' '-D__packed=__attribute__((__packed__))' -DSTM32L476xx -I"C:/Users/John/Desktop/Project X/fw_test/fw_test/Inc" -I"C:/Users/John/Desktop/Project X/fw_test/fw_test/Drivers/STM32L4xx_HAL_Driver/Inc" -I"C:/Users/John/Desktop/Project X/fw_test/fw_test/Drivers/STM32L4xx_HAL_Driver/Inc/Legacy" -I"C:/Users/John/Desktop/Project X/fw_test/fw_test/Middlewares/Third_Party/FreeRTOS/Source/portable/GCC/ARM_CM4F" -I"C:/Users/John/Desktop/Project X/fw_test/fw_test/Drivers/CMSIS/Device/ST/STM32L4xx/Include" -I"C:/Users/John/Desktop/Project X/fw_test/fw_test/Middlewares/Third_Party/FatFs/src" -I"C:/Users/John/Desktop/Project X/fw_test/fw_test/Middlewares/Third_Party/FreeRTOS/Source/include" -I"C:/Users/John/Desktop/Project X/fw_test/fw_test/Middlewares/Third_Party/FreeRTOS/Source/CMSIS_RTOS" -I"C:/Users/John/Desktop/Project X/fw_test/fw_test/Drivers/CMSIS/Include"  -Og -g3 -Wall -fmessage-length=0 -ffunction-sections -c -fmessage-length=0 -MMD -MP -MF"Drivers/STM32L4xx_HAL_Driver/Src/stm32l4xx_hal_cortex.d" -MT"Drivers/STM32L4xx_HAL_Driver/Src/stm32l4xx_hal_cortex.o" -o "Drivers/STM32L4xx_HAL_Driver/Src/stm32l4xx_hal_cortex.o" "../Drivers/STM32L4xx_HAL_Driver/Src/stm32l4xx_hal_cortex.c"
Finished building: ../Drivers/STM32L4xx_HAL_Driver/Src/stm32l4xx_hal_cortex.c
 
Building file: ../Drivers/STM32L4xx_HAL_Driver/Src/stm32l4xx_hal_dma.c
Invoking: MCU GCC Compiler
C:\Users\John\Desktop\Project X\fw_test\fw_test\Debug
arm-none-eabi-gcc -mcpu=cortex-m4 -mthumb -mfloat-abi=hard -mfpu=fpv4-sp-d16 -DUSE_HAL_DRIVER -DCODE_CORRECTION_SD '-D__weak=__attribute__((weak))' '-D__packed=__attribute__((__packed__))' -DSTM32L476xx -I"C:/Users/John/Desktop/Project X/fw_test/fw_test/Inc" -I"C:/Users/John/Desktop/Project X/fw_test/fw_test/Drivers/STM32L4xx_HAL_Driver/Inc" -I"C:/Users/John/Desktop/Project X/fw_test/fw_test/Drivers/STM32L4xx_HAL_Driver/Inc/Legacy" -I"C:/Users/John/Desktop/Project X/fw_test/fw_test/Middlewares/Third_Party/FreeRTOS/Source/portable/GCC/ARM_CM4F" -I"C:/Users/John/Desktop/Project X/fw_test/fw_test/Drivers/CMSIS/Device/ST/STM32L4xx/Include" -I"C:/Users/John/Desktop/Project X/fw_test/fw_test/Middlewares/Third_Party/FatFs/src" -I"C:/Users/John/Desktop/Project X/fw_test/fw_test/Middlewares/Third_Party/FreeRTOS/Source/include" -I"C:/Users/John/Desktop/Project X/fw_test/fw_test/Middlewares/Third_Party/FreeRTOS/Source/CMSIS_RTOS" -I"C:/Users/John/Desktop/Project X/fw_test/fw_test/Drivers/CMSIS/Include"  -Og -g3 -Wall -fmessage-length=0 -ffunction-sections -c -fmessage-length=0 -MMD -MP -MF"Drivers/STM32L4xx_HAL_Driver/Src/stm32l4xx_hal_dma.d" -MT"Drivers/STM32L4xx_HAL_Driver/Src/stm32l4xx_hal_dma.o" -o "Drivers/STM32L4xx_HAL_Driver/Src/stm32l4xx_hal_dma.o" "../Drivers/STM32L4xx_HAL_Driver/Src/stm32l4xx_hal_dma.c"
Finished building: ../Drivers/STM32L4xx_HAL_Driver/Src/stm32l4xx_hal_dma.c
 
Building file: ../Drivers/STM32L4xx_HAL_Driver/Src/stm32l4xx_hal_dma_ex.c
Invoking: MCU GCC Compiler
C:\Users\John\Desktop\Project X\fw_test\fw_test\Debug
arm-none-eabi-gcc -mcpu=cortex-m4 -mthumb -mfloat-abi=hard -mfpu=fpv4-sp-d16 -DUSE_HAL_DRIVER -DCODE_CORRECTION_SD '-D__weak=__attribute__((weak))' '-D__packed=__attribute__((__packed__))' -DSTM32L476xx -I"C:/Users/John/Desktop/Project X/fw_test/fw_test/Inc" -I"C:/Users/John/Desktop/Project X/fw_test/fw_test/Drivers/STM32L4xx_HAL_Driver/Inc" -I"C:/Users/John/Desktop/Project X/fw_test/fw_test/Drivers/STM32L4xx_HAL_Driver/Inc/Legacy" -I"C:/Users/John/Desktop/Project X/fw_test/fw_test/Middlewares/Third_Party/FreeRTOS/Source/portable/GCC/ARM_CM4F" -I"C:/Users/John/Desktop/Project X/fw_test/fw_test/Drivers/CMSIS/Device/ST/STM32L4xx/Include" -I"C:/Users/John/Desktop/Project X/fw_test/fw_test/Middlewares/Third_Party/FatFs/src" -I"C:/Users/John/Desktop/Project X/fw_test/fw_test/Middlewares/Third_Party/FreeRTOS/Source/include" -I"C:/Users/John/Desktop/Project X/fw_test/fw_test/Middlewares/Third_Party/FreeRTOS/Source/CMSIS_RTOS" -I"C:/Users/John/Desktop/Project X/fw_test/fw_test/Drivers/CMSIS/Include"  -Og -g3 -Wall -fmessage-length=0 -ffunction-sections -c -fmessage-length=0 -MMD -MP -MF"Drivers/STM32L4xx_HAL_Driver/Src/stm32l4xx_hal_dma_ex.d" -MT"Drivers/STM32L4xx_HAL_Driver/Src/stm32l4xx_hal_dma_ex.o" -o "Drivers/STM32L4xx_HAL_Driver/Src/stm32l4xx_hal_dma_ex.o" "../Drivers/STM32L4xx_HAL_Driver/Src/stm32l4xx_hal_dma_ex.c"
Finished building: ../Drivers/STM32L4xx_HAL_Driver/Src/stm32l4xx_hal_dma_ex.c
 
Building file: ../Drivers/STM32L4xx_HAL_Driver/Src/stm32l4xx_hal_flash.c
Invoking: MCU GCC Compiler
C:\Users\John\Desktop\Project X\fw_test\fw_test\Debug
arm-none-eabi-gcc -mcpu=cortex-m4 -mthumb -mfloat-abi=hard -mfpu=fpv4-sp-d16 -DUSE_HAL_DRIVER -DCODE_CORRECTION_SD '-D__weak=__attribute__((weak))' '-D__packed=__attribute__((__packed__))' -DSTM32L476xx -I"C:/Users/John/Desktop/Project X/fw_test/fw_test/Inc" -I"C:/Users/John/Desktop/Project X/fw_test/fw_test/Drivers/STM32L4xx_HAL_Driver/Inc" -I"C:/Users/John/Desktop/Project X/fw_test/fw_test/Drivers/STM32L4xx_HAL_Driver/Inc/Legacy" -I"C:/Users/John/Desktop/Project X/fw_test/fw_test/Middlewares/Third_Party/FreeRTOS/Source/portable/GCC/ARM_CM4F" -I"C:/Users/John/Desktop/Project X/fw_test/fw_test/Drivers/CMSIS/Device/ST/STM32L4xx/Include" -I"C:/Users/John/Desktop/Project X/fw_test/fw_test/Middlewares/Third_Party/FatFs/src" -I"C:/Users/John/Desktop/Project X/fw_test/fw_test/Middlewares/Third_Party/FreeRTOS/Source/include" -I"C:/Users/John/Desktop/Project X/fw_test/fw_test/Middlewares/Third_Party/FreeRTOS/Source/CMSIS_RTOS" -I"C:/Users/John/Desktop/Project X/fw_test/fw_test/Drivers/CMSIS/Include"  -Og -g3 -Wall -fmessage-length=0 -ffunction-sections -c -fmessage-length=0 -MMD -MP -MF"Drivers/STM32L4xx_HAL_Driver/Src/stm32l4xx_hal_flash.d" -MT"Drivers/STM32L4xx_HAL_Driver/Src/stm32l4xx_hal_flash.o" -o "Drivers/STM32L4xx_HAL_Driver/Src/stm32l4xx_hal_flash.o" "../Drivers/STM32L4xx_HAL_Driver/Src/stm32l4xx_hal_flash.c"
Finished building: ../Drivers/STM32L4xx_HAL_Driver/Src/stm32l4xx_hal_flash.c
 
Building file: ../Drivers/STM32L4xx_HAL_Driver/Src/stm32l4xx_hal_flash_ex.c
Invoking: MCU GCC Compiler
C:\Users\John\Desktop\Project X\fw_test\fw_test\Debug
arm-none-eabi-gcc -mcpu=cortex-m4 -mthumb -mfloat-abi=hard -mfpu=fpv4-sp-d16 -DUSE_HAL_DRIVER -DCODE_CORRECTION_SD '-D__weak=__attribute__((weak))' '-D__packed=__attribute__((__packed__))' -DSTM32L476xx -I"C:/Users/John/Desktop/Project X/fw_test/fw_test/Inc" -I"C:/Users/John/Desktop/Project X/fw_test/fw_test/Drivers/STM32L4xx_HAL_Driver/Inc" -I"C:/Users/John/Desktop/Project X/fw_test/fw_test/Drivers/STM32L4xx_HAL_Driver/Inc/Legacy" -I"C:/Users/John/Desktop/Project X/fw_test/fw_test/Middlewares/Third_Party/FreeRTOS/Source/portable/GCC/ARM_CM4F" -I"C:/Users/John/Desktop/Project X/fw_test/fw_test/Drivers/CMSIS/Device/ST/STM32L4xx/Include" -I"C:/Users/John/Desktop/Project X/fw_test/fw_test/Middlewares/Third_Party/FatFs/src" -I"C:/Users/John/Desktop/Project X/fw_test/fw_test/Middlewares/Third_Party/FreeRTOS/Source/include" -I"C:/Users/John/Desktop/Project X/fw_test/fw_test/Middlewares/Third_Party/FreeRTOS/Source/CMSIS_RTOS" -I"C:/Users/John/Desktop/Project X/fw_test/fw_test/Drivers/CMSIS/Include"  -Og -g3 -Wall -fmessage-length=0 -ffunction-sections -c -fmessage-length=0 -MMD -MP -MF"Drivers/STM32L4xx_HAL_Driver/Src/stm32l4xx_hal_flash_ex.d" -MT"Drivers/STM32L4xx_HAL_Driver/Src/stm32l4xx_hal_flash_ex.o" -o "Drivers/STM32L4xx_HAL_Driver/Src/stm32l4xx_hal_flash_ex.o" "../Drivers/STM32L4xx_HAL_Driver/Src/stm32l4xx_hal_flash_ex.c"
Finished building: ../Drivers/STM32L4xx_HAL_Driver/Src/stm32l4xx_hal_flash_ex.c
 
Building file: ../Drivers/STM32L4xx_HAL_Driver/Src/stm32l4xx_hal_flash_ramfunc.c
Invoking: MCU GCC Compiler
C:\Users\John\Desktop\Project X\fw_test\fw_test\Debug
arm-none-eabi-gcc -mcpu=cortex-m4 -mthumb -mfloat-abi=hard -mfpu=fpv4-sp-d16 -DUSE_HAL_DRIVER -DCODE_CORRECTION_SD '-D__weak=__attribute__((weak))' '-D__packed=__attribute__((__packed__))' -DSTM32L476xx -I"C:/Users/John/Desktop/Project X/fw_test/fw_test/Inc" -I"C:/Users/John/Desktop/Project X/fw_test/fw_test/Drivers/STM32L4xx_HAL_Driver/Inc" -I"C:/Users/John/Desktop/Project X/fw_test/fw_test/Drivers/STM32L4xx_HAL_Driver/Inc/Legacy" -I"C:/Users/John/Desktop/Project X/fw_test/fw_test/Middlewares/Third_Party/FreeRTOS/Source/portable/GCC/ARM_CM4F" -I"C:/Users/John/Desktop/Project X/fw_test/fw_test/Drivers/CMSIS/Device/ST/STM32L4xx/Include" -I"C:/Users/John/Desktop/Project X/fw_test/fw_test/Middlewares/Third_Party/FatFs/src" -I"C:/Users/John/Desktop/Project X/fw_test/fw_test/Middlewares/Third_Party/FreeRTOS/Source/include" -I"C:/Users/John/Desktop/Project X/fw_test/fw_test/Middlewares/Third_Party/FreeRTOS/Source/CMSIS_RTOS" -I"C:/Users/John/Desktop/Project X/fw_test/fw_test/Drivers/CMSIS/Include"  -Og -g3 -Wall -fmessage-length=0 -ffunction-sections -c -fmessage-length=0 -MMD -MP -MF"Drivers/STM32L4xx_HAL_Driver/Src/stm32l4xx_hal_flash_ramfunc.d" -MT"Drivers/STM32L4xx_HAL_Driver/Src/stm32l4xx_hal_flash_ramfunc.o" -o "Drivers/STM32L4xx_HAL_Driver/Src/stm32l4xx_hal_flash_ramfunc.o" "../Drivers/STM32L4xx_HAL_Driver/Src/stm32l4xx_hal_flash_ramfunc.c"
Finished building: ../Drivers/STM32L4xx_HAL_Driver/Src/stm32l4xx_hal_flash_ramfunc.c
 
Building file: ../Drivers/STM32L4xx_HAL_Driver/Src/stm32l4xx_hal_gpio.c
Invoking: MCU GCC Compiler
C:\Users\John\Desktop\Project X\fw_test\fw_test\Debug
arm-none-eabi-gcc -mcpu=cortex-m4 -mthumb -mfloat-abi=hard -mfpu=fpv4-sp-d16 -DUSE_HAL_DRIVER -DCODE_CORRECTION_SD '-D__weak=__attribute__((weak))' '-D__packed=__attribute__((__packed__))' -DSTM32L476xx -I"C:/Users/John/Desktop/Project X/fw_test/fw_test/Inc" -I"C:/Users/John/Desktop/Project X/fw_test/fw_test/Drivers/STM32L4xx_HAL_Driver/Inc" -I"C:/Users/John/Desktop/Project X/fw_test/fw_test/Drivers/STM32L4xx_HAL_Driver/Inc/Legacy" -I"C:/Users/John/Desktop/Project X/fw_test/fw_test/Middlewares/Third_Party/FreeRTOS/Source/portable/GCC/ARM_CM4F" -I"C:/Users/John/Desktop/Project X/fw_test/fw_test/Drivers/CMSIS/Device/ST/STM32L4xx/Include" -I"C:/Users/John/Desktop/Project X/fw_test/fw_test/Middlewares/Third_Party/FatFs/src" -I"C:/Users/John/Desktop/Project X/fw_test/fw_test/Middlewares/Third_Party/FreeRTOS/Source/include" -I"C:/Users/John/Desktop/Project X/fw_test/fw_test/Middlewares/Third_Party/FreeRTOS/Source/CMSIS_RTOS" -I"C:/Users/John/Desktop/Project X/fw_test/fw_test/Drivers/CMSIS/Include"  -Og -g3 -Wall -fmessage-length=0 -ffunction-sections -c -fmessage-length=0 -MMD -MP -MF"Drivers/STM32L4xx_HAL_Driver/Src/stm32l4xx_hal_gpio.d" -MT"Drivers/STM32L4xx_HAL_Driver/Src/stm32l4xx_hal_gpio.o" -o "Drivers/STM32L4xx_HAL_Driver/Src/stm32l4xx_hal_gpio.o" "../Drivers/STM32L4xx_HAL_Driver/Src/stm32l4xx_hal_gpio.c"
Finished building: ../Drivers/STM32L4xx_HAL_Driver/Src/stm32l4xx_hal_gpio.c
 
Building file: ../Drivers/STM32L4xx_HAL_Driver/Src/stm32l4xx_hal_i2c.c
Invoking: MCU GCC Compiler
C:\Users\John\Desktop\Project X\fw_test\fw_test\Debug
arm-none-eabi-gcc -mcpu=cortex-m4 -mthumb -mfloat-abi=hard -mfpu=fpv4-sp-d16 -DUSE_HAL_DRIVER -DCODE_CORRECTION_SD '-D__weak=__attribute__((weak))' '-D__packed=__attribute__((__packed__))' -DSTM32L476xx -I"C:/Users/John/Desktop/Project X/fw_test/fw_test/Inc" -I"C:/Users/John/Desktop/Project X/fw_test/fw_test/Drivers/STM32L4xx_HAL_Driver/Inc" -I"C:/Users/John/Desktop/Project X/fw_test/fw_test/Drivers/STM32L4xx_HAL_Driver/Inc/Legacy" -I"C:/Users/John/Desktop/Project X/fw_test/fw_test/Middlewares/Third_Party/FreeRTOS/Source/portable/GCC/ARM_CM4F" -I"C:/Users/John/Desktop/Project X/fw_test/fw_test/Drivers/CMSIS/Device/ST/STM32L4xx/Include" -I"C:/Users/John/Desktop/Project X/fw_test/fw_test/Middlewares/Third_Party/FatFs/src" -I"C:/Users/John/Desktop/Project X/fw_test/fw_test/Middlewares/Third_Party/FreeRTOS/Source/include" -I"C:/Users/John/Desktop/Project X/fw_test/fw_test/Middlewares/Third_Party/FreeRTOS/Source/CMSIS_RTOS" -I"C:/Users/John/Desktop/Project X/fw_test/fw_test/Drivers/CMSIS/Include"  -Og -g3 -Wall -fmessage-length=0 -ffunction-sections -c -fmessage-length=0 -MMD -MP -MF"Drivers/STM32L4xx_HAL_Driver/Src/stm32l4xx_hal_i2c.d" -MT"Drivers/STM32L4xx_HAL_Driver/Src/stm32l4xx_hal_i2c.o" -o "Drivers/STM32L4xx_HAL_Driver/Src/stm32l4xx_hal_i2c.o" "../Drivers/STM32L4xx_HAL_Driver/Src/stm32l4xx_hal_i2c.c"
Finished building: ../Drivers/STM32L4xx_HAL_Driver/Src/stm32l4xx_hal_i2c.c
 
Building file: ../Drivers/STM32L4xx_HAL_Driver/Src/stm32l4xx_hal_i2c_ex.c
Invoking: MCU GCC Compiler
C:\Users\John\Desktop\Project X\fw_test\fw_test\Debug
arm-none-eabi-gcc -mcpu=cortex-m4 -mthumb -mfloat-abi=hard -mfpu=fpv4-sp-d16 -DUSE_HAL_DRIVER -DCODE_CORRECTION_SD '-D__weak=__attribute__((weak))' '-D__packed=__attribute__((__packed__))' -DSTM32L476xx -I"C:/Users/John/Desktop/Project X/fw_test/fw_test/Inc" -I"C:/Users/John/Desktop/Project X/fw_test/fw_test/Drivers/STM32L4xx_HAL_Driver/Inc" -I"C:/Users/John/Desktop/Project X/fw_test/fw_test/Drivers/STM32L4xx_HAL_Driver/Inc/Legacy" -I"C:/Users/John/Desktop/Project X/fw_test/fw_test/Middlewares/Third_Party/FreeRTOS/Source/portable/GCC/ARM_CM4F" -I"C:/Users/John/Desktop/Project X/fw_test/fw_test/Drivers/CMSIS/Device/ST/STM32L4xx/Include" -I"C:/Users/John/Desktop/Project X/fw_test/fw_test/Middlewares/Third_Party/FatFs/src" -I"C:/Users/John/Desktop/Project X/fw_test/fw_test/Middlewares/Third_Party/FreeRTOS/Source/include" -I"C:/Users/John/Desktop/Project X/fw_test/fw_test/Middlewares/Third_Party/FreeRTOS/Source/CMSIS_RTOS" -I"C:/Users/John/Desktop/Project X/fw_test/fw_test/Drivers/CMSIS/Include"  -Og -g3 -Wall -fmessage-length=0 -ffunction-sections -c -fmessage-length=0 -MMD -MP -MF"Drivers/STM32L4xx_HAL_Driver/Src/stm32l4xx_hal_i2c_ex.d" -MT"Drivers/STM32L4xx_HAL_Driver/Src/stm32l4xx_hal_i2c_ex.o" -o "Drivers/STM32L4xx_HAL_Driver/Src/stm32l4xx_hal_i2c_ex.o" "../Drivers/STM32L4xx_HAL_Driver/Src/stm32l4xx_hal_i2c_ex.c"
Finished building: ../Drivers/STM32L4xx_HAL_Driver/Src/stm32l4xx_hal_i2c_ex.c
 
Building file: ../Drivers/STM32L4xx_HAL_Driver/Src/stm32l4xx_hal_pwr.c
Invoking: MCU GCC Compiler
C:\Users\John\Desktop\Project X\fw_test\fw_test\Debug
arm-none-eabi-gcc -mcpu=cortex-m4 -mthumb -mfloat-abi=hard -mfpu=fpv4-sp-d16 -DUSE_HAL_DRIVER -DCODE_CORRECTION_SD '-D__weak=__attribute__((weak))' '-D__packed=__attribute__((__packed__))' -DSTM32L476xx -I"C:/Users/John/Desktop/Project X/fw_test/fw_test/Inc" -I"C:/Users/John/Desktop/Project X/fw_test/fw_test/Drivers/STM32L4xx_HAL_Driver/Inc" -I"C:/Users/John/Desktop/Project X/fw_test/fw_test/Drivers/STM32L4xx_HAL_Driver/Inc/Legacy" -I"C:/Users/John/Desktop/Project X/fw_test/fw_test/Middlewares/Third_Party/FreeRTOS/Source/portable/GCC/ARM_CM4F" -I"C:/Users/John/Desktop/Project X/fw_test/fw_test/Drivers/CMSIS/Device/ST/STM32L4xx/Include" -I"C:/Users/John/Desktop/Project X/fw_test/fw_test/Middlewares/Third_Party/FatFs/src" -I"C:/Users/John/Desktop/Project X/fw_test/fw_test/Middlewares/Third_Party/FreeRTOS/Source/include" -I"C:/Users/John/Desktop/Project X/fw_test/fw_test/Middlewares/Third_Party/FreeRTOS/Source/CMSIS_RTOS" -I"C:/Users/John/Desktop/Project X/fw_test/fw_test/Drivers/CMSIS/Include"  -Og -g3 -Wall -fmessage-length=0 -ffunction-sections -c -fmessage-length=0 -MMD -MP -MF"Drivers/STM32L4xx_HAL_Driver/Src/stm32l4xx_hal_pwr.d" -MT"Drivers/STM32L4xx_HAL_Driver/Src/stm32l4xx_hal_pwr.o" -o "Drivers/STM32L4xx_HAL_Driver/Src/stm32l4xx_hal_pwr.o" "../Drivers/STM32L4xx_HAL_Driver/Src/stm32l4xx_hal_pwr.c"
Finished building: ../Drivers/STM32L4xx_HAL_Driver/Src/stm32l4xx_hal_pwr.c
 
Building file: ../Drivers/STM32L4xx_HAL_Driver/Src/stm32l4xx_hal_pwr_ex.c
Invoking: MCU GCC Compiler
C:\Users\John\Desktop\Project X\fw_test\fw_test\Debug
arm-none-eabi-gcc -mcpu=cortex-m4 -mthumb -mfloat-abi=hard -mfpu=fpv4-sp-d16 -DUSE_HAL_DRIVER -DCODE_CORRECTION_SD '-D__weak=__attribute__((weak))' '-D__packed=__attribute__((__packed__))' -DSTM32L476xx -I"C:/Users/John/Desktop/Project X/fw_test/fw_test/Inc" -I"C:/Users/John/Desktop/Project X/fw_test/fw_test/Drivers/STM32L4xx_HAL_Driver/Inc" -I"C:/Users/John/Desktop/Project X/fw_test/fw_test/Drivers/STM32L4xx_HAL_Driver/Inc/Legacy" -I"C:/Users/John/Desktop/Project X/fw_test/fw_test/Middlewares/Third_Party/FreeRTOS/Source/portable/GCC/ARM_CM4F" -I"C:/Users/John/Desktop/Project X/fw_test/fw_test/Drivers/CMSIS/Device/ST/STM32L4xx/Include" -I"C:/Users/John/Desktop/Project X/fw_test/fw_test/Middlewares/Third_Party/FatFs/src" -I"C:/Users/John/Desktop/Project X/fw_test/fw_test/Middlewares/Third_Party/FreeRTOS/Source/include" -I"C:/Users/John/Desktop/Project X/fw_test/fw_test/Middlewares/Third_Party/FreeRTOS/Source/CMSIS_RTOS" -I"C:/Users/John/Desktop/Project X/fw_test/fw_test/Drivers/CMSIS/Include"  -Og -g3 -Wall -fmessage-length=0 -ffunction-sections -c -fmessage-length=0 -MMD -MP -MF"Drivers/STM32L4xx_HAL_Driver/Src/stm32l4xx_hal_pwr_ex.d" -MT"Drivers/STM32L4xx_HAL_Driver/Src/stm32l4xx_hal_pwr_ex.o" -o "Drivers/STM32L4xx_HAL_Driver/Src/stm32l4xx_hal_pwr_ex.o" "../Drivers/STM32L4xx_HAL_Driver/Src/stm32l4xx_hal_pwr_ex.c"
Finished building: ../Drivers/STM32L4xx_HAL_Driver/Src/stm32l4xx_hal_pwr_ex.c
 
Building file: ../Drivers/STM32L4xx_HAL_Driver/Src/stm32l4xx_hal_rcc.c
Invoking: MCU GCC Compiler
C:\Users\John\Desktop\Project X\fw_test\fw_test\Debug
arm-none-eabi-gcc -mcpu=cortex-m4 -mthumb -mfloat-abi=hard -mfpu=fpv4-sp-d16 -DUSE_HAL_DRIVER -DCODE_CORRECTION_SD '-D__weak=__attribute__((weak))' '-D__packed=__attribute__((__packed__))' -DSTM32L476xx -I"C:/Users/John/Desktop/Project X/fw_test/fw_test/Inc" -I"C:/Users/John/Desktop/Project X/fw_test/fw_test/Drivers/STM32L4xx_HAL_Driver/Inc" -I"C:/Users/John/Desktop/Project X/fw_test/fw_test/Drivers/STM32L4xx_HAL_Driver/Inc/Legacy" -I"C:/Users/John/Desktop/Project X/fw_test/fw_test/Middlewares/Third_Party/FreeRTOS/Source/portable/GCC/ARM_CM4F" -I"C:/Users/John/Desktop/Project X/fw_test/fw_test/Drivers/CMSIS/Device/ST/STM32L4xx/Include" -I"C:/Users/John/Desktop/Project X/fw_test/fw_test/Middlewares/Third_Party/FatFs/src" -I"C:/Users/John/Desktop/Project X/fw_test/fw_test/Middlewares/Third_Party/FreeRTOS/Source/include" -I"C:/Users/John/Desktop/Project X/fw_test/fw_test/Middlewares/Third_Party/FreeRTOS/Source/CMSIS_RTOS" -I"C:/Users/John/Desktop/Project X/fw_test/fw_test/Drivers/CMSIS/Include"  -Og -g3 -Wall -fmessage-length=0 -ffunction-sections -c -fmessage-length=0 -MMD -MP -MF"Drivers/STM32L4xx_HAL_Driver/Src/stm32l4xx_hal_rcc.d" -MT"Drivers/STM32L4xx_HAL_Driver/Src/stm32l4xx_hal_rcc.o" -o "Drivers/STM32L4xx_HAL_Driver/Src/stm32l4xx_hal_rcc.o" "../Drivers/STM32L4xx_HAL_Driver/Src/stm32l4xx_hal_rcc.c"
Finished building: ../Drivers/STM32L4xx_HAL_Driver/Src/stm32l4xx_hal_rcc.c
 
Building file: ../Drivers/STM32L4xx_HAL_Driver/Src/stm32l4xx_hal_rcc_ex.c
Invoking: MCU GCC Compiler
C:\Users\John\Desktop\Project X\fw_test\fw_test\Debug
arm-none-eabi-gcc -mcpu=cortex-m4 -mthumb -mfloat-abi=hard -mfpu=fpv4-sp-d16 -DUSE_HAL_DRIVER -DCODE_CORRECTION_SD '-D__weak=__attribute__((weak))' '-D__packed=__attribute__((__packed__))' -DSTM32L476xx -I"C:/Users/John/Desktop/Project X/fw_test/fw_test/Inc" -I"C:/Users/John/Desktop/Project X/fw_test/fw_test/Drivers/STM32L4xx_HAL_Driver/Inc" -I"C:/Users/John/Desktop/Project X/fw_test/fw_test/Drivers/STM32L4xx_HAL_Driver/Inc/Legacy" -I"C:/Users/John/Desktop/Project X/fw_test/fw_test/Middlewares/Third_Party/FreeRTOS/Source/portable/GCC/ARM_CM4F" -I"C:/Users/John/Desktop/Project X/fw_test/fw_test/Drivers/CMSIS/Device/ST/STM32L4xx/Include" -I"C:/Users/John/Desktop/Project X/fw_test/fw_test/Middlewares/Third_Party/FatFs/src" -I"C:/Users/John/Desktop/Project X/fw_test/fw_test/Middlewares/Third_Party/FreeRTOS/Source/include" -I"C:/Users/John/Desktop/Project X/fw_test/fw_test/Middlewares/Third_Party/FreeRTOS/Source/CMSIS_RTOS" -I"C:/Users/John/Desktop/Project X/fw_test/fw_test/Drivers/CMSIS/Include"  -Og -g3 -Wall -fmessage-length=0 -ffunction-sections -c -fmessage-length=0 -MMD -MP -MF"Drivers/STM32L4xx_HAL_Driver/Src/stm32l4xx_hal_rcc_ex.d" -MT"Drivers/STM32L4xx_HAL_Driver/Src/stm32l4xx_hal_rcc_ex.o" -o "Drivers/STM32L4xx_HAL_Driver/Src/stm32l4xx_hal_rcc_ex.o" "../Drivers/STM32L4xx_HAL_Driver/Src/stm32l4xx_hal_rcc_ex.c"
Finished building: ../Drivers/STM32L4xx_HAL_Driver/Src/stm32l4xx_hal_rcc_ex.c
 
Building file: ../Drivers/STM32L4xx_HAL_Driver/Src/stm32l4xx_hal_rtc.c
Invoking: MCU GCC Compiler
C:\Users\John\Desktop\Project X\fw_test\fw_test\Debug
arm-none-eabi-gcc -mcpu=cortex-m4 -mthumb -mfloat-abi=hard -mfpu=fpv4-sp-d16 -DUSE_HAL_DRIVER -DCODE_CORRECTION_SD '-D__weak=__attribute__((weak))' '-D__packed=__attribute__((__packed__))' -DSTM32L476xx -I"C:/Users/John/Desktop/Project X/fw_test/fw_test/Inc" -I"C:/Users/John/Desktop/Project X/fw_test/fw_test/Drivers/STM32L4xx_HAL_Driver/Inc" -I"C:/Users/John/Desktop/Project X/fw_test/fw_test/Drivers/STM32L4xx_HAL_Driver/Inc/Legacy" -I"C:/Users/John/Desktop/Project X/fw_test/fw_test/Middlewares/Third_Party/FreeRTOS/Source/portable/GCC/ARM_CM4F" -I"C:/Users/John/Desktop/Project X/fw_test/fw_test/Drivers/CMSIS/Device/ST/STM32L4xx/Include" -I"C:/Users/John/Desktop/Project X/fw_test/fw_test/Middlewares/Third_Party/FatFs/src" -I"C:/Users/John/Desktop/Project X/fw_test/fw_test/Middlewares/Third_Party/FreeRTOS/Source/include" -I"C:/Users/John/Desktop/Project X/fw_test/fw_test/Middlewares/Third_Party/FreeRTOS/Source/CMSIS_RTOS" -I"C:/Users/John/Desktop/Project X/fw_test/fw_test/Drivers/CMSIS/Include"  -Og -g3 -Wall -fmessage-length=0 -ffunction-sections -c -fmessage-length=0 -MMD -MP -MF"Drivers/STM32L4xx_HAL_Driver/Src/stm32l4xx_hal_rtc.d" -MT"Drivers/STM32L4xx_HAL_Driver/Src/stm32l4xx_hal_rtc.o" -o "Drivers/STM32L4xx_HAL_Driver/Src/stm32l4xx_hal_rtc.o" "../Drivers/STM32L4xx_HAL_Driver/Src/stm32l4xx_hal_rtc.c"
Finished building: ../Drivers/STM32L4xx_HAL_Driver/Src/stm32l4xx_hal_rtc.c
 
Building file: ../Drivers/STM32L4xx_HAL_Driver/Src/stm32l4xx_hal_rtc_ex.c
Invoking: MCU GCC Compiler
C:\Users\John\Desktop\Project X\fw_test\fw_test\Debug
arm-none-eabi-gcc -mcpu=cortex-m4 -mthumb -mfloat-abi=hard -mfpu=fpv4-sp-d16 -DUSE_HAL_DRIVER -DCODE_CORRECTION_SD '-D__weak=__attribute__((weak))' '-D__packed=__attribute__((__packed__))' -DSTM32L476xx -I"C:/Users/John/Desktop/Project X/fw_test/fw_test/Inc" -I"C:/Users/John/Desktop/Project X/fw_test/fw_test/Drivers/STM32L4xx_HAL_Driver/Inc" -I"C:/Users/John/Desktop/Project X/fw_test/fw_test/Drivers/STM32L4xx_HAL_Driver/Inc/Legacy" -I"C:/Users/John/Desktop/Project X/fw_test/fw_test/Middlewares/Third_Party/FreeRTOS/Source/portable/GCC/ARM_CM4F" -I"C:/Users/John/Desktop/Project X/fw_test/fw_test/Drivers/CMSIS/Device/ST/STM32L4xx/Include" -I"C:/Users/John/Desktop/Project X/fw_test/fw_test/Middlewares/Third_Party/FatFs/src" -I"C:/Users/John/Desktop/Project X/fw_test/fw_test/Middlewares/Third_Party/FreeRTOS/Source/include" -I"C:/Users/John/Desktop/Project X/fw_test/fw_test/Middlewares/Third_Party/FreeRTOS/Source/CMSIS_RTOS" -I"C:/Users/John/Desktop/Project X/fw_test/fw_test/Drivers/CMSIS/Include"  -Og -g3 -Wall -fmessage-length=0 -ffunction-sections -c -fmessage-length=0 -MMD -MP -MF"Drivers/STM32L4xx_HAL_Driver/Src/stm32l4xx_hal_rtc_ex.d" -MT"Drivers/STM32L4xx_HAL_Driver/Src/stm32l4xx_hal_rtc_ex.o" -o "Drivers/STM32L4xx_HAL_Driver/Src/stm32l4xx_hal_rtc_ex.o" "../Drivers/STM32L4xx_HAL_Driver/Src/stm32l4xx_hal_rtc_ex.c"
Finished building: ../Drivers/STM32L4xx_HAL_Driver/Src/stm32l4xx_hal_rtc_ex.c
 
Building file: ../Drivers/STM32L4xx_HAL_Driver/Src/stm32l4xx_hal_sd.c
Invoking: MCU GCC Compiler
C:\Users\John\Desktop\Project X\fw_test\fw_test\Debug
arm-none-eabi-gcc -mcpu=cortex-m4 -mthumb -mfloat-abi=hard -mfpu=fpv4-sp-d16 -DUSE_HAL_DRIVER -DCODE_CORRECTION_SD '-D__weak=__attribute__((weak))' '-D__packed=__attribute__((__packed__))' -DSTM32L476xx -I"C:/Users/John/Desktop/Project X/fw_test/fw_test/Inc" -I"C:/Users/John/Desktop/Project X/fw_test/fw_test/Drivers/STM32L4xx_HAL_Driver/Inc" -I"C:/Users/John/Desktop/Project X/fw_test/fw_test/Drivers/STM32L4xx_HAL_Driver/Inc/Legacy" -I"C:/Users/John/Desktop/Project X/fw_test/fw_test/Middlewares/Third_Party/FreeRTOS/Source/portable/GCC/ARM_CM4F" -I"C:/Users/John/Desktop/Project X/fw_test/fw_test/Drivers/CMSIS/Device/ST/STM32L4xx/Include" -I"C:/Users/John/Desktop/Project X/fw_test/fw_test/Middlewares/Third_Party/FatFs/src" -I"C:/Users/John/Desktop/Project X/fw_test/fw_test/Middlewares/Third_Party/FreeRTOS/Source/include" -I"C:/Users/John/Desktop/Project X/fw_test/fw_test/Middlewares/Third_Party/FreeRTOS/Source/CMSIS_RTOS" -I"C:/Users/John/Desktop/Project X/fw_test/fw_test/Drivers/CMSIS/Include"  -Og -g3 -Wall -fmessage-length=0 -ffunction-sections -c -fmessage-length=0 -MMD -MP -MF"Drivers/STM32L4xx_HAL_Driver/Src/stm32l4xx_hal_sd.d" -MT"Drivers/STM32L4xx_HAL_Driver/Src/stm32l4xx_hal_sd.o" -o "Drivers/STM32L4xx_HAL_Driver/Src/stm32l4xx_hal_sd.o" "../Drivers/STM32L4xx_HAL_Driver/Src/stm32l4xx_hal_sd.c"
Finished building: ../Drivers/STM32L4xx_HAL_Driver/Src/stm32l4xx_hal_sd.c
 
Building file: ../Drivers/STM32L4xx_HAL_Driver/Src/stm32l4xx_hal_sd_ex.c
Invoking: MCU GCC Compiler
C:\Users\John\Desktop\Project X\fw_test\fw_test\Debug
arm-none-eabi-gcc -mcpu=cortex-m4 -mthumb -mfloat-abi=hard -mfpu=fpv4-sp-d16 -DUSE_HAL_DRIVER -DCODE_CORRECTION_SD '-D__weak=__attribute__((weak))' '-D__packed=__attribute__((__packed__))' -DSTM32L476xx -I"C:/Users/John/Desktop/Project X/fw_test/fw_test/Inc" -I"C:/Users/John/Desktop/Project X/fw_test/fw_test/Drivers/STM32L4xx_HAL_Driver/Inc" -I"C:/Users/John/Desktop/Project X/fw_test/fw_test/Drivers/STM32L4xx_HAL_Driver/Inc/Legacy" -I"C:/Users/John/Desktop/Project X/fw_test/fw_test/Middlewares/Third_Party/FreeRTOS/Source/portable/GCC/ARM_CM4F" -I"C:/Users/John/Desktop/Project X/fw_test/fw_test/Drivers/CMSIS/Device/ST/STM32L4xx/Include" -I"C:/Users/John/Desktop/Project X/fw_test/fw_test/Middlewares/Third_Party/FatFs/src" -I"C:/Users/John/Desktop/Project X/fw_test/fw_test/Middlewares/Third_Party/FreeRTOS/Source/include" -I"C:/Users/John/Desktop/Project X/fw_test/fw_test/Middlewares/Third_Party/FreeRTOS/Source/CMSIS_RTOS" -I"C:/Users/John/Desktop/Project X/fw_test/fw_test/Drivers/CMSIS/Include"  -Og -g3 -Wall -fmessage-length=0 -ffunction-sections -c -fmessage-length=0 -MMD -MP -MF"Drivers/STM32L4xx_HAL_Driver/Src/stm32l4xx_hal_sd_ex.d" -MT"Drivers/STM32L4xx_HAL_Driver/Src/stm32l4xx_hal_sd_ex.o" -o "Drivers/STM32L4xx_HAL_Driver/Src/stm32l4xx_hal_sd_ex.o" "../Drivers/STM32L4xx_HAL_Driver/Src/stm32l4xx_hal_sd_ex.c"
Finished building: ../Drivers/STM32L4xx_HAL_Driver/Src/stm32l4xx_hal_sd_ex.c
 
Building file: ../Drivers/STM32L4xx_HAL_Driver/Src/stm32l4xx_hal_tim.c
Invoking: MCU GCC Compiler
C:\Users\John\Desktop\Project X\fw_test\fw_test\Debug
arm-none-eabi-gcc -mcpu=cortex-m4 -mthumb -mfloat-abi=hard -mfpu=fpv4-sp-d16 -DUSE_HAL_DRIVER -DCODE_CORRECTION_SD '-D__weak=__attribute__((weak))' '-D__packed=__attribute__((__packed__))' -DSTM32L476xx -I"C:/Users/John/Desktop/Project X/fw_test/fw_test/Inc" -I"C:/Users/John/Desktop/Project X/fw_test/fw_test/Drivers/STM32L4xx_HAL_Driver/Inc" -I"C:/Users/John/Desktop/Project X/fw_test/fw_test/Drivers/STM32L4xx_HAL_Driver/Inc/Legacy" -I"C:/Users/John/Desktop/Project X/fw_test/fw_test/Middlewares/Third_Party/FreeRTOS/Source/portable/GCC/ARM_CM4F" -I"C:/Users/John/Desktop/Project X/fw_test/fw_test/Drivers/CMSIS/Device/ST/STM32L4xx/Include" -I"C:/Users/John/Desktop/Project X/fw_test/fw_test/Middlewares/Third_Party/FatFs/src" -I"C:/Users/John/Desktop/Project X/fw_test/fw_test/Middlewares/Third_Party/FreeRTOS/Source/include" -I"C:/Users/John/Desktop/Project X/fw_test/fw_test/Middlewares/Third_Party/FreeRTOS/Source/CMSIS_RTOS" -I"C:/Users/John/Desktop/Project X/fw_test/fw_test/Drivers/CMSIS/Include"  -Og -g3 -Wall -fmessage-length=0 -ffunction-sections -c -fmessage-length=0 -MMD -MP -MF"Drivers/STM32L4xx_HAL_Driver/Src/stm32l4xx_hal_tim.d" -MT"Drivers/STM32L4xx_HAL_Driver/Src/stm32l4xx_hal_tim.o" -o "Drivers/STM32L4xx_HAL_Driver/Src/stm32l4xx_hal_tim.o" "../Drivers/STM32L4xx_HAL_Driver/Src/stm32l4xx_hal_tim.c"
Finished building: ../Drivers/STM32L4xx_HAL_Driver/Src/stm32l4xx_hal_tim.c
 
Building file: ../Drivers/STM32L4xx_HAL_Driver/Src/stm32l4xx_hal_tim_ex.c
Invoking: MCU GCC Compiler
C:\Users\John\Desktop\Project X\fw_test\fw_test\Debug
arm-none-eabi-gcc -mcpu=cortex-m4 -mthumb -mfloat-abi=hard -mfpu=fpv4-sp-d16 -DUSE_HAL_DRIVER -DCODE_CORRECTION_SD '-D__weak=__attribute__((weak))' '-D__packed=__attribute__((__packed__))' -DSTM32L476xx -I"C:/Users/John/Desktop/Project X/fw_test/fw_test/Inc" -I"C:/Users/John/Desktop/Project X/fw_test/fw_test/Drivers/STM32L4xx_HAL_Driver/Inc" -I"C:/Users/John/Desktop/Project X/fw_test/fw_test/Drivers/STM32L4xx_HAL_Driver/Inc/Legacy" -I"C:/Users/John/Desktop/Project X/fw_test/fw_test/Middlewares/Third_Party/FreeRTOS/Source/portable/GCC/ARM_CM4F" -I"C:/Users/John/Desktop/Project X/fw_test/fw_test/Drivers/CMSIS/Device/ST/STM32L4xx/Include" -I"C:/Users/John/Desktop/Project X/fw_test/fw_test/Middlewares/Third_Party/FatFs/src" -I"C:/Users/John/Desktop/Project X/fw_test/fw_test/Middlewares/Third_Party/FreeRTOS/Source/include" -I"C:/Users/John/Desktop/Project X/fw_test/fw_test/Middlewares/Third_Party/FreeRTOS/Source/CMSIS_RTOS" -I"C:/Users/John/Desktop/Project X/fw_test/fw_test/Drivers/CMSIS/Include"  -Og -g3 -Wall -fmessage-length=0 -ffunction-sections -c -fmessage-length=0 -MMD -MP -MF"Drivers/STM32L4xx_HAL_Driver/Src/stm32l4xx_hal_tim_ex.d" -MT"Drivers/STM32L4xx_HAL_Driver/Src/stm32l4xx_hal_tim_ex.o" -o "Drivers/STM32L4xx_HAL_Driver/Src/stm32l4xx_hal_tim_ex.o" "../Drivers/STM32L4xx_HAL_Driver/Src/stm32l4xx_hal_tim_ex.c"
Finished building: ../Drivers/STM32L4xx_HAL_Driver/Src/stm32l4xx_hal_tim_ex.c
 
Building file: ../Drivers/STM32L4xx_HAL_Driver/Src/stm32l4xx_ll_sdmmc.c
Invoking: MCU GCC Compiler
C:\Users\John\Desktop\Project X\fw_test\fw_test\Debug
arm-none-eabi-gcc -mcpu=cortex-m4 -mthumb -mfloat-abi=hard -mfpu=fpv4-sp-d16 -DUSE_HAL_DRIVER -DCODE_CORRECTION_SD '-D__weak=__attribute__((weak))' '-D__packed=__attribute__((__packed__))' -DSTM32L476xx -I"C:/Users/John/Desktop/Project X/fw_test/fw_test/Inc" -I"C:/Users/John/Desktop/Project X/fw_test/fw_test/Drivers/STM32L4xx_HAL_Driver/Inc" -I"C:/Users/John/Desktop/Project X/fw_test/fw_test/Drivers/STM32L4xx_HAL_Driver/Inc/Legacy" -I"C:/Users/John/Desktop/Project X/fw_test/fw_test/Middlewares/Third_Party/FreeRTOS/Source/portable/GCC/ARM_CM4F" -I"C:/Users/John/Desktop/Project X/fw_test/fw_test/Drivers/CMSIS/Device/ST/STM32L4xx/Include" -I"C:/Users/John/Desktop/Project X/fw_test/fw_test/Middlewares/Third_Party/FatFs/src" -I"C:/Users/John/Desktop/Project X/fw_test/fw_test/Middlewares/Third_Party/FreeRTOS/Source/include" -I"C:/Users/John/Desktop/Project X/fw_test/fw_test/Middlewares/Third_Party/FreeRTOS/Source/CMSIS_RTOS" -I"C:/Users/John/Desktop/Project X/fw_test/fw_test/Drivers/CMSIS/Include"  -Og -g3 -Wall -fmessage-length=0 -ffunction-sections -c -fmessage-length=0 -MMD -MP -MF"Drivers/STM32L4xx_HAL_Driver/Src/stm32l4xx_ll_sdmmc.d" -MT"Drivers/STM32L4xx_HAL_Driver/Src/stm32l4xx_ll_sdmmc.o" -o "Drivers/STM32L4xx_HAL_Driver/Src/stm32l4xx_ll_sdmmc.o" "../Drivers/STM32L4xx_HAL_Driver/Src/stm32l4xx_ll_sdmmc.c"
Finished building: ../Drivers/STM32L4xx_HAL_Driver/Src/stm32l4xx_ll_sdmmc.c
 
Building target: fw_test.elf
Invoking: MCU GCC Linker
arm-none-eabi-gcc -mcpu=cortex-m4 -mthumb -mfloat-abi=hard -mfpu=fpv4-sp-d16 -specs=nosys.specs -specs=nano.specs -T"../STM32L476RGTx_FLASH.ld" -Wl,-Map=output.map -Wl,--gc-sections -o "fw_test.elf" @"objects.list"   -lm
Finished building target: fw_test.elf
 
make --no-print-directory post-build
Generating binary and Printing size information:
arm-none-eabi-objcopy -O binary "fw_test.elf" "fw_test.bin"
arm-none-eabi-size "fw_test.elf"
   text	   data	    bss	    dec	    hex	filename
  34136	     32	  66320	 100488	  18888	fw_test.elf
 

09:02:52 Build Finished (took 25s.769ms)

