Archive member included to satisfy reference by file (symbol)

c:/ac6/systemworkbench/plugins/fr.ac6.mcu.externaltools.arm-none.win32_1.15.0.201708311556/tools/compiler/bin/../lib/gcc/arm-none-eabi/6.3.1/../../../../arm-none-eabi/lib/thumb/v7e-m/fpv4-sp/hard\libc_nano.a(lib_a-exit.o)
                              c:/ac6/systemworkbench/plugins/fr.ac6.mcu.externaltools.arm-none.win32_1.15.0.201708311556/tools/compiler/bin/../lib/gcc/arm-none-eabi/6.3.1/../../../../arm-none-eabi/lib/thumb/v7e-m/fpv4-sp/hard/crt0.o (exit)
c:/ac6/systemworkbench/plugins/fr.ac6.mcu.externaltools.arm-none.win32_1.15.0.201708311556/tools/compiler/bin/../lib/gcc/arm-none-eabi/6.3.1/../../../../arm-none-eabi/lib/thumb/v7e-m/fpv4-sp/hard\libc_nano.a(lib_a-impure.o)
                              c:/ac6/systemworkbench/plugins/fr.ac6.mcu.externaltools.arm-none.win32_1.15.0.201708311556/tools/compiler/bin/../lib/gcc/arm-none-eabi/6.3.1/../../../../arm-none-eabi/lib/thumb/v7e-m/fpv4-sp/hard\libc_nano.a(lib_a-exit.o) (_global_impure_ptr)
c:/ac6/systemworkbench/plugins/fr.ac6.mcu.externaltools.arm-none.win32_1.15.0.201708311556/tools/compiler/bin/../lib/gcc/arm-none-eabi/6.3.1/../../../../arm-none-eabi/lib/thumb/v7e-m/fpv4-sp/hard\libc_nano.a(lib_a-init.o)
                              c:/ac6/systemworkbench/plugins/fr.ac6.mcu.externaltools.arm-none.win32_1.15.0.201708311556/tools/compiler/bin/../lib/gcc/arm-none-eabi/6.3.1/../../../../arm-none-eabi/lib/thumb/v7e-m/fpv4-sp/hard/crt0.o (__libc_init_array)
c:/ac6/systemworkbench/plugins/fr.ac6.mcu.externaltools.arm-none.win32_1.15.0.201708311556/tools/compiler/bin/../lib/gcc/arm-none-eabi/6.3.1/../../../../arm-none-eabi/lib/thumb/v7e-m/fpv4-sp/hard\libc_nano.a(lib_a-memcpy-stub.o)
                              Middlewares/Third_Party/FreeRTOS/Source/queue.o (memcpy)
c:/ac6/systemworkbench/plugins/fr.ac6.mcu.externaltools.arm-none.win32_1.15.0.201708311556/tools/compiler/bin/../lib/gcc/arm-none-eabi/6.3.1/../../../../arm-none-eabi/lib/thumb/v7e-m/fpv4-sp/hard\libc_nano.a(lib_a-memset.o)
                              c:/ac6/systemworkbench/plugins/fr.ac6.mcu.externaltools.arm-none.win32_1.15.0.201708311556/tools/compiler/bin/../lib/gcc/arm-none-eabi/6.3.1/../../../../arm-none-eabi/lib/thumb/v7e-m/fpv4-sp/hard/crt0.o (memset)
c:/ac6/systemworkbench/plugins/fr.ac6.mcu.externaltools.arm-none.win32_1.15.0.201708311556/tools/compiler/bin/../lib/gcc/arm-none-eabi/6.3.1/../../../../arm-none-eabi/lib/thumb/v7e-m/fpv4-sp/hard\libnosys.a(_exit.o)
                              c:/ac6/systemworkbench/plugins/fr.ac6.mcu.externaltools.arm-none.win32_1.15.0.201708311556/tools/compiler/bin/../lib/gcc/arm-none-eabi/6.3.1/../../../../arm-none-eabi/lib/thumb/v7e-m/fpv4-sp/hard\libc_nano.a(lib_a-exit.o) (_exit)

Allocating common symbols
Common symbol       size              file

retSD               0x1               Src/fatfs.o
LEDTaskHandle       0x4               Src/main.o
SDcardTaskHandle    0x4               Src/main.o
hsd1                0x84              Src/main.o
uwTick              0x4               Drivers/STM32L4xx_HAL_Driver/Src/stm32l4xx_hal.o
xQueueRegistry      0x40              Middlewares/Third_Party/FreeRTOS/Source/queue.o
pFlash              0x20              Drivers/STM32L4xx_HAL_Driver/Src/stm32l4xx_hal_flash.o
workBuffer          0x2000            Src/main.o
SDPath              0x4               Src/fatfs.o
hrtc                0x24              Src/main.o
SDFatFs             0x103c            Src/main.o
htim6               0x40              Src/stm32l4xx_hal_timebase_TIM.o
MyFile              0x1030            Src/main.o
SDFile              0x1030            Src/fatfs.o
SDFatFS             0x103c            Src/fatfs.o
hdma_sdmmc1         0x48              Src/main.o

Discarded input sections

 .text          0x00000000        0x0 c:/ac6/systemworkbench/plugins/fr.ac6.mcu.externaltools.arm-none.win32_1.15.0.201708311556/tools/compiler/bin/../lib/gcc/arm-none-eabi/6.3.1/thumb/v7e-m/fpv4-sp/hard/crti.o
 .data          0x00000000        0x0 c:/ac6/systemworkbench/plugins/fr.ac6.mcu.externaltools.arm-none.win32_1.15.0.201708311556/tools/compiler/bin/../lib/gcc/arm-none-eabi/6.3.1/thumb/v7e-m/fpv4-sp/hard/crti.o
 .bss           0x00000000        0x0 c:/ac6/systemworkbench/plugins/fr.ac6.mcu.externaltools.arm-none.win32_1.15.0.201708311556/tools/compiler/bin/../lib/gcc/arm-none-eabi/6.3.1/thumb/v7e-m/fpv4-sp/hard/crti.o
 .data          0x00000000        0x4 c:/ac6/systemworkbench/plugins/fr.ac6.mcu.externaltools.arm-none.win32_1.15.0.201708311556/tools/compiler/bin/../lib/gcc/arm-none-eabi/6.3.1/thumb/v7e-m/fpv4-sp/hard/crtbegin.o
 .text          0x00000000       0x74 c:/ac6/systemworkbench/plugins/fr.ac6.mcu.externaltools.arm-none.win32_1.15.0.201708311556/tools/compiler/bin/../lib/gcc/arm-none-eabi/6.3.1/../../../../arm-none-eabi/lib/thumb/v7e-m/fpv4-sp/hard/crt0.o
[...]
Memory Configuration

Name             Origin             Length             Attributes
RAM              0x20000000         0x00018000         xrw
RAM2             0x10000000         0x00008000         xrw
FLASH            0x08000000         0x00100000         xr
*default*        0x00000000         0xffffffff

Linker script and memory map

LOAD c:/ac6/systemworkbench/plugins/fr.ac6.mcu.externaltools.arm-none.win32_1.15.0.201708311556/tools/compiler/bin/../lib/gcc/arm-none-eabi/6.3.1/thumb/v7e-m/fpv4-sp/hard/crti.o
LOAD c:/ac6/systemworkbench/plugins/fr.ac6.mcu.externaltools.arm-none.win32_1.15.0.201708311556/tools/compiler/bin/../lib/gcc/arm-none-eabi/6.3.1/thumb/v7e-m/fpv4-sp/hard/crtbegin.o
LOAD c:/ac6/systemworkbench/plugins/fr.ac6.mcu.externaltools.arm-none.win32_1.15.0.201708311556/tools/compiler/bin/../lib/gcc/arm-none-eabi/6.3.1/../../../../arm-none-eabi/lib/thumb/v7e-m/fpv4-sp/hard/crt0.o
LOAD Drivers/STM32L4xx_HAL_Driver/Src/stm32l4xx_hal.o
LOAD Drivers/STM32L4xx_HAL_Driver/Src/stm32l4xx_hal_cortex.o
LOAD Drivers/STM32L4xx_HAL_Driver/Src/stm32l4xx_hal_dma.o
LOAD Drivers/STM32L4xx_HAL_Driver/Src/stm32l4xx_hal_dma_ex.o
LOAD Drivers/STM32L4xx_HAL_Driver/Src/stm32l4xx_hal_flash.o
LOAD Drivers/STM32L4xx_HAL_Driver/Src/stm32l4xx_hal_flash_ex.o
LOAD Drivers/STM32L4xx_HAL_Driver/Src/stm32l4xx_hal_flash_ramfunc.o
LOAD Drivers/STM32L4xx_HAL_Driver/Src/stm32l4xx_hal_gpio.o
LOAD Drivers/STM32L4xx_HAL_Driver/Src/stm32l4xx_hal_i2c.o
LOAD Drivers/STM32L4xx_HAL_Driver/Src/stm32l4xx_hal_i2c_ex.o
LOAD Drivers/STM32L4xx_HAL_Driver/Src/stm32l4xx_hal_pwr.o
LOAD Drivers/STM32L4xx_HAL_Driver/Src/stm32l4xx_hal_pwr_ex.o
LOAD Drivers/STM32L4xx_HAL_Driver/Src/stm32l4xx_hal_rcc.o
LOAD Drivers/STM32L4xx_HAL_Driver/Src/stm32l4xx_hal_rcc_ex.o
LOAD Drivers/STM32L4xx_HAL_Driver/Src/stm32l4xx_hal_rtc.o
LOAD Drivers/STM32L4xx_HAL_Driver/Src/stm32l4xx_hal_rtc_ex.o
LOAD Drivers/STM32L4xx_HAL_Driver/Src/stm32l4xx_hal_sd.o
LOAD Drivers/STM32L4xx_HAL_Driver/Src/stm32l4xx_hal_sd_ex.o
LOAD Drivers/STM32L4xx_HAL_Driver/Src/stm32l4xx_hal_tim.o
LOAD Drivers/STM32L4xx_HAL_Driver/Src/stm32l4xx_hal_tim_ex.o
LOAD Drivers/STM32L4xx_HAL_Driver/Src/stm32l4xx_ll_sdmmc.o
LOAD Middlewares/Third_Party/FatFs/src/diskio.o
LOAD Middlewares/Third_Party/FatFs/src/ff.o
LOAD Middlewares/Third_Party/FatFs/src/ff_gen_drv.o
LOAD Middlewares/Third_Party/FatFs/src/option/ccsbcs.o
LOAD Middlewares/Third_Party/FatFs/src/option/syscall.o
LOAD Middlewares/Third_Party/FreeRTOS/Source/CMSIS_RTOS/cmsis_os.o
LOAD Middlewares/Third_Party/FreeRTOS/Source/croutine.o
LOAD Middlewares/Third_Party/FreeRTOS/Source/event_groups.o
LOAD Middlewares/Third_Party/FreeRTOS/Source/list.o
LOAD Middlewares/Third_Party/FreeRTOS/Source/queue.o
LOAD Middlewares/Third_Party/FreeRTOS/Source/tasks.o
LOAD Middlewares/Third_Party/FreeRTOS/Source/timers.o
LOAD Middlewares/Third_Party/FreeRTOS/Source/portable/GCC/ARM_CM4F/port.o
LOAD Middlewares/Third_Party/FreeRTOS/Source/portable/MemMang/heap_4.o
LOAD Src/bsp_driver_sd.o
LOAD Src/fatfs.o
LOAD Src/freertos.o
LOAD Src/main.o
LOAD Src/sd_diskio.o
LOAD Src/stm32l4xx_hal_msp.o
LOAD Src/stm32l4xx_hal_timebase_TIM.o
LOAD Src/stm32l4xx_it.o
LOAD Src/system_stm32l4xx.o
LOAD startup/startup_stm32l476xx.o
LOAD c:/ac6/systemworkbench/plugins/fr.ac6.mcu.externaltools.arm-none.win32_1.15.0.201708311556/tools/compiler/bin/../lib/gcc/arm-none-eabi/6.3.1/../../../../arm-none-eabi/lib/thumb/v7e-m/fpv4-sp/hard\libm.a
START GROUP
LOAD c:/ac6/systemworkbench/plugins/fr.ac6.mcu.externaltools.arm-none.win32_1.15.0.201708311556/tools/compiler/bin/../lib/gcc/arm-none-eabi/6.3.1/thumb/v7e-m/fpv4-sp/hard\libgcc.a
LOAD c:/ac6/systemworkbench/plugins/fr.ac6.mcu.externaltools.arm-none.win32_1.15.0.201708311556/tools/compiler/bin/../lib/gcc/arm-none-eabi/6.3.1/../../../../arm-none-eabi/lib/thumb/v7e-m/fpv4-sp/hard\libc_nano.a
END GROUP
START GROUP
LOAD c:/ac6/systemworkbench/plugins/fr.ac6.mcu.externaltools.arm-none.win32_1.15.0.201708311556/tools/compiler/bin/../lib/gcc/arm-none-eabi/6.3.1/thumb/v7e-m/fpv4-sp/hard\libgcc.a
LOAD c:/ac6/systemworkbench/plugins/fr.ac6.mcu.externaltools.arm-none.win32_1.15.0.201708311556/tools/compiler/bin/../lib/gcc/arm-none-eabi/6.3.1/../../../../arm-none-eabi/lib/thumb/v7e-m/fpv4-sp/hard\libc_nano.a
LOAD c:/ac6/systemworkbench/plugins/fr.ac6.mcu.externaltools.arm-none.win32_1.15.0.201708311556/tools/compiler/bin/../lib/gcc/arm-none-eabi/6.3.1/../../../../arm-none-eabi/lib/thumb/v7e-m/fpv4-sp/hard\libnosys.a
END GROUP
START GROUP
LOAD c:/ac6/systemworkbench/plugins/fr.ac6.mcu.externaltools.arm-none.win32_1.15.0.201708311556/tools/compiler/bin/../lib/gcc/arm-none-eabi/6.3.1/thumb/v7e-m/fpv4-sp/hard\libgcc.a
LOAD c:/ac6/systemworkbench/plugins/fr.ac6.mcu.externaltools.arm-none.win32_1.15.0.201708311556/tools/compiler/bin/../lib/gcc/arm-none-eabi/6.3.1/../../../../arm-none-eabi/lib/thumb/v7e-m/fpv4-sp/hard\libc_nano.a
LOAD c:/ac6/systemworkbench/plugins/fr.ac6.mcu.externaltools.arm-none.win32_1.15.0.201708311556/tools/compiler/bin/../lib/gcc/arm-none-eabi/6.3.1/../../../../arm-none-eabi/lib/thumb/v7e-m/fpv4-sp/hard\libnosys.a
END GROUP
LOAD c:/ac6/systemworkbench/plugins/fr.ac6.mcu.externaltools.arm-none.win32_1.15.0.201708311556/tools/compiler/bin/../lib/gcc/arm-none-eabi/6.3.1/thumb/v7e-m/fpv4-sp/hard/crtend.o
LOAD c:/ac6/systemworkbench/plugins/fr.ac6.mcu.externaltools.arm-none.win32_1.15.0.201708311556/tools/compiler/bin/../lib/gcc/arm-none-eabi/6.3.1/thumb/v7e-m/fpv4-sp/hard/crtn.o
                0x20018000                _estack = 0x20018000
                0x00003000                _Min_Heap_Size = 0x3000
                0x00003000                _Min_Stack_Size = 0x3000

.isr_vector     0x08000000      0x188
                0x08000000                . = ALIGN (0x8)
 *(.isr_vector)
 .isr_vector    0x08000000      0x188 startup/startup_stm32l476xx.o
                0x08000000                g_pfnVectors
                0x08000188                . = ALIGN (0x8)

.text           0x08000190     0x7df0
                0x08000190                . = ALIGN (0x8)
 *(.text)
 .text          0x08000190       0x6c c:/ac6/systemworkbench/plugins/fr.ac6.mcu.externaltools.arm-none.win32_1.15.0.201708311556/tools/compiler/bin/../lib/gcc/arm-none-eabi/6.3.1/thumb/v7e-m/fpv4-sp/hard/crtbegin.o
 *(.text*)
 .text.HAL_Init
                0x080001fc       0x16 Drivers/STM32L4xx_HAL_Driver/Src/stm32l4xx_hal.o
                0x080001fc                HAL_Init
 *fill*         0x08000212        0x2 
 .text.HAL_IncTick
                0x08000214       0x10 Drivers/STM32L4xx_HAL_Driver/Src/stm32l4xx_hal.o
                0x08000214                HAL_IncTick
 .text.HAL_GetTick
                0x08000224        0xc Drivers/STM32L4xx_HAL_Driver/Src/stm32l4xx_hal.o
                0x08000224                HAL_GetTick
 .text.HAL_Delay
                0x08000230       0x1e Drivers/STM32L4xx_HAL_Driver/Src/stm32l4xx_hal.o
                0x08000230                HAL_Delay
 *fill*         0x0800024e        0x2 
 .text.HAL_NVIC_SetPriorityGrouping
                0x08000250       0x24 Drivers/STM32L4xx_HAL_Driver/Src/stm32l4xx_hal_cortex.o
                0x08000250                HAL_NVIC_SetPriorityGrouping
 .text.HAL_NVIC_SetPriority
                0x08000274       0x64 Drivers/STM32L4xx_HAL_Driver/Src/stm32l4xx_hal_cortex.o
                0x08000274                HAL_NVIC_SetPriority
 .text.HAL_NVIC_EnableIRQ
                0x080002d8       0x18 Drivers/STM32L4xx_HAL_Driver/Src/stm32l4xx_hal_cortex.o
                0x080002d8                HAL_NVIC_EnableIRQ
 .text.HAL_SYSTICK_Config
                0x080002f0       0x2c Drivers/STM32L4xx_HAL_Driver/Src/stm32l4xx_hal_cortex.o
                0x080002f0                HAL_SYSTICK_Config
 .text.HAL_SYSTICK_CLKSourceConfig
                0x0800031c       0x20 Drivers/STM32L4xx_HAL_Driver/Src/stm32l4xx_hal_cortex.o
                0x0800031c                HAL_SYSTICK_CLKSourceConfig
 .text.DMA_SetConfig
                0x0800033c       0x2c Drivers/STM32L4xx_HAL_Driver/Src/stm32l4xx_hal_dma.o
 .text.HAL_DMA_Init
                0x08000368       0xf0 Drivers/STM32L4xx_HAL_Driver/Src/stm32l4xx_hal_dma.o
                0x08000368                HAL_DMA_Init
 .text.HAL_DMA_DeInit
                0x08000458       0xb4 Drivers/STM32L4xx_HAL_Driver/Src/stm32l4xx_hal_dma.o
                0x08000458                HAL_DMA_DeInit
 .text.HAL_DMA_Start_IT
                0x0800050c       0x76 Drivers/STM32L4xx_HAL_Driver/Src/stm32l4xx_hal_dma.o
                0x0800050c                HAL_DMA_Start_IT
 .text.HAL_DMA_Abort
                0x08000582       0x34 Drivers/STM32L4xx_HAL_Driver/Src/stm32l4xx_hal_dma.o
                0x08000582                HAL_DMA_Abort
 .text.HAL_DMA_Abort_IT
                0x080005b6       0x4c Drivers/STM32L4xx_HAL_Driver/Src/stm32l4xx_hal_dma.o
                0x080005b6                HAL_DMA_Abort_IT
 .text.HAL_DMA_IRQHandler
                0x08000602       0xb2 Drivers/STM32L4xx_HAL_Driver/Src/stm32l4xx_hal_dma.o
                0x08000602                HAL_DMA_IRQHandler
 .text.HAL_GPIO_Init
                0x080006b4      0x1d4 Drivers/STM32L4xx_HAL_Driver/Src/stm32l4xx_hal_gpio.o
                0x080006b4                HAL_GPIO_Init
 .text.HAL_GPIO_WritePin
                0x08000888        0xa Drivers/STM32L4xx_HAL_Driver/Src/stm32l4xx_hal_gpio.o
                0x08000888                HAL_GPIO_WritePin
 .text.HAL_GPIO_TogglePin
                0x08000892        0x8 Drivers/STM32L4xx_HAL_Driver/Src/stm32l4xx_hal_gpio.o
                0x08000892                HAL_GPIO_TogglePin
 *fill*         0x0800089a        0x2 
 .text.HAL_PWREx_GetVoltageRange
                0x0800089c       0x10 Drivers/STM32L4xx_HAL_Driver/Src/stm32l4xx_hal_pwr_ex.o
                0x0800089c                HAL_PWREx_GetVoltageRange
 .text.HAL_PWREx_ControlVoltageScaling
                0x080008ac       0x90 Drivers/STM32L4xx_HAL_Driver/Src/stm32l4xx_hal_pwr_ex.o
                0x080008ac                HAL_PWREx_ControlVoltageScaling
 .text.RCC_SetFlashLatencyFromMSIRange
                0x0800093c       0x90 Drivers/STM32L4xx_HAL_Driver/Src/stm32l4xx_hal_rcc.o
 .text.HAL_RCC_GetSysClockFreq
                0x080009cc      0x100 Drivers/STM32L4xx_HAL_Driver/Src/stm32l4xx_hal_rcc.o
                0x080009cc                HAL_RCC_GetSysClockFreq
 .text.HAL_RCC_OscConfig
                0x08000acc      0x574 Drivers/STM32L4xx_HAL_Driver/Src/stm32l4xx_hal_rcc.o
                0x08000acc                HAL_RCC_OscConfig
 .text.HAL_RCC_ClockConfig
                0x08001040      0x1ac Drivers/STM32L4xx_HAL_Driver/Src/stm32l4xx_hal_rcc.o
                0x08001040                HAL_RCC_ClockConfig
 .text.HAL_RCC_GetHCLKFreq
                0x080011ec        0xc Drivers/STM32L4xx_HAL_Driver/Src/stm32l4xx_hal_rcc.o
                0x080011ec                HAL_RCC_GetHCLKFreq
 .text.HAL_RCC_GetPCLK1Freq
                0x080011f8       0x20 Drivers/STM32L4xx_HAL_Driver/Src/stm32l4xx_hal_rcc.o
                0x080011f8                HAL_RCC_GetPCLK1Freq
 .text.HAL_RCC_GetClockConfig
                0x08001218       0x3c Drivers/STM32L4xx_HAL_Driver/Src/stm32l4xx_hal_rcc.o
                0x08001218                HAL_RCC_GetClockConfig
 .text.RCCEx_PLLSAI1_Config
                0x08001254      0x180 Drivers/STM32L4xx_HAL_Driver/Src/stm32l4xx_hal_rcc_ex.o
 .text.RCCEx_PLLSAI2_Config
                0x080013d4      0x15c Drivers/STM32L4xx_HAL_Driver/Src/stm32l4xx_hal_rcc_ex.o
 .text.HAL_RCCEx_PeriphCLKConfig
                0x08001530      0x44c Drivers/STM32L4xx_HAL_Driver/Src/stm32l4xx_hal_rcc_ex.o
                0x08001530                HAL_RCCEx_PeriphCLKConfig
 .text.HAL_RTC_WaitForSynchro
                0x0800197c       0x32 Drivers/STM32L4xx_HAL_Driver/Src/stm32l4xx_hal_rtc.o
                0x0800197c                HAL_RTC_WaitForSynchro
 .text.RTC_EnterInitMode
                0x080019ae       0x3c Drivers/STM32L4xx_HAL_Driver/Src/stm32l4xx_hal_rtc.o
                0x080019ae                RTC_EnterInitMode
 .text.HAL_RTC_Init
                0x080019ea       0xd4 Drivers/STM32L4xx_HAL_Driver/Src/stm32l4xx_hal_rtc.o
                0x080019ea                HAL_RTC_Init
 .text.RTC_ByteToBcd2
                0x08001abe       0x16 Drivers/STM32L4xx_HAL_Driver/Src/stm32l4xx_hal_rtc.o
                0x08001abe                RTC_ByteToBcd2
 .text.HAL_RTC_SetTime
                0x08001ad4      0x110 Drivers/STM32L4xx_HAL_Driver/Src/stm32l4xx_hal_rtc.o
                0x08001ad4                HAL_RTC_SetTime
 .text.HAL_RTC_SetDate
                0x08001be4       0xec Drivers/STM32L4xx_HAL_Driver/Src/stm32l4xx_hal_rtc.o
                0x08001be4                HAL_RTC_SetDate
 .text.RTC_Bcd2ToByte
                0x08001cd0       0x12 Drivers/STM32L4xx_HAL_Driver/Src/stm32l4xx_hal_rtc.o
                0x08001cd0                RTC_Bcd2ToByte
 .text.HAL_RTC_GetTime
                0x08001ce2       0x56 Drivers/STM32L4xx_HAL_Driver/Src/stm32l4xx_hal_rtc.o
                0x08001ce2                HAL_RTC_GetTime
 .text.HAL_RTC_GetDate
                0x08001d38       0x42 Drivers/STM32L4xx_HAL_Driver/Src/stm32l4xx_hal_rtc.o
                0x08001d38                HAL_RTC_GetDate
 .text.HAL_RTCEx_BKUPWrite
                0x08001d7a        0xa Drivers/STM32L4xx_HAL_Driver/Src/stm32l4xx_hal_rtc_ex.o
                0x08001d7a                HAL_RTCEx_BKUPWrite
 .text.HAL_RTCEx_BKUPRead
                0x08001d84        0xa Drivers/STM32L4xx_HAL_Driver/Src/stm32l4xx_hal_rtc_ex.o
                0x08001d84                HAL_RTCEx_BKUPRead
 .text.SD_DMATransmitCplt
                0x08001d8e        0xe Drivers/STM32L4xx_HAL_Driver/Src/stm32l4xx_hal_sd.o
 .text.SD_PowerON
                0x08001d9c       0xd4 Drivers/STM32L4xx_HAL_Driver/Src/stm32l4xx_hal_sd.o
 .text.SD_Read_IT
                0x08001e70       0x24 Drivers/STM32L4xx_HAL_Driver/Src/stm32l4xx_hal_sd.o
 .text.SD_Write_IT
                0x08001e94       0x24 Drivers/STM32L4xx_HAL_Driver/Src/stm32l4xx_hal_sd.o
 .text.SD_FindSCR
                0x08001eb8      0x106 Drivers/STM32L4xx_HAL_Driver/Src/stm32l4xx_hal_sd.o
 .text.SD_WideBus_Enable
                0x08001fbe       0x5a Drivers/STM32L4xx_HAL_Driver/Src/stm32l4xx_hal_sd.o
 .text.SD_WideBus_Disable
                0x08002018       0x5a Drivers/STM32L4xx_HAL_Driver/Src/stm32l4xx_hal_sd.o
 .text.SD_SendStatus
                0x08002072       0x2a Drivers/STM32L4xx_HAL_Driver/Src/stm32l4xx_hal_sd.o
 .text.HAL_SD_ReadBlocks_DMA
                0x0800209c      0x110 Drivers/STM32L4xx_HAL_Driver/Src/stm32l4xx_hal_sd.o
                0x0800209c                HAL_SD_ReadBlocks_DMA
 .text.HAL_SD_WriteBlocks_DMA
                0x080021ac      0x110 Drivers/STM32L4xx_HAL_Driver/Src/stm32l4xx_hal_sd.o
                0x080021ac                HAL_SD_WriteBlocks_DMA
 .text.HAL_SD_ErrorCallback
                0x080022bc        0x2 Drivers/STM32L4xx_HAL_Driver/Src/stm32l4xx_hal_sd.o
                0x080022bc                HAL_SD_ErrorCallback
 .text.SD_DMAReceiveCplt
                0x080022be       0x44 Drivers/STM32L4xx_HAL_Driver/Src/stm32l4xx_hal_sd.o
 *fill*         0x08002302        0x2 
 .text.HAL_SD_GetCardCSD
                0x08002304      0x1e8 Drivers/STM32L4xx_HAL_Driver/Src/stm32l4xx_hal_sd.o
                0x08002304                HAL_SD_GetCardCSD
 .text.SD_InitCard
                0x080024ec       0xf4 Drivers/STM32L4xx_HAL_Driver/Src/stm32l4xx_hal_sd.o
 .text.HAL_SD_InitCard
                0x080025e0       0x8e Drivers/STM32L4xx_HAL_Driver/Src/stm32l4xx_hal_sd.o
                0x080025e0                HAL_SD_InitCard
 .text.HAL_SD_Init
                0x0800266e       0x3e Drivers/STM32L4xx_HAL_Driver/Src/stm32l4xx_hal_sd.o
                0x0800266e                HAL_SD_Init
 .text.HAL_SD_GetCardInfo
                0x080026ac       0x24 Drivers/STM32L4xx_HAL_Driver/Src/stm32l4xx_hal_sd.o
                0x080026ac                HAL_SD_GetCardInfo
 .text.HAL_SD_ConfigWideBusOperation
                0x080026d0       0xa4 Drivers/STM32L4xx_HAL_Driver/Src/stm32l4xx_hal_sd.o
                0x080026d0                HAL_SD_ConfigWideBusOperation
 .text.HAL_SD_GetCardState
                0x08002774       0x26 Drivers/STM32L4xx_HAL_Driver/Src/stm32l4xx_hal_sd.o
                0x08002774                HAL_SD_GetCardState
 *fill*         0x0800279a        0x2 
 .text.SD_DMAError
                0x0800279c       0x5c Drivers/STM32L4xx_HAL_Driver/Src/stm32l4xx_hal_sd.o
 .text.SD_DMATxAbort
                0x080027f8       0x54 Drivers/STM32L4xx_HAL_Driver/Src/stm32l4xx_hal_sd.o
 .text.SD_DMARxAbort
                0x0800284c       0x54 Drivers/STM32L4xx_HAL_Driver/Src/stm32l4xx_hal_sd.o
 .text.HAL_SD_IRQHandler
                0x080028a0      0x1b4 Drivers/STM32L4xx_HAL_Driver/Src/stm32l4xx_hal_sd.o
                0x080028a0                HAL_SD_IRQHandler
 .text.HAL_TIM_Base_MspInit
                0x08002a54        0x2 Drivers/STM32L4xx_HAL_Driver/Src/stm32l4xx_hal_tim.o
                0x08002a54                HAL_TIM_Base_MspInit
 .text.HAL_TIM_Base_Start_IT
                0x08002a56       0x18 Drivers/STM32L4xx_HAL_Driver/Src/stm32l4xx_hal_tim.o
                0x08002a56                HAL_TIM_Base_Start_IT
 .text.HAL_TIM_OC_DelayElapsedCallback
                0x08002a6e        0x2 Drivers/STM32L4xx_HAL_Driver/Src/stm32l4xx_hal_tim.o
                0x08002a6e                HAL_TIM_OC_DelayElapsedCallback
 .text.HAL_TIM_IC_CaptureCallback
                0x08002a70        0x2 Drivers/STM32L4xx_HAL_Driver/Src/stm32l4xx_hal_tim.o
                0x08002a70                HAL_TIM_IC_CaptureCallback
 .text.HAL_TIM_PWM_PulseFinishedCallback
                0x08002a72        0x2 Drivers/STM32L4xx_HAL_Driver/Src/stm32l4xx_hal_tim.o
                0x08002a72                HAL_TIM_PWM_PulseFinishedCallback
 .text.HAL_TIM_TriggerCallback
                0x08002a74        0x2 Drivers/STM32L4xx_HAL_Driver/Src/stm32l4xx_hal_tim.o
                0x08002a74                HAL_TIM_TriggerCallback
 .text.HAL_TIM_IRQHandler
                0x08002a76      0x17a Drivers/STM32L4xx_HAL_Driver/Src/stm32l4xx_hal_tim.o
                0x08002a76                HAL_TIM_IRQHandler
 .text.TIM_Base_SetConfig
                0x08002bf0       0xc8 Drivers/STM32L4xx_HAL_Driver/Src/stm32l4xx_hal_tim.o
                0x08002bf0                TIM_Base_SetConfig
 .text.HAL_TIM_Base_Init
                0x08002cb8       0x32 Drivers/STM32L4xx_HAL_Driver/Src/stm32l4xx_hal_tim.o
                0x08002cb8                HAL_TIM_Base_Init
 .text.HAL_TIMEx_CommutationCallback
                0x08002cea        0x2 Drivers/STM32L4xx_HAL_Driver/Src/stm32l4xx_hal_tim_ex.o
                0x08002cea                HAL_TIMEx_CommutationCallback
 .text.HAL_TIMEx_BreakCallback
                0x08002cec        0x2 Drivers/STM32L4xx_HAL_Driver/Src/stm32l4xx_hal_tim_ex.o
                0x08002cec                HAL_TIMEx_BreakCallback
 *fill*         0x08002cee        0x2 
 .text.SDMMC_GetCmdError
                0x08002cf0       0x38 Drivers/STM32L4xx_HAL_Driver/Src/stm32l4xx_ll_sdmmc.o
 .text.SDMMC_GetCmdResp2
                0x08002d28       0x58 Drivers/STM32L4xx_HAL_Driver/Src/stm32l4xx_ll_sdmmc.o
 .text.SDMMC_GetCmdResp3
                0x08002d80       0x48 Drivers/STM32L4xx_HAL_Driver/Src/stm32l4xx_ll_sdmmc.o
 .text.SDMMC_GetCmdResp7
                0x08002dc8       0x64 Drivers/STM32L4xx_HAL_Driver/Src/stm32l4xx_ll_sdmmc.o
 .text.SDMMC_Init
                0x08002e2c       0x38 Drivers/STM32L4xx_HAL_Driver/Src/stm32l4xx_ll_sdmmc.o
                0x08002e2c                SDMMC_Init
 .text.SDMMC_ReadFIFO
                0x08002e64        0x6 Drivers/STM32L4xx_HAL_Driver/Src/stm32l4xx_ll_sdmmc.o
                0x08002e64                SDMMC_ReadFIFO
 .text.SDMMC_WriteFIFO
                0x08002e6a        0xa Drivers/STM32L4xx_HAL_Driver/Src/stm32l4xx_ll_sdmmc.o
                0x08002e6a                SDMMC_WriteFIFO
 .text.SDMMC_PowerState_ON
                0x08002e74        0x8 Drivers/STM32L4xx_HAL_Driver/Src/stm32l4xx_ll_sdmmc.o
                0x08002e74                SDMMC_PowerState_ON
 .text.SDMMC_GetPowerState
                0x08002e7c        0x8 Drivers/STM32L4xx_HAL_Driver/Src/stm32l4xx_ll_sdmmc.o
                0x08002e7c                SDMMC_GetPowerState
 .text.SDMMC_SendCommand
                0x08002e84       0x2a Drivers/STM32L4xx_HAL_Driver/Src/stm32l4xx_ll_sdmmc.o
                0x08002e84                SDMMC_SendCommand
 .text.SDMMC_GetCommandResponse
                0x08002eae        0x6 Drivers/STM32L4xx_HAL_Driver/Src/stm32l4xx_ll_sdmmc.o
                0x08002eae                SDMMC_GetCommandResponse
 .text.SDMMC_GetResponse
                0x08002eb4       0x14 Drivers/STM32L4xx_HAL_Driver/Src/stm32l4xx_ll_sdmmc.o
                0x08002eb4                SDMMC_GetResponse
 .text.SDMMC_GetCmdResp1
                0x08002ec8      0x154 Drivers/STM32L4xx_HAL_Driver/Src/stm32l4xx_ll_sdmmc.o
 .text.SDMMC_GetCmdResp6
                0x0800301c       0xa0 Drivers/STM32L4xx_HAL_Driver/Src/stm32l4xx_ll_sdmmc.o
 .text.SDMMC_ConfigData
                0x080030bc       0x2a Drivers/STM32L4xx_HAL_Driver/Src/stm32l4xx_ll_sdmmc.o
                0x080030bc                SDMMC_ConfigData
 .text.SDMMC_CmdBlockLength
                0x080030e6       0x30 Drivers/STM32L4xx_HAL_Driver/Src/stm32l4xx_ll_sdmmc.o
                0x080030e6                SDMMC_CmdBlockLength
 .text.SDMMC_CmdReadSingleBlock
                0x08003116       0x30 Drivers/STM32L4xx_HAL_Driver/Src/stm32l4xx_ll_sdmmc.o
                0x08003116                SDMMC_CmdReadSingleBlock
 .text.SDMMC_CmdReadMultiBlock
                0x08003146       0x30 Drivers/STM32L4xx_HAL_Driver/Src/stm32l4xx_ll_sdmmc.o
                0x08003146                SDMMC_CmdReadMultiBlock
 .text.SDMMC_CmdWriteSingleBlock
                0x08003176       0x30 Drivers/STM32L4xx_HAL_Driver/Src/stm32l4xx_ll_sdmmc.o
                0x08003176                SDMMC_CmdWriteSingleBlock
 .text.SDMMC_CmdWriteMultiBlock
                0x080031a6       0x30 Drivers/STM32L4xx_HAL_Driver/Src/stm32l4xx_ll_sdmmc.o
                0x080031a6                SDMMC_CmdWriteMultiBlock
 *fill*         0x080031d6        0x2 
 .text.SDMMC_CmdStopTransfer
                0x080031d8       0x34 Drivers/STM32L4xx_HAL_Driver/Src/stm32l4xx_ll_sdmmc.o
                0x080031d8                SDMMC_CmdStopTransfer
 .text.SDMMC_CmdSelDesel
                0x0800320c       0x30 Drivers/STM32L4xx_HAL_Driver/Src/stm32l4xx_ll_sdmmc.o
                0x0800320c                SDMMC_CmdSelDesel
 .text.SDMMC_CmdGoIdleState
                0x0800323c       0x26 Drivers/STM32L4xx_HAL_Driver/Src/stm32l4xx_ll_sdmmc.o
                0x0800323c                SDMMC_CmdGoIdleState
 .text.SDMMC_CmdOperCond
                0x08003262       0x2e Drivers/STM32L4xx_HAL_Driver/Src/stm32l4xx_ll_sdmmc.o
                0x08003262                SDMMC_CmdOperCond
 .text.SDMMC_CmdAppCommand
                0x08003290       0x30 Drivers/STM32L4xx_HAL_Driver/Src/stm32l4xx_ll_sdmmc.o
                0x08003290                SDMMC_CmdAppCommand
 .text.SDMMC_CmdAppOperCommand
                0x080032c0       0x32 Drivers/STM32L4xx_HAL_Driver/Src/stm32l4xx_ll_sdmmc.o
                0x080032c0                SDMMC_CmdAppOperCommand
 .text.SDMMC_CmdBusWidth
                0x080032f2       0x30 Drivers/STM32L4xx_HAL_Driver/Src/stm32l4xx_ll_sdmmc.o
                0x080032f2                SDMMC_CmdBusWidth
 .text.SDMMC_CmdSendSCR
                0x08003322       0x30 Drivers/STM32L4xx_HAL_Driver/Src/stm32l4xx_ll_sdmmc.o
                0x08003322                SDMMC_CmdSendSCR
 .text.SDMMC_CmdSendCID
                0x08003352       0x2a Drivers/STM32L4xx_HAL_Driver/Src/stm32l4xx_ll_sdmmc.o
                0x08003352                SDMMC_CmdSendCID
 .text.SDMMC_CmdSendCSD
                0x0800337c       0x2a Drivers/STM32L4xx_HAL_Driver/Src/stm32l4xx_ll_sdmmc.o
                0x0800337c                SDMMC_CmdSendCSD
 .text.SDMMC_CmdSetRelAdd
                0x080033a6       0x30 Drivers/STM32L4xx_HAL_Driver/Src/stm32l4xx_ll_sdmmc.o
                0x080033a6                SDMMC_CmdSetRelAdd
 .text.SDMMC_CmdSendStatus
                0x080033d6       0x30 Drivers/STM32L4xx_HAL_Driver/Src/stm32l4xx_ll_sdmmc.o
                0x080033d6                SDMMC_CmdSendStatus
 *fill*         0x08003406        0x2 
 .text.disk_status
                0x08003408       0x18 Middlewares/Third_Party/FatFs/src/diskio.o
                0x08003408                disk_status
 .text.disk_initialize
                0x08003420       0x28 Middlewares/Third_Party/FatFs/src/diskio.o
                0x08003420                disk_initialize
 .text.disk_read
                0x08003448       0x18 Middlewares/Third_Party/FatFs/src/diskio.o
                0x08003448                disk_read
 .text.disk_write
                0x08003460       0x18 Middlewares/Third_Party/FatFs/src/diskio.o
                0x08003460                disk_write
 .text.disk_ioctl
                0x08003478       0x18 Middlewares/Third_Party/FatFs/src/diskio.o
                0x08003478                disk_ioctl
 .text.ld_word  0x08003490        0xa Middlewares/Third_Party/FatFs/src/ff.o
 .text.ld_dword
                0x0800349a       0x16 Middlewares/Third_Party/FatFs/src/ff.o
 .text.st_word  0x080034b0        0x8 Middlewares/Third_Party/FatFs/src/ff.o
 .text.st_dword
                0x080034b8       0x14 Middlewares/Third_Party/FatFs/src/ff.o
 .text.mem_cpy  0x080034cc       0x12 Middlewares/Third_Party/FatFs/src/ff.o
 .text.mem_set  0x080034de        0xa Middlewares/Third_Party/FatFs/src/ff.o
 .text.mem_cmp  0x080034e8       0x1e Middlewares/Third_Party/FatFs/src/ff.o
 .text.chk_chr  0x08003506       0x10 Middlewares/Third_Party/FatFs/src/ff.o
 *fill*         0x08003516        0x2 
 .text.chk_lock
                0x08003518       0x74 Middlewares/Third_Party/FatFs/src/ff.o
 .text.enq_lock
                0x0800358c       0x20 Middlewares/Third_Party/FatFs/src/ff.o
 .text.inc_lock
                0x080035ac       0xa4 Middlewares/Third_Party/FatFs/src/ff.o
 .text.dec_lock
                0x08003650       0x40 Middlewares/Third_Party/FatFs/src/ff.o
 .text.clear_lock
                0x08003690       0x3c Middlewares/Third_Party/FatFs/src/ff.o
 .text.clust2sect
                0x080036cc       0x18 Middlewares/Third_Party/FatFs/src/ff.o
 .text.clmt_clust
                0x080036e4       0x2c Middlewares/Third_Party/FatFs/src/ff.o
 .text.ld_clust
                0x08003710       0x26 Middlewares/Third_Party/FatFs/src/ff.o
 .text.st_clust
                0x08003736       0x26 Middlewares/Third_Party/FatFs/src/ff.o
 .text.put_lfn  0x0800375c       0x78 Middlewares/Third_Party/FatFs/src/ff.o
 .text.gen_numname
                0x080037d4       0xa6 Middlewares/Third_Party/FatFs/src/ff.o
 .text.sum_sfn  0x0800387a       0x1c Middlewares/Third_Party/FatFs/src/ff.o
 .text.get_ldnumber
                0x08003896       0x54 Middlewares/Third_Party/FatFs/src/ff.o
 .text.lock_fs  0x080038ea       0x1a Middlewares/Third_Party/FatFs/src/ff.o
 .text.validate
                0x08003904       0x40 Middlewares/Third_Party/FatFs/src/ff.o
 .text.sync_window
                0x08003944       0x54 Middlewares/Third_Party/FatFs/src/ff.o
 .text.move_window
                0x08003998       0x36 Middlewares/Third_Party/FatFs/src/ff.o
 *fill*         0x080039ce        0x2 
 .text.check_fs
                0x080039d0       0x7c Middlewares/Third_Party/FatFs/src/ff.o
 .text.find_volume
                0x08003a4c      0x340 Middlewares/Third_Party/FatFs/src/ff.o
 .text.put_fat  0x08003d8c      0x138 Middlewares/Third_Party/FatFs/src/ff.o
 .text.get_fat  0x08003ec4       0xfa Middlewares/Third_Party/FatFs/src/ff.o
 .text.dir_sdi  0x08003fbe       0xbe Middlewares/Third_Party/FatFs/src/ff.o
 .text.create_chain
                0x0800407c       0xc4 Middlewares/Third_Party/FatFs/src/ff.o
 .text.remove_chain
                0x08004140       0x7e Middlewares/Third_Party/FatFs/src/ff.o
 .text.dir_next
                0x080041be      0x128 Middlewares/Third_Party/FatFs/src/ff.o
 .text.dir_alloc
                0x080042e6       0x50 Middlewares/Third_Party/FatFs/src/ff.o
 *fill*         0x08004336        0x2 
 .text.sync_fs  0x08004338       0x88 Middlewares/Third_Party/FatFs/src/ff.o
 .text.unlock_fs
                0x080043c0       0x1a Middlewares/Third_Party/FatFs/src/ff.o
 *fill*         0x080043da        0x2 
 .text.create_name
                0x080043dc      0x228 Middlewares/Third_Party/FatFs/src/ff.o
 .text.cmp_lfn  0x08004604       0xb0 Middlewares/Third_Party/FatFs/src/ff.o
 .text.dir_find
                0x080046b4       0xe6 Middlewares/Third_Party/FatFs/src/ff.o
 .text.follow_path
                0x0800479a       0x92 Middlewares/Third_Party/FatFs/src/ff.o
 .text.dir_register
                0x0800482c      0x144 Middlewares/Third_Party/FatFs/src/ff.o
 .text.f_mount  0x08004970       0x8c Middlewares/Third_Party/FatFs/src/ff.o
                0x08004970                f_mount
 .text.f_open   0x080049fc      0x24e Middlewares/Third_Party/FatFs/src/ff.o
                0x080049fc                f_open
 .text.f_read   0x08004c4a      0x204 Middlewares/Third_Party/FatFs/src/ff.o
                0x08004c4a                f_read
 .text.f_write  0x08004e4e      0x23e Middlewares/Third_Party/FatFs/src/ff.o
                0x08004e4e                f_write
 .text.f_sync   0x0800508c       0xb0 Middlewares/Third_Party/FatFs/src/ff.o
                0x0800508c                f_sync
 .text.f_close  0x0800513c       0x3a Middlewares/Third_Party/FatFs/src/ff.o
                0x0800513c                f_close
 *fill*         0x08005176        0x2 
 .text.f_mkfs   0x08005178      0x65c Middlewares/Third_Party/FatFs/src/ff.o
                0x08005178                f_mkfs
 .text.FATFS_LinkDriverEx
                0x080057d4       0x48 Middlewares/Third_Party/FatFs/src/ff_gen_drv.o
                0x080057d4                FATFS_LinkDriverEx
 .text.FATFS_LinkDriver
                0x0800581c        0xa Middlewares/Third_Party/FatFs/src/ff_gen_drv.o
                0x0800581c                FATFS_LinkDriver
 *fill*         0x08005826        0x2 
 .text.ff_convert
                0x08005828       0x38 Middlewares/Third_Party/FatFs/src/option/ccsbcs.o
                0x08005828                ff_convert
 .text.ff_wtoupper
                0x08005860       0x98 Middlewares/Third_Party/FatFs/src/option/ccsbcs.o
                0x08005860                ff_wtoupper
 .text.ff_cre_syncobj
                0x080058f8       0x20 Middlewares/Third_Party/FatFs/src/option/syscall.o
                0x080058f8                ff_cre_syncobj
 .text.ff_del_syncobj
                0x08005918        0xa Middlewares/Third_Party/FatFs/src/option/syscall.o
                0x08005918                ff_del_syncobj
 .text.ff_req_grant
                0x08005922       0x14 Middlewares/Third_Party/FatFs/src/option/syscall.o
                0x08005922                ff_req_grant
 .text.ff_rel_grant
                0x08005936        0x8 Middlewares/Third_Party/FatFs/src/option/syscall.o
                0x08005936                ff_rel_grant
 .text.makeFreeRtosPriority
                0x0800593e        0xc Middlewares/Third_Party/FreeRTOS/Source/CMSIS_RTOS/cmsis_os.o
 .text.inHandlerMode
                0x0800594a        0xc Middlewares/Third_Party/FreeRTOS/Source/CMSIS_RTOS/cmsis_os.o
 .text.osKernelStart
                0x08005956        0xa Middlewares/Third_Party/FreeRTOS/Source/CMSIS_RTOS/cmsis_os.o
                0x08005956                osKernelStart
 .text.osKernelRunning
                0x08005960       0x12 Middlewares/Third_Party/FreeRTOS/Source/CMSIS_RTOS/cmsis_os.o
                0x08005960                osKernelRunning
 .text.osKernelSysTick
                0x08005972       0x14 Middlewares/Third_Party/FreeRTOS/Source/CMSIS_RTOS/cmsis_os.o
                0x08005972                osKernelSysTick
 .text.osThreadCreate
                0x08005986       0x34 Middlewares/Third_Party/FreeRTOS/Source/CMSIS_RTOS/cmsis_os.o
                0x08005986                osThreadCreate
 .text.osDelay  0x080059ba       0x12 Middlewares/Third_Party/FreeRTOS/Source/CMSIS_RTOS/cmsis_os.o
                0x080059ba                osDelay
 .text.osSemaphoreCreate
                0x080059cc       0x26 Middlewares/Third_Party/FreeRTOS/Source/CMSIS_RTOS/cmsis_os.o
                0x080059cc                osSemaphoreCreate
 *fill*         0x080059f2        0x2 
 .text.osSemaphoreWait
                0x080059f4       0x74 Middlewares/Third_Party/FreeRTOS/Source/CMSIS_RTOS/cmsis_os.o
                0x080059f4                osSemaphoreWait
 .text.osSemaphoreRelease
                0x08005a68       0x5c Middlewares/Third_Party/FreeRTOS/Source/CMSIS_RTOS/cmsis_os.o
                0x08005a68                osSemaphoreRelease
 .text.osSemaphoreDelete
                0x08005ac4       0x18 Middlewares/Third_Party/FreeRTOS/Source/CMSIS_RTOS/cmsis_os.o
                0x08005ac4                osSemaphoreDelete
 .text.osMessageCreate
                0x08005adc        0xe Middlewares/Third_Party/FreeRTOS/Source/CMSIS_RTOS/cmsis_os.o
                0x08005adc                osMessageCreate
 *fill*         0x08005aea        0x2 
 .text.osMessagePut
                0x08005aec       0x68 Middlewares/Third_Party/FreeRTOS/Source/CMSIS_RTOS/cmsis_os.o
                0x08005aec                osMessagePut
 .text.osMessageGet
                0x08005b54       0xa0 Middlewares/Third_Party/FreeRTOS/Source/CMSIS_RTOS/cmsis_os.o
                0x08005b54                osMessageGet
 .text.osSystickHandler
                0x08005bf4       0x10 Middlewares/Third_Party/FreeRTOS/Source/CMSIS_RTOS/cmsis_os.o
                0x08005bf4                osSystickHandler
 .text.vListInitialise
                0x08005c04       0x16 Middlewares/Third_Party/FreeRTOS/Source/list.o
                0x08005c04                vListInitialise
 .text.vListInitialiseItem
                0x08005c1a        0x6 Middlewares/Third_Party/FreeRTOS/Source/list.o
                0x08005c1a                vListInitialiseItem
 .text.vListInsertEnd
                0x08005c20       0x18 Middlewares/Third_Party/FreeRTOS/Source/list.o
                0x08005c20                vListInsertEnd
 .text.vListInsert
                0x08005c38       0x34 Middlewares/Third_Party/FreeRTOS/Source/list.o
                0x08005c38                vListInsert
 .text.uxListRemove
                0x08005c6c       0x26 Middlewares/Third_Party/FreeRTOS/Source/list.o
                0x08005c6c                uxListRemove
 .text.prvIsQueueFull
                0x08005c92       0x1e Middlewares/Third_Party/FreeRTOS/Source/queue.o
 .text.prvIsQueueEmpty
                0x08005cb0       0x1a Middlewares/Third_Party/FreeRTOS/Source/queue.o
 .text.prvCopyDataToQueue
                0x08005cca       0x76 Middlewares/Third_Party/FreeRTOS/Source/queue.o
 .text.prvCopyDataFromQueue
                0x08005d40       0x24 Middlewares/Third_Party/FreeRTOS/Source/queue.o
 .text.prvUnlockQueue
                0x08005d64       0x6e Middlewares/Third_Party/FreeRTOS/Source/queue.o
 *fill*         0x08005dd2        0x2 
 .text.xQueueGenericReset
                0x08005dd4       0x80 Middlewares/Third_Party/FreeRTOS/Source/queue.o
                0x08005dd4                xQueueGenericReset
 .text.prvInitialiseNewQueue
                0x08005e54       0x1c Middlewares/Third_Party/FreeRTOS/Source/queue.o
 .text.xQueueGenericCreate
                0x08005e70       0x48 Middlewares/Third_Party/FreeRTOS/Source/queue.o
                0x08005e70                xQueueGenericCreate
 .text.xQueueGenericSend
                0x08005eb8      0x188 Middlewares/Third_Party/FreeRTOS/Source/queue.o
                0x08005eb8                xQueueGenericSend
 .text.xQueueGenericSendFromISR
                0x08006040       0xde Middlewares/Third_Party/FreeRTOS/Source/queue.o
                0x08006040                xQueueGenericSendFromISR
 .text.xQueueGiveFromISR
                0x0800611e       0xbc Middlewares/Third_Party/FreeRTOS/Source/queue.o
                0x0800611e                xQueueGiveFromISR
 *fill*         0x080061da        0x2 
 .text.xQueueGenericReceive
                0x080061dc      0x1b0 Middlewares/Third_Party/FreeRTOS/Source/queue.o
                0x080061dc                xQueueGenericReceive
 .text.xQueueReceiveFromISR
                0x0800638c       0xb6 Middlewares/Third_Party/FreeRTOS/Source/queue.o
                0x0800638c                xQueueReceiveFromISR
 *fill*         0x08006442        0x2 
 .text.vQueueUnregisterQueue
                0x08006444       0x2c Middlewares/Third_Party/FreeRTOS/Source/queue.o
                0x08006444                vQueueUnregisterQueue
 .text.vQueueDelete
                0x08006470       0x24 Middlewares/Third_Party/FreeRTOS/Source/queue.o
                0x08006470                vQueueDelete
 .text.prvResetNextTaskUnblockTime
                0x08006494       0x2c Middlewares/Third_Party/FreeRTOS/Source/tasks.o
 .text.prvDeleteTCB
                0x080064c0       0x12 Middlewares/Third_Party/FreeRTOS/Source/tasks.o
 .text.prvInitialiseNewTask
                0x080064d2       0x80 Middlewares/Third_Party/FreeRTOS/Source/tasks.o
 *fill*         0x08006552        0x2 
 .text.prvInitialiseTaskLists
                0x08006554       0x58 Middlewares/Third_Party/FreeRTOS/Source/tasks.o
 .text.prvAddNewTaskToReadyList
                0x080065ac       0xac Middlewares/Third_Party/FreeRTOS/Source/tasks.o
 .text.prvAddCurrentTaskToDelayedList
                0x08006658       0x88 Middlewares/Third_Party/FreeRTOS/Source/tasks.o
 .text.xTaskCreate
                0x080066e0       0x62 Middlewares/Third_Party/FreeRTOS/Source/tasks.o
                0x080066e0                xTaskCreate
 *fill*         0x08006742        0x2 
 .text.vTaskStartScheduler
                0x08006744       0x74 Middlewares/Third_Party/FreeRTOS/Source/tasks.o
                0x08006744                vTaskStartScheduler
 .text.vTaskSuspendAll
                0x080067b8       0x14 Middlewares/Third_Party/FreeRTOS/Source/tasks.o
                0x080067b8                vTaskSuspendAll
 .text.xTaskGetTickCount
                0x080067cc        0xc Middlewares/Third_Party/FreeRTOS/Source/tasks.o
                0x080067cc                xTaskGetTickCount
 .text.xTaskGetTickCountFromISR
                0x080067d8       0x14 Middlewares/Third_Party/FreeRTOS/Source/tasks.o
                0x080067d8                xTaskGetTickCountFromISR
 .text.xTaskIncrementTick
                0x080067ec      0x114 Middlewares/Third_Party/FreeRTOS/Source/tasks.o
                0x080067ec                xTaskIncrementTick
 .text.xTaskResumeAll
                0x08006900       0xf4 Middlewares/Third_Party/FreeRTOS/Source/tasks.o
                0x08006900                xTaskResumeAll
 .text.vTaskDelay
                0x080069f4       0x50 Middlewares/Third_Party/FreeRTOS/Source/tasks.o
                0x080069f4                vTaskDelay
 .text.prvCheckTasksWaitingTermination
                0x08006a44       0x54 Middlewares/Third_Party/FreeRTOS/Source/tasks.o
 .text.prvIdleTask
                0x08006a98       0x28 Middlewares/Third_Party/FreeRTOS/Source/tasks.o
 .text.vTaskSwitchContext
                0x08006ac0       0x90 Middlewares/Third_Party/FreeRTOS/Source/tasks.o
                0x08006ac0                vTaskSwitchContext
 .text.vTaskPlaceOnEventList
                0x08006b50       0x34 Middlewares/Third_Party/FreeRTOS/Source/tasks.o
                0x08006b50                vTaskPlaceOnEventList
 .text.xTaskRemoveFromEventList
                0x08006b84       0x84 Middlewares/Third_Party/FreeRTOS/Source/tasks.o
                0x08006b84                xTaskRemoveFromEventList
 .text.vTaskSetTimeOutState
                0x08006c08       0x28 Middlewares/Third_Party/FreeRTOS/Source/tasks.o
                0x08006c08                vTaskSetTimeOutState
 .text.xTaskCheckForTimeOut
                0x08006c30       0x80 Middlewares/Third_Party/FreeRTOS/Source/tasks.o
                0x08006c30                xTaskCheckForTimeOut
 .text.vTaskMissedYield
                0x08006cb0       0x10 Middlewares/Third_Party/FreeRTOS/Source/tasks.o
                0x08006cb0                vTaskMissedYield
 .text.xTaskGetSchedulerState
                0x08006cc0       0x20 Middlewares/Third_Party/FreeRTOS/Source/tasks.o
                0x08006cc0                xTaskGetSchedulerState
 .text.vTaskPriorityInherit
                0x08006ce0       0xb0 Middlewares/Third_Party/FreeRTOS/Source/tasks.o
                0x08006ce0                vTaskPriorityInherit
 .text.xTaskPriorityDisinherit
                0x08006d90       0xb8 Middlewares/Third_Party/FreeRTOS/Source/tasks.o
                0x08006d90                xTaskPriorityDisinherit
 .text.pvTaskIncrementMutexHeldCount
                0x08006e48       0x20 Middlewares/Third_Party/FreeRTOS/Source/tasks.o
                0x08006e48                pvTaskIncrementMutexHeldCount
 .text.prvTaskExitError
                0x08006e68       0x34 Middlewares/Third_Party/FreeRTOS/Source/portable/GCC/ARM_CM4F/port.o
 .text.prvPortStartFirstTask
                0x08006e9c       0x20 Middlewares/Third_Party/FreeRTOS/Source/portable/GCC/ARM_CM4F/port.o
 .text.vPortEnableVFP
                0x08006ebc       0x14 Middlewares/Third_Party/FreeRTOS/Source/portable/GCC/ARM_CM4F/port.o
 .text.pxPortInitialiseStack
                0x08006ed0       0x2c Middlewares/Third_Party/FreeRTOS/Source/portable/GCC/ARM_CM4F/port.o
                0x08006ed0                pxPortInitialiseStack
 *fill*         0x08006efc        0x4 
 .text.SVC_Handler
                0x08006f00       0x24 Middlewares/Third_Party/FreeRTOS/Source/portable/GCC/ARM_CM4F/port.o
                0x08006f00                SVC_Handler
 .text.vPortEnterCritical
                0x08006f24       0x44 Middlewares/Third_Party/FreeRTOS/Source/portable/GCC/ARM_CM4F/port.o
                0x08006f24                vPortEnterCritical
 .text.vPortExitCritical
                0x08006f68       0x2c Middlewares/Third_Party/FreeRTOS/Source/portable/GCC/ARM_CM4F/port.o
                0x08006f68                vPortExitCritical
 *fill*         0x08006f94        0xc 
 .text.PendSV_Handler
                0x08006fa0       0x64 Middlewares/Third_Party/FreeRTOS/Source/portable/GCC/ARM_CM4F/port.o
                0x08006fa0                PendSV_Handler
 .text.xPortSysTickHandler
                0x08007004       0x2c Middlewares/Third_Party/FreeRTOS/Source/portable/GCC/ARM_CM4F/port.o
                0x08007004                xPortSysTickHandler
 .text.vPortSetupTimerInterrupt
                0x08007030       0x2c Middlewares/Third_Party/FreeRTOS/Source/portable/GCC/ARM_CM4F/port.o
                0x08007030                vPortSetupTimerInterrupt
 .text.xPortStartScheduler
                0x0800705c       0xe8 Middlewares/Third_Party/FreeRTOS/Source/portable/GCC/ARM_CM4F/port.o
                0x0800705c                xPortStartScheduler
 .text.vPortValidateInterruptPriority
                0x08007144       0x58 Middlewares/Third_Party/FreeRTOS/Source/portable/GCC/ARM_CM4F/port.o
                0x08007144                vPortValidateInterruptPriority
 .text.prvHeapInit
                0x0800719c       0x58 Middlewares/Third_Party/FreeRTOS/Source/portable/MemMang/heap_4.o
 .text.prvInsertBlockIntoFreeList
                0x080071f4       0x58 Middlewares/Third_Party/FreeRTOS/Source/portable/MemMang/heap_4.o
 .text.pvPortMalloc
                0x0800724c      0x10c Middlewares/Third_Party/FreeRTOS/Source/portable/MemMang/heap_4.o
                0x0800724c                pvPortMalloc
 .text.vPortFree
                0x08007358       0x70 Middlewares/Third_Party/FreeRTOS/Source/portable/MemMang/heap_4.o
                0x08007358                vPortFree
 .text.SD_DMAConfigRx
                0x080073c8       0x5c Src/bsp_driver_sd.o
 .text.SD_DMAConfigTx
                0x08007424       0x64 Src/bsp_driver_sd.o
 .text.BSP_SD_ITConfig
                0x08007488        0x4 Src/bsp_driver_sd.o
                0x08007488                BSP_SD_ITConfig
 .text.BSP_SD_ReadBlocks_DMA
                0x0800748c       0x34 Src/bsp_driver_sd.o
                0x0800748c                BSP_SD_ReadBlocks_DMA
 .text.BSP_SD_WriteBlocks_DMA
                0x080074c0       0x34 Src/bsp_driver_sd.o
                0x080074c0                BSP_SD_WriteBlocks_DMA
 .text.BSP_SD_AbortCallback
                0x080074f4        0x2 Src/bsp_driver_sd.o
                0x080074f4                BSP_SD_AbortCallback
 *fill*         0x080074f6        0x2 
 .text.BSP_SD_GetCardState
                0x080074f8       0x14 Src/bsp_driver_sd.o
                0x080074f8                BSP_SD_GetCardState
 .text.BSP_SD_GetCardInfo
                0x0800750c       0x10 Src/bsp_driver_sd.o
                0x0800750c                BSP_SD_GetCardInfo
 .text.HAL_SD_AbortCallback
                0x0800751c        0x8 Src/bsp_driver_sd.o
                0x0800751c                HAL_SD_AbortCallback
 .text.HAL_SD_TxCpltCallback
                0x08007524        0x8 Src/bsp_driver_sd.o
                0x08007524                HAL_SD_TxCpltCallback
 .text.HAL_SD_RxCpltCallback
                0x0800752c        0x8 Src/bsp_driver_sd.o
                0x0800752c                HAL_SD_RxCpltCallback
 .text.BSP_SD_IsDetected
                0x08007534       0x10 Src/bsp_driver_sd.o
                0x08007534                BSP_SD_IsDetected
 .text.BSP_SD_Init
                0x08007544       0x34 Src/bsp_driver_sd.o
                0x08007544                BSP_SD_Init
 .text.MX_FATFS_Init
                0x08007578       0x1c Src/fatfs.o
                0x08007578                MX_FATFS_Init
 .text.get_fattime
                0x08007594       0x64 Src/fatfs.o
                0x08007594                get_fattime
 .text.MX_SDMMC1_SD_Init
                0x080075f8       0x20 Src/main.o
 .text.MX_GPIO_Init
                0x08007618       0x6c Src/main.o
 .text.MX_DMA_Init
                0x08007684       0x34 Src/main.o
 .text.LEDTaskFunc
                0x080076b8        0xa Src/main.o
                0x080076b8                LEDTaskFunc
 *fill*         0x080076c2        0x2 
 .text.SD_Initialize
                0x080076c4       0x28 Src/main.o
 .text.FS_FileOperations
                0x080076ec       0xec Src/main.o
 .text.SDcardTaskFunc
                0x080077d8       0x24 Src/main.o
                0x080077d8                SDcardTaskFunc
 .text.HAL_TIM_PeriodElapsedCallback
                0x080077fc       0x18 Src/main.o
                0x080077fc                HAL_TIM_PeriodElapsedCallback
 .text._Error_Handler
                0x08007814        0x2 Src/main.o
                0x08007814                _Error_Handler
 *fill*         0x08007816        0x2 
 .text.MX_RTC_Init
                0x08007818       0xac Src/main.o
 .text.SystemClock_Config
                0x080078c4       0xe0 Src/main.o
                0x080078c4                SystemClock_Config
 .text.main     0x080079a4       0x60 Src/main.o
                0x080079a4                main
 .text.SD_CheckStatus
                0x08007a04       0x24 Src/sd_diskio.o
 .text.SD_initialize
                0x08007a28       0x5c Src/sd_diskio.o
                0x08007a28                SD_initialize
 .text.SD_status
                0x08007a84        0x8 Src/sd_diskio.o
                0x08007a84                SD_status
 .text.SD_read  0x08007a8c       0x60 Src/sd_diskio.o
                0x08007a8c                SD_read
 .text.SD_write
                0x08007aec       0x60 Src/sd_diskio.o
                0x08007aec                SD_write
 .text.SD_ioctl
                0x08007b4c       0x5c Src/sd_diskio.o
                0x08007b4c                SD_ioctl
 .text.BSP_SD_WriteCpltCallback
                0x08007ba8       0x18 Src/sd_diskio.o
                0x08007ba8                BSP_SD_WriteCpltCallback
 .text.BSP_SD_ReadCpltCallback
                0x08007bc0       0x18 Src/sd_diskio.o
                0x08007bc0                BSP_SD_ReadCpltCallback
 .text.HAL_MspInit
                0x08007bd8       0x90 Src/stm32l4xx_hal_msp.o
                0x08007bd8                HAL_MspInit
 .text.HAL_RTC_MspInit
                0x08007c68       0x24 Src/stm32l4xx_hal_msp.o
                0x08007c68                HAL_RTC_MspInit
 .text.HAL_SD_MspInit
                0x08007c8c       0xf4 Src/stm32l4xx_hal_msp.o
                0x08007c8c                HAL_SD_MspInit
 .text.HAL_InitTick
                0x08007d80       0x78 Src/stm32l4xx_hal_timebase_TIM.o
                0x08007d80                HAL_InitTick
 .text.NMI_Handler
                0x08007df8        0x2 Src/stm32l4xx_it.o
                0x08007df8                NMI_Handler
 .text.HardFault_Handler
                0x08007dfa        0x2 Src/stm32l4xx_it.o
                0x08007dfa                HardFault_Handler
 .text.MemManage_Handler
                0x08007dfc        0x2 Src/stm32l4xx_it.o
                0x08007dfc                MemManage_Handler
 .text.BusFault_Handler
                0x08007dfe        0x2 Src/stm32l4xx_it.o
                0x08007dfe                BusFault_Handler
 .text.UsageFault_Handler
                0x08007e00        0x2 Src/stm32l4xx_it.o
                0x08007e00                UsageFault_Handler
 .text.DebugMon_Handler
                0x08007e02        0x2 Src/stm32l4xx_it.o
                0x08007e02                DebugMon_Handler
 .text.SysTick_Handler
                0x08007e04        0x8 Src/stm32l4xx_it.o
                0x08007e04                SysTick_Handler
 .text.SDMMC1_IRQHandler
                0x08007e0c       0x10 Src/stm32l4xx_it.o
                0x08007e0c                SDMMC1_IRQHandler
 .text.TIM6_DAC_IRQHandler
                0x08007e1c       0x10 Src/stm32l4xx_it.o
                0x08007e1c                TIM6_DAC_IRQHandler
 .text.DMA2_Channel5_IRQHandler
                0x08007e2c       0x3c Src/stm32l4xx_it.o
                0x08007e2c                DMA2_Channel5_IRQHandler
 .text.SystemInit
                0x08007e68       0x48 Src/system_stm32l4xx.o
                0x08007e68                SystemInit
 .text.Reset_Handler
                0x08007eb0       0x50 startup/startup_stm32l476xx.o
                0x08007eb0                Reset_Handler
 .text.Default_Handler
                0x08007f00        0x2 startup/startup_stm32l476xx.o
                0x08007f00                RTC_Alarm_IRQHandler
                0x08007f00                EXTI2_IRQHandler
                0x08007f00                TIM8_TRG_COM_IRQHandler
                0x08007f00                TIM8_CC_IRQHandler
                0x08007f00                TIM1_CC_IRQHandler
                0x08007f00                TSC_IRQHandler
                0x08007f00                TAMP_STAMP_IRQHandler
                0x08007f00                EXTI3_IRQHandler
                0x08007f00                LPTIM2_IRQHandler
                0x08007f00                DFSDM1_FLT1_IRQHandler
                0x08007f00                I2C3_ER_IRQHandler
                0x08007f00                DFSDM1_FLT2_IRQHandler
                0x08007f00                EXTI0_IRQHandler
                0x08007f00                I2C2_EV_IRQHandler
                0x08007f00                CAN1_RX0_IRQHandler
                0x08007f00                FPU_IRQHandler
                0x08007f00                TIM1_UP_TIM16_IRQHandler
                0x08007f00                ADC1_2_IRQHandler
                0x08007f00                SPI1_IRQHandler
                0x08007f00                TIM8_UP_IRQHandler
                0x08007f00                DMA2_Channel2_IRQHandler
                0x08007f00                DMA1_Channel4_IRQHandler
                0x08007f00                SAI2_IRQHandler
                0x08007f00                DFSDM1_FLT3_IRQHandler
                0x08007f00                USART3_IRQHandler
                0x08007f00                DMA1_Channel7_IRQHandler
                0x08007f00                CAN1_RX1_IRQHandler
                0x08007f00                LCD_IRQHandler
                0x08007f00                UART5_IRQHandler
                0x08007f00                ADC3_IRQHandler
                0x08007f00                TIM4_IRQHandler
                0x08007f00                DMA2_Channel1_IRQHandler
                0x08007f00                QUADSPI_IRQHandler
                0x08007f00                I2C1_EV_IRQHandler
                0x08007f00                DMA1_Channel6_IRQHandler
                0x08007f00                UART4_IRQHandler
                0x08007f00                DMA2_Channel4_IRQHandler
                0x08007f00                TIM3_IRQHandler
                0x08007f00                RCC_IRQHandler
                0x08007f00                DMA1_Channel1_IRQHandler
                0x08007f00                Default_Handler
                0x08007f00                DMA2_Channel7_IRQHandler
                0x08007f00                EXTI15_10_IRQHandler
                0x08007f00                TIM7_IRQHandler
                0x08007f00                TIM5_IRQHandler
                0x08007f00                I2C3_EV_IRQHandler
                0x08007f00                EXTI9_5_IRQHandler
                0x08007f00                RTC_WKUP_IRQHandler
                0x08007f00                PVD_PVM_IRQHandler
                0x08007f00                SPI2_IRQHandler
                0x08007f00                CAN1_TX_IRQHandler
                0x08007f00                DMA1_Channel5_IRQHandler
                0x08007f00                EXTI4_IRQHandler
                0x08007f00                RNG_IRQHandler
                0x08007f00                TIM1_TRG_COM_TIM17_IRQHandler
                0x08007f00                DMA1_Channel3_IRQHandler
                0x08007f00                COMP_IRQHandler
                0x08007f00                WWDG_IRQHandler
                0x08007f00                LPUART1_IRQHandler
                0x08007f00                DMA2_Channel6_IRQHandler
                0x08007f00                TIM2_IRQHandler
                0x08007f00                EXTI1_IRQHandler
                0x08007f00                USART2_IRQHandler
                0x08007f00                DFSDM1_FLT0_IRQHandler
                0x08007f00                I2C2_ER_IRQHandler
                0x08007f00                DMA1_Channel2_IRQHandler
                0x08007f00                TIM8_BRK_IRQHandler
                0x08007f00                CAN1_SCE_IRQHandler
                0x08007f00                FLASH_IRQHandler
                0x08007f00                USART1_IRQHandler
                0x08007f00                OTG_FS_IRQHandler
                0x08007f00                SPI3_IRQHandler
                0x08007f00                I2C1_ER_IRQHandler
                0x08007f00                FMC_IRQHandler
                0x08007f00                SWPMI1_IRQHandler
                0x08007f00                LPTIM1_IRQHandler
                0x08007f00                SAI1_IRQHandler
                0x08007f00                DMA2_Channel3_IRQHandler
                0x08007f00                TIM1_BRK_TIM15_IRQHandler
 *fill*         0x08007f02        0x2 
 .text.__libc_init_array
                0x08007f04       0x48 c:/ac6/systemworkbench/plugins/fr.ac6.mcu.externaltools.arm-none.win32_1.15.0.201708311556/tools/compiler/bin/../lib/gcc/arm-none-eabi/6.3.1/../../../../arm-none-eabi/lib/thumb/v7e-m/fpv4-sp/hard\libc_nano.a(lib_a-init.o)
                0x08007f04                __libc_init_array
 .text.memcpy   0x08007f4c       0x16 c:/ac6/systemworkbench/plugins/fr.ac6.mcu.externaltools.arm-none.win32_1.15.0.201708311556/tools/compiler/bin/../lib/gcc/arm-none-eabi/6.3.1/../../../../arm-none-eabi/lib/thumb/v7e-m/fpv4-sp/hard\libc_nano.a(lib_a-memcpy-stub.o)
                0x08007f4c                memcpy
 *(.glue_7)
 .glue_7        0x08007f62        0x0 linker stubs
 *(.glue_7t)
 .glue_7t       0x08007f62        0x0 linker stubs
 *(.eh_frame)
 *fill*         0x08007f62        0x2 
 .eh_frame      0x08007f64        0x0 c:/ac6/systemworkbench/plugins/fr.ac6.mcu.externaltools.arm-none.win32_1.15.0.201708311556/tools/compiler/bin/../lib/gcc/arm-none-eabi/6.3.1/thumb/v7e-m/fpv4-sp/hard/crtbegin.o
 *(.init)
 .init          0x08007f64        0x4 c:/ac6/systemworkbench/plugins/fr.ac6.mcu.externaltools.arm-none.win32_1.15.0.201708311556/tools/compiler/bin/../lib/gcc/arm-none-eabi/6.3.1/thumb/v7e-m/fpv4-sp/hard/crti.o
                0x08007f64                _init
 .init          0x08007f68        0x8 c:/ac6/systemworkbench/plugins/fr.ac6.mcu.externaltools.arm-none.win32_1.15.0.201708311556/tools/compiler/bin/../lib/gcc/arm-none-eabi/6.3.1/thumb/v7e-m/fpv4-sp/hard/crtn.o
 *(.fini)
 .fini          0x08007f70        0x4 c:/ac6/systemworkbench/plugins/fr.ac6.mcu.externaltools.arm-none.win32_1.15.0.201708311556/tools/compiler/bin/../lib/gcc/arm-none-eabi/6.3.1/thumb/v7e-m/fpv4-sp/hard/crti.o
                0x08007f70                _fini
 .fini          0x08007f74        0x8 c:/ac6/systemworkbench/plugins/fr.ac6.mcu.externaltools.arm-none.win32_1.15.0.201708311556/tools/compiler/bin/../lib/gcc/arm-none-eabi/6.3.1/thumb/v7e-m/fpv4-sp/hard/crtn.o
                0x08007f80                . = ALIGN (0x8)
 *fill*         0x08007f7c        0x4 
                0x08007f80                _etext = .

.vfp11_veneer   0x08007f80        0x0
 .vfp11_veneer  0x08007f80        0x0 linker stubs

.v4_bx          0x08007f80        0x0
 .v4_bx         0x08007f80        0x0 linker stubs

.iplt           0x08007f80        0x0
 .iplt          0x08007f80        0x0 c:/ac6/systemworkbench/plugins/fr.ac6.mcu.externaltools.arm-none.win32_1.15.0.201708311556/tools/compiler/bin/../lib/gcc/arm-none-eabi/6.3.1/thumb/v7e-m/fpv4-sp/hard/crtbegin.o

.rodata         0x08007f80      0x5e0
                0x08007f80                . = ALIGN (0x8)
 *(.rodata)
 .rodata        0x08007f80       0xae Middlewares/Third_Party/FatFs/src/ff.o
 *fill*         0x0800802e        0x2 
 .rodata        0x08008030      0x3ae Middlewares/Third_Party/FatFs/src/option/ccsbcs.o
 *fill*         0x080083de        0x2 
 .rodata        0x080083e0       0x28 Src/main.o
 .rodata        0x08008408       0x1c Src/sd_diskio.o
                0x08008410                SD_Driver
 .rodata        0x08008424       0x48 Src/system_stm32l4xx.o
                0x08008424                MSIRangeTable
                0x08008454                AHBPrescTable
                0x08008464                APBPrescTable
 *(.rodata*)
 .rodata.str1.4
                0x0800846c       0x48 Middlewares/Third_Party/FatFs/src/ff.o
 .rodata.str1.4
                0x080084b4        0x5 Middlewares/Third_Party/FreeRTOS/Source/tasks.o
 *fill*         0x080084b9        0x3 
 .rodata.str1.4
                0x080084bc       0x83 Src/main.o
 *fill*         0x0800853f        0x1 
 .rodata.str1.4
                0x08008540       0x1c Src/stm32l4xx_hal_msp.o
                                 0x1b (size before relaxing)
                0x08008560                . = ALIGN (0x8)
 *fill*         0x0800855c        0x4 

.rel.dyn        0x08008560        0x0
 .rel.iplt      0x08008560        0x0 c:/ac6/systemworkbench/plugins/fr.ac6.mcu.externaltools.arm-none.win32_1.15.0.201708311556/tools/compiler/bin/../lib/gcc/arm-none-eabi/6.3.1/thumb/v7e-m/fpv4-sp/hard/crtbegin.o

.ARM.extab      0x08008560        0x0
                0x08008560                . = ALIGN (0x8)
 *(.ARM.extab* .gnu.linkonce.armextab.*)
                0x08008560                . = ALIGN (0x8)

.ARM            0x08008560        0x0
                0x08008560                . = ALIGN (0x8)
                0x08008560                __exidx_start = .
 *(.ARM.exidx*)
                0x08008560                __exidx_end = .
                0x08008560                . = ALIGN (0x8)

.preinit_array  0x08008560        0x0
                0x08008560                . = ALIGN (0x8)
                0x08008560                PROVIDE (__preinit_array_start, .)
 *(.preinit_array*)
                0x08008560                PROVIDE (__preinit_array_end, .)
                0x08008560                . = ALIGN (0x8)

.init_array     0x08008560        0x8
                0x08008560                . = ALIGN (0x8)
                0x08008560                PROVIDE (__init_array_start, .)
 *(SORT(.init_array.*))
 *(.init_array*)
 .init_array    0x08008560        0x4 c:/ac6/systemworkbench/plugins/fr.ac6.mcu.externaltools.arm-none.win32_1.15.0.201708311556/tools/compiler/bin/../lib/gcc/arm-none-eabi/6.3.1/thumb/v7e-m/fpv4-sp/hard/crtbegin.o
                0x08008564                PROVIDE (__init_array_end, .)
                0x08008568                . = ALIGN (0x8)
 *fill*         0x08008564        0x4 

.fini_array     0x08008568        0x8
                0x08008568                . = ALIGN (0x8)
                [!provide]                PROVIDE (__fini_array_start, .)
 *(SORT(.fini_array.*))
 *(.fini_array*)
 .fini_array    0x08008568        0x4 c:/ac6/systemworkbench/plugins/fr.ac6.mcu.externaltools.arm-none.win32_1.15.0.201708311556/tools/compiler/bin/../lib/gcc/arm-none-eabi/6.3.1/thumb/v7e-m/fpv4-sp/hard/crtbegin.o
                [!provide]                PROVIDE (__fini_array_end, .)
                0x08008570                . = ALIGN (0x8)
 *fill*         0x0800856c        0x4 
                0x08008570                _sidata = LOADADDR (.data)

.data           0x20000000       0x10 load address 0x08008570
                0x20000000                . = ALIGN (0x8)
                0x20000000                _sdata = .
 *(.data)
 .data          0x20000000        0x4 Middlewares/Third_Party/FreeRTOS/Source/portable/GCC/ARM_CM4F/port.o
 .data          0x20000004        0x1 Src/sd_diskio.o
 *fill*         0x20000005        0x3 
 .data          0x20000008        0x4 Src/system_stm32l4xx.o
                0x20000008                SystemCoreClock
 *(.data*)
                0x20000010                . = ALIGN (0x8)
 *fill*         0x2000000c        0x4 
                0x20000010                _edata = .

.jcr            0x20000010        0x0 load address 0x08008580
 .jcr           0x20000010        0x0 c:/ac6/systemworkbench/plugins/fr.ac6.mcu.externaltools.arm-none.win32_1.15.0.201708311556/tools/compiler/bin/../lib/gcc/arm-none-eabi/6.3.1/thumb/v7e-m/fpv4-sp/hard/crtbegin.o

.igot.plt       0x20000010        0x0 load address 0x08008580
 .igot.plt      0x20000010        0x0 c:/ac6/systemworkbench/plugins/fr.ac6.mcu.externaltools.arm-none.win32_1.15.0.201708311556/tools/compiler/bin/../lib/gcc/arm-none-eabi/6.3.1/thumb/v7e-m/fpv4-sp/hard/crtbegin.o
                0x20000010                . = ALIGN (0x4)

.bss            0x20000010     0xa310 load address 0x08008580
                0x20000010                _sbss = .
                0x20000010                __bss_start__ = _sbss
 *(.bss)
 .bss           0x20000010       0x1c c:/ac6/systemworkbench/plugins/fr.ac6.mcu.externaltools.arm-none.win32_1.15.0.201708311556/tools/compiler/bin/../lib/gcc/arm-none-eabi/6.3.1/thumb/v7e-m/fpv4-sp/hard/crtbegin.o
 .bss           0x2000002c       0x26 Middlewares/Third_Party/FatFs/src/ff.o
 *fill*         0x20000052        0x2 
 .bss           0x20000054        0xc Middlewares/Third_Party/FatFs/src/ff_gen_drv.o
                0x20000054                disk
 .bss           0x20000060      0x12c Middlewares/Third_Party/FreeRTOS/Source/tasks.o
                0x20000160                pxCurrentTCB
 .bss           0x2000018c        0x8 Middlewares/Third_Party/FreeRTOS/Source/portable/GCC/ARM_CM4F/port.o
 .bss           0x20000194     0x3e98 Middlewares/Third_Party/FreeRTOS/Source/portable/MemMang/heap_4.o
 .bss           0x2000402c       0x90 Src/bsp_driver_sd.o
 .bss           0x200040bc        0x2 Src/main.o
 *fill*         0x200040be        0x2 
 .bss           0x200040c0        0x4 Src/sd_diskio.o
 *(.bss*)
 *(COMMON)
 COMMON         0x200040c4        0x4 Drivers/STM32L4xx_HAL_Driver/Src/stm32l4xx_hal.o
                0x200040c4                uwTick
 COMMON         0x200040c8       0x40 Middlewares/Third_Party/FreeRTOS/Source/queue.o
                0x200040c8                xQueueRegistry
 COMMON         0x20004108     0x2074 Src/fatfs.o
                0x20004108                retSD
                0x2000410c                SDPath
                0x20004110                SDFile
                0x20005140                SDFatFS
 COMMON         0x2000617c     0x4164 Src/main.o
                0x2000617c                LEDTaskHandle
                0x20006180                SDcardTaskHandle
                0x20006184                hsd1
                0x20006208                workBuffer
                0x20008208                hrtc
                0x2000822c                SDFatFs
                0x20009268                MyFile
                0x2000a298                hdma_sdmmc1
 COMMON         0x2000a2e0       0x40 Src/stm32l4xx_hal_timebase_TIM.o
                0x2000a2e0                htim6
                0x2000a320                . = ALIGN (0x4)
                0x2000a320                _ebss = .
                0x2000a320                __bss_end__ = _ebss

._user_heap_stack
                0x2000a320     0x6000 load address 0x08008580
                0x2000a320                . = ALIGN (0x8)
                [!provide]                PROVIDE (end, .)
                [!provide]                PROVIDE (_end, .)
                0x2000d320                . = (. + _Min_Heap_Size)
 *fill*         0x2000a320     0x3000 
                0x20010320                . = (. + _Min_Stack_Size)
 *fill*         0x2000d320     0x3000 
                0x20010320                . = ALIGN (0x8)

/DISCARD/
 libc.a(*)
 libm.a(*)
 libgcc.a(*)

.ARM.attributes
                0x00000000       0x30
 *(.ARM.attributes)
 .ARM.attributes
                0x00000000       0x22 c:/ac6/systemworkbench/plugins/fr.ac6.mcu.externaltools.arm-none.win32_1.15.0.201708311556/tools/compiler/bin/../lib/gcc/arm-none-eabi/6.3.1/thumb/v7e-m/fpv4-sp/hard/crti.o
 .ARM.attributes
                0x00000022       0x34 c:/ac6/systemworkbench/plugins/fr.ac6.mcu.externaltools.arm-none.win32_1.15.0.201708311556/tools/compiler/bin/../lib/gcc/arm-none-eabi/6.3.1/thumb/v7e-m/fpv4-sp/hard/crtbegin.o
 .ARM.attributes
                0x00000056       0x39 Drivers/STM32L4xx_HAL_Driver/Src/stm32l4xx_hal.o
 .ARM.attributes
                0x0000008f       0x39 Drivers/STM32L4xx_HAL_Driver/Src/stm32l4xx_hal_cortex.o
 .ARM.attributes
                0x000000c8       0x39 Drivers/STM32L4xx_HAL_Driver/Src/stm32l4xx_hal_dma.o
 .ARM.attributes
                0x00000101       0x39 Drivers/STM32L4xx_HAL_Driver/Src/stm32l4xx_hal_gpio.o
 .ARM.attributes
                0x0000013a       0x39 Drivers/STM32L4xx_HAL_Driver/Src/stm32l4xx_hal_pwr_ex.o
 .ARM.attributes
                0x00000173       0x39 Drivers/STM32L4xx_HAL_Driver/Src/stm32l4xx_hal_rcc.o
 .ARM.attributes
                0x000001ac       0x39 Drivers/STM32L4xx_HAL_Driver/Src/stm32l4xx_hal_rcc_ex.o
 .ARM.attributes
                0x000001e5       0x39 Drivers/STM32L4xx_HAL_Driver/Src/stm32l4xx_hal_rtc.o
 .ARM.attributes
                0x0000021e       0x39 Drivers/STM32L4xx_HAL_Driver/Src/stm32l4xx_hal_rtc_ex.o
 .ARM.attributes
                0x00000257       0x39 Drivers/STM32L4xx_HAL_Driver/Src/stm32l4xx_hal_sd.o
 .ARM.attributes
                0x00000290       0x39 Drivers/STM32L4xx_HAL_Driver/Src/stm32l4xx_hal_tim.o
 .ARM.attributes
                0x000002c9       0x39 Drivers/STM32L4xx_HAL_Driver/Src/stm32l4xx_hal_tim_ex.o
 .ARM.attributes
                0x00000302       0x39 Drivers/STM32L4xx_HAL_Driver/Src/stm32l4xx_ll_sdmmc.o
 .ARM.attributes
                0x0000033b       0x39 Middlewares/Third_Party/FatFs/src/diskio.o
 .ARM.attributes
                0x00000374       0x39 Middlewares/Third_Party/FatFs/src/ff.o
 .ARM.attributes
                0x000003ad       0x39 Middlewares/Third_Party/FatFs/src/ff_gen_drv.o
 .ARM.attributes
                0x000003e6       0x39 Middlewares/Third_Party/FatFs/src/option/ccsbcs.o
 .ARM.attributes
                0x0000041f       0x39 Middlewares/Third_Party/FatFs/src/option/syscall.o
 .ARM.attributes
                0x00000458       0x39 Middlewares/Third_Party/FreeRTOS/Source/CMSIS_RTOS/cmsis_os.o
 .ARM.attributes
                0x00000491       0x39 Middlewares/Third_Party/FreeRTOS/Source/list.o
 .ARM.attributes
                0x000004ca       0x39 Middlewares/Third_Party/FreeRTOS/Source/queue.o
 .ARM.attributes
                0x00000503       0x39 Middlewares/Third_Party/FreeRTOS/Source/tasks.o
 .ARM.attributes
                0x0000053c       0x39 Middlewares/Third_Party/FreeRTOS/Source/portable/GCC/ARM_CM4F/port.o
 .ARM.attributes
                0x00000575       0x39 Middlewares/Third_Party/FreeRTOS/Source/portable/MemMang/heap_4.o
 .ARM.attributes
                0x000005ae       0x39 Src/bsp_driver_sd.o
 .ARM.attributes
                0x000005e7       0x39 Src/fatfs.o
 .ARM.attributes
                0x00000620       0x39 Src/main.o
 .ARM.attributes
                0x00000659       0x39 Src/sd_diskio.o
 .ARM.attributes
                0x00000692       0x39 Src/stm32l4xx_hal_msp.o
 .ARM.attributes
                0x000006cb       0x39 Src/stm32l4xx_hal_timebase_TIM.o
 .ARM.attributes
                0x00000704       0x39 Src/stm32l4xx_it.o
 .ARM.attributes
                0x0000073d       0x39 Src/system_stm32l4xx.o
 .ARM.attributes
                0x00000776       0x21 startup/startup_stm32l476xx.o
 .ARM.attributes
                0x00000797       0x34 c:/ac6/systemworkbench/plugins/fr.ac6.mcu.externaltools.arm-none.win32_1.15.0.201708311556/tools/compiler/bin/../lib/gcc/arm-none-eabi/6.3.1/../../../../arm-none-eabi/lib/thumb/v7e-m/fpv4-sp/hard\libc_nano.a(lib_a-init.o)
 .ARM.attributes
                0x000007cb       0x34 c:/ac6/systemworkbench/plugins/fr.ac6.mcu.externaltools.arm-none.win32_1.15.0.201708311556/tools/compiler/bin/../lib/gcc/arm-none-eabi/6.3.1/../../../../arm-none-eabi/lib/thumb/v7e-m/fpv4-sp/hard\libc_nano.a(lib_a-memcpy-stub.o)
 .ARM.attributes
                0x000007ff       0x22 c:/ac6/systemworkbench/plugins/fr.ac6.mcu.externaltools.arm-none.win32_1.15.0.201708311556/tools/compiler/bin/../lib/gcc/arm-none-eabi/6.3.1/thumb/v7e-m/fpv4-sp/hard/crtn.o
OUTPUT(fw_test.elf elf32-littlearm)

.debug_info     0x00000000    0x32357
 .debug_info    0x00000000     0x1319 Drivers/STM32L4xx_HAL_Driver/Src/stm32l4xx_hal.o
 .debug_info    0x00001319     0x1789 Drivers/STM32L4xx_HAL_Driver/Src/stm32l4xx_hal_cortex.o
 .debug_info    0x00002aa2     0x107b Drivers/STM32L4xx_HAL_Driver/Src/stm32l4xx_hal_dma.o
 .debug_info    0x00003b1d     0x1090 Drivers/STM32L4xx_HAL_Driver/Src/stm32l4xx_hal_gpio.o
 .debug_info    0x00004bad     0x12cd Drivers/STM32L4xx_HAL_Driver/Src/stm32l4xx_hal_pwr_ex.o
 .debug_info    0x00005e7a     0x15eb Drivers/STM32L4xx_HAL_Driver/Src/stm32l4xx_hal_rcc.o
 .debug_info    0x00007465     0x18da Drivers/STM32L4xx_HAL_Driver/Src/stm32l4xx_hal_rcc_ex.o
 .debug_info    0x00008d3f     0x17b8 Drivers/STM32L4xx_HAL_Driver/Src/stm32l4xx_hal_rtc.o
 .debug_info    0x0000a4f7     0x1a76 Drivers/STM32L4xx_HAL_Driver/Src/stm32l4xx_hal_rtc_ex.o
 .debug_info    0x0000bf6d     0x2a53 Drivers/STM32L4xx_HAL_Driver/Src/stm32l4xx_hal_sd.o
 .debug_info    0x0000e9c0     0x37cc Drivers/STM32L4xx_HAL_Driver/Src/stm32l4xx_hal_tim.o
 .debug_info    0x0001218c     0x1d30 Drivers/STM32L4xx_HAL_Driver/Src/stm32l4xx_hal_tim_ex.o
 .debug_info    0x00013ebc     0x1e68 Drivers/STM32L4xx_HAL_Driver/Src/stm32l4xx_ll_sdmmc.o
 .debug_info    0x00015d24      0xd16 Middlewares/Third_Party/FatFs/src/diskio.o
 .debug_info    0x00016a3a     0x52a6 Middlewares/Third_Party/FatFs/src/ff.o
 .debug_info    0x0001bce0      0xc95 Middlewares/Third_Party/FatFs/src/ff_gen_drv.o
 .debug_info    0x0001c975      0xab2 Middlewares/Third_Party/FatFs/src/option/ccsbcs.o
 .debug_info    0x0001d427      0xb96 Middlewares/Third_Party/FatFs/src/option/syscall.o
 .debug_info    0x0001dfbd     0x2321 Middlewares/Third_Party/FreeRTOS/Source/CMSIS_RTOS/cmsis_os.o
 .debug_info    0x000202de      0xad4 Middlewares/Third_Party/FreeRTOS/Source/list.o
 .debug_info    0x00020db2     0x1f96 Middlewares/Third_Party/FreeRTOS/Source/queue.o
 .debug_info    0x00022d48     0x2923 Middlewares/Third_Party/FreeRTOS/Source/tasks.o
 .debug_info    0x0002566b      0x534 Middlewares/Third_Party/FreeRTOS/Source/portable/GCC/ARM_CM4F/port.o
 .debug_info    0x00025b9f      0xc78 Middlewares/Third_Party/FreeRTOS/Source/portable/MemMang/heap_4.o
 .debug_info    0x00026817     0x1855 Src/bsp_driver_sd.o
 .debug_info    0x0002806c     0x12f5 Src/fatfs.o
 .debug_info    0x00029361     0x2e36 Src/main.o
 .debug_info    0x0002c197     0x10dc Src/sd_diskio.o
 .debug_info    0x0002d273     0x1b46 Src/stm32l4xx_hal_msp.o
 .debug_info    0x0002edb9     0x147b Src/stm32l4xx_hal_timebase_TIM.o
 .debug_info    0x00030234     0x12bf Src/stm32l4xx_it.o
 .debug_info    0x000314f3      0xde9 Src/system_stm32l4xx.o
 .debug_info    0x000322dc       0x7b startup/startup_stm32l476xx.o

.debug_abbrev   0x00000000     0x5a2d
 .debug_abbrev  0x00000000      0x2ec Drivers/STM32L4xx_HAL_Driver/Src/stm32l4xx_hal.o
 .debug_abbrev  0x000002ec      0x3b8 Drivers/STM32L4xx_HAL_Driver/Src/stm32l4xx_hal_cortex.o
 .debug_abbrev  0x000006a4      0x2e3 Drivers/STM32L4xx_HAL_Driver/Src/stm32l4xx_hal_dma.o
 .debug_abbrev  0x00000987      0x2a5 Drivers/STM32L4xx_HAL_Driver/Src/stm32l4xx_hal_gpio.o
 .debug_abbrev  0x00000c2c      0x2d2 Drivers/STM32L4xx_HAL_Driver/Src/stm32l4xx_hal_pwr_ex.o
 .debug_abbrev  0x00000efe      0x2ea Drivers/STM32L4xx_HAL_Driver/Src/stm32l4xx_hal_rcc.o
 .debug_abbrev  0x000011e8      0x30a Drivers/STM32L4xx_HAL_Driver/Src/stm32l4xx_hal_rcc_ex.o
 .debug_abbrev  0x000014f2      0x2b5 Drivers/STM32L4xx_HAL_Driver/Src/stm32l4xx_hal_rtc.o
 .debug_abbrev  0x000017a7      0x2c4 Drivers/STM32L4xx_HAL_Driver/Src/stm32l4xx_hal_rtc_ex.o
 .debug_abbrev  0x00001a6b      0x2e9 Drivers/STM32L4xx_HAL_Driver/Src/stm32l4xx_hal_sd.o
 .debug_abbrev  0x00001d54      0x2dc Drivers/STM32L4xx_HAL_Driver/Src/stm32l4xx_hal_tim.o
 .debug_abbrev  0x00002030      0x2dc Drivers/STM32L4xx_HAL_Driver/Src/stm32l4xx_hal_tim_ex.o
 .debug_abbrev  0x0000230c      0x2b5 Drivers/STM32L4xx_HAL_Driver/Src/stm32l4xx_ll_sdmmc.o
 .debug_abbrev  0x000025c1      0x280 Middlewares/Third_Party/FatFs/src/diskio.o
 .debug_abbrev  0x00002841      0x320 Middlewares/Third_Party/FatFs/src/ff.o
 .debug_abbrev  0x00002b61      0x274 Middlewares/Third_Party/FatFs/src/ff_gen_drv.o
 .debug_abbrev  0x00002dd5      0x21a Middlewares/Third_Party/FatFs/src/option/ccsbcs.o
 .debug_abbrev  0x00002fef      0x254 Middlewares/Third_Party/FatFs/src/option/syscall.o
 .debug_abbrev  0x00003243      0x3d0 Middlewares/Third_Party/FreeRTOS/Source/CMSIS_RTOS/cmsis_os.o
 .debug_abbrev  0x00003613      0x21c Middlewares/Third_Party/FreeRTOS/Source/list.o
 .debug_abbrev  0x0000382f      0x37f Middlewares/Third_Party/FreeRTOS/Source/queue.o
 .debug_abbrev  0x00003bae      0x3cd Middlewares/Third_Party/FreeRTOS/Source/tasks.o
 .debug_abbrev  0x00003f7b      0x205 Middlewares/Third_Party/FreeRTOS/Source/portable/GCC/ARM_CM4F/port.o
 .debug_abbrev  0x00004180      0x318 Middlewares/Third_Party/FreeRTOS/Source/portable/MemMang/heap_4.o
 .debug_abbrev  0x00004498      0x342 Src/bsp_driver_sd.o
 .debug_abbrev  0x000047da      0x28a Src/fatfs.o
 .debug_abbrev  0x00004a64      0x350 Src/main.o
 .debug_abbrev  0x00004db4      0x323 Src/sd_diskio.o
 .debug_abbrev  0x000050d7      0x26c Src/stm32l4xx_hal_msp.o
 .debug_abbrev  0x00005343      0x295 Src/stm32l4xx_hal_timebase_TIM.o
 .debug_abbrev  0x000055d8      0x21d Src/stm32l4xx_it.o
 .debug_abbrev  0x000057f5      0x226 Src/system_stm32l4xx.o
 .debug_abbrev  0x00005a1b       0x12 startup/startup_stm32l476xx.o

.debug_loc      0x00000000    0x16b2c
 .debug_loc     0x00000000       0xf8 Drivers/STM32L4xx_HAL_Driver/Src/stm32l4xx_hal.o
 .debug_loc     0x000000f8      0x5ce Drivers/STM32L4xx_HAL_Driver/Src/stm32l4xx_hal_cortex.o
 .debug_loc     0x000006c6      0x774 Drivers/STM32L4xx_HAL_Driver/Src/stm32l4xx_hal_dma.o
 .debug_loc     0x00000e3a      0x33d Drivers/STM32L4xx_HAL_Driver/Src/stm32l4xx_hal_gpio.o
 .debug_loc     0x00001177      0x8f5 Drivers/STM32L4xx_HAL_Driver/Src/stm32l4xx_hal_pwr_ex.o
 .debug_loc     0x00001a6c      0x60d Drivers/STM32L4xx_HAL_Driver/Src/stm32l4xx_hal_rcc.o
 .debug_loc     0x00002079     0x1aed Drivers/STM32L4xx_HAL_Driver/Src/stm32l4xx_hal_rcc_ex.o
 .debug_loc     0x00003b66      0xb3f Drivers/STM32L4xx_HAL_Driver/Src/stm32l4xx_hal_rtc.o
 .debug_loc     0x000046a5      0xc0d Drivers/STM32L4xx_HAL_Driver/Src/stm32l4xx_hal_rtc_ex.o
 .debug_loc     0x000052b2     0x1d53 Drivers/STM32L4xx_HAL_Driver/Src/stm32l4xx_hal_sd.o
 .debug_loc     0x00007005     0x36be Drivers/STM32L4xx_HAL_Driver/Src/stm32l4xx_hal_tim.o
 .debug_loc     0x0000a6c3     0x164e Drivers/STM32L4xx_HAL_Driver/Src/stm32l4xx_hal_tim_ex.o
 .debug_loc     0x0000bd11     0x1091 Drivers/STM32L4xx_HAL_Driver/Src/stm32l4xx_ll_sdmmc.o
 .debug_loc     0x0000cda2      0x1fc Middlewares/Third_Party/FatFs/src/diskio.o
 .debug_loc     0x0000cf9e     0x52bb Middlewares/Third_Party/FatFs/src/ff.o
 .debug_loc     0x00012259      0x23f Middlewares/Third_Party/FatFs/src/ff_gen_drv.o
 .debug_loc     0x00012498      0x294 Middlewares/Third_Party/FatFs/src/option/ccsbcs.o
 .debug_loc     0x0001272c       0xf5 Middlewares/Third_Party/FatFs/src/option/syscall.o
 .debug_loc     0x00012821      0xfe2 Middlewares/Third_Party/FreeRTOS/Source/CMSIS_RTOS/cmsis_os.o
 .debug_loc     0x00013803       0x70 Middlewares/Third_Party/FreeRTOS/Source/list.o
 .debug_loc     0x00013873      0xe4e Middlewares/Third_Party/FreeRTOS/Source/queue.o
 .debug_loc     0x000146c1     0x14e6 Middlewares/Third_Party/FreeRTOS/Source/tasks.o
 .debug_loc     0x00015ba7      0x104 Middlewares/Third_Party/FreeRTOS/Source/portable/GCC/ARM_CM4F/port.o
 .debug_loc     0x00015cab      0x291 Middlewares/Third_Party/FreeRTOS/Source/portable/MemMang/heap_4.o
 .debug_loc     0x00015f3c      0x4a9 Src/bsp_driver_sd.o
 .debug_loc     0x000163e5       0x31 Src/fatfs.o
 .debug_loc     0x00016416       0x9a Src/main.o
 .debug_loc     0x000164b0      0x3d5 Src/sd_diskio.o
 .debug_loc     0x00016885       0x4a Src/stm32l4xx_hal_msp.o
 .debug_loc     0x000168cf       0x79 Src/stm32l4xx_hal_timebase_TIM.o
 .debug_loc     0x00016948      0x1e4 Src/system_stm32l4xx.o

.debug_aranges  0x00000000     0x1a20
 .debug_aranges
                0x00000000      0x118 Drivers/STM32L4xx_HAL_Driver/Src/stm32l4xx_hal.o
 .debug_aranges
                0x00000118       0xa8 Drivers/STM32L4xx_HAL_Driver/Src/stm32l4xx_hal_cortex.o
 .debug_aranges
                0x000001c0       0x80 Drivers/STM32L4xx_HAL_Driver/Src/stm32l4xx_hal_dma.o
 .debug_aranges
                0x00000240       0x58 Drivers/STM32L4xx_HAL_Driver/Src/stm32l4xx_hal_gpio.o
 .debug_aranges
                0x00000298      0x148 Drivers/STM32L4xx_HAL_Driver/Src/stm32l4xx_hal_pwr_ex.o
 .debug_aranges
                0x000003e0       0x88 Drivers/STM32L4xx_HAL_Driver/Src/stm32l4xx_hal_rcc.o
 .debug_aranges
                0x00000468       0xb8 Drivers/STM32L4xx_HAL_Driver/Src/stm32l4xx_hal_rcc_ex.o
 .debug_aranges
                0x00000520       0xb8 Drivers/STM32L4xx_HAL_Driver/Src/stm32l4xx_hal_rtc.o
 .debug_aranges
                0x000005d8      0x140 Drivers/STM32L4xx_HAL_Driver/Src/stm32l4xx_hal_rtc_ex.o
 .debug_aranges
                0x00000718      0x168 Drivers/STM32L4xx_HAL_Driver/Src/stm32l4xx_hal_sd.o
 .debug_aranges
                0x00000880      0x378 Drivers/STM32L4xx_HAL_Driver/Src/stm32l4xx_hal_tim.o
 .debug_aranges
                0x00000bf8      0x150 Drivers/STM32L4xx_HAL_Driver/Src/stm32l4xx_hal_tim_ex.o
 .debug_aranges
                0x00000d48      0x178 Drivers/STM32L4xx_HAL_Driver/Src/stm32l4xx_ll_sdmmc.o
 .debug_aranges
                0x00000ec0       0x48 Middlewares/Third_Party/FatFs/src/diskio.o
 .debug_aranges
                0x00000f08      0x240 Middlewares/Third_Party/FatFs/src/ff.o
 .debug_aranges
                0x00001148       0x40 Middlewares/Third_Party/FatFs/src/ff_gen_drv.o
 .debug_aranges
                0x00001188       0x28 Middlewares/Third_Party/FatFs/src/option/ccsbcs.o
 .debug_aranges
                0x000011b0       0x38 Middlewares/Third_Party/FatFs/src/option/syscall.o
 .debug_aranges
                0x000011e8      0x1d8 Middlewares/Third_Party/FreeRTOS/Source/CMSIS_RTOS/cmsis_os.o
 .debug_aranges
                0x000013c0       0x40 Middlewares/Third_Party/FreeRTOS/Source/list.o
 .debug_aranges
                0x00001400       0xe0 Middlewares/Third_Party/FreeRTOS/Source/queue.o
 .debug_aranges
                0x000014e0      0x190 Middlewares/Third_Party/FreeRTOS/Source/tasks.o
 .debug_aranges
                0x00001670       0x80 Middlewares/Third_Party/FreeRTOS/Source/portable/GCC/ARM_CM4F/port.o
 .debug_aranges
                0x000016f0       0x50 Middlewares/Third_Party/FreeRTOS/Source/portable/MemMang/heap_4.o
 .debug_aranges
                0x00001740       0xc0 Src/bsp_driver_sd.o
 .debug_aranges
                0x00001800       0x28 Src/fatfs.o
 .debug_aranges
                0x00001828       0x78 Src/main.o
 .debug_aranges
                0x000018a0       0x58 Src/sd_diskio.o
 .debug_aranges
                0x000018f8       0x40 Src/stm32l4xx_hal_msp.o
 .debug_aranges
                0x00001938       0x30 Src/stm32l4xx_hal_timebase_TIM.o
 .debug_aranges
                0x00001968       0x68 Src/stm32l4xx_it.o
 .debug_aranges
                0x000019d0       0x28 Src/system_stm32l4xx.o
 .debug_aranges
                0x000019f8       0x28 startup/startup_stm32l476xx.o

.debug_ranges   0x00000000     0x1a00
 .debug_ranges  0x00000000      0x108 Drivers/STM32L4xx_HAL_Driver/Src/stm32l4xx_hal.o
 .debug_ranges  0x00000108       0xf8 Drivers/STM32L4xx_HAL_Driver/Src/stm32l4xx_hal_cortex.o
 .debug_ranges  0x00000200       0x70 Drivers/STM32L4xx_HAL_Driver/Src/stm32l4xx_hal_dma.o
 .debug_ranges  0x00000270       0x48 Drivers/STM32L4xx_HAL_Driver/Src/stm32l4xx_hal_gpio.o
 .debug_ranges  0x000002b8      0x138 Drivers/STM32L4xx_HAL_Driver/Src/stm32l4xx_hal_pwr_ex.o
 .debug_ranges  0x000003f0       0x90 Drivers/STM32L4xx_HAL_Driver/Src/stm32l4xx_hal_rcc.o
 .debug_ranges  0x00000480       0xc8 Drivers/STM32L4xx_HAL_Driver/Src/stm32l4xx_hal_rcc_ex.o
 .debug_ranges  0x00000548       0xa8 Drivers/STM32L4xx_HAL_Driver/Src/stm32l4xx_hal_rtc.o
 .debug_ranges  0x000005f0      0x130 Drivers/STM32L4xx_HAL_Driver/Src/stm32l4xx_hal_rtc_ex.o
 .debug_ranges  0x00000720      0x158 Drivers/STM32L4xx_HAL_Driver/Src/stm32l4xx_hal_sd.o
 .debug_ranges  0x00000878      0x368 Drivers/STM32L4xx_HAL_Driver/Src/stm32l4xx_hal_tim.o
 .debug_ranges  0x00000be0      0x140 Drivers/STM32L4xx_HAL_Driver/Src/stm32l4xx_hal_tim_ex.o
 .debug_ranges  0x00000d20      0x168 Drivers/STM32L4xx_HAL_Driver/Src/stm32l4xx_ll_sdmmc.o
 .debug_ranges  0x00000e88       0x38 Middlewares/Third_Party/FatFs/src/diskio.o
 .debug_ranges  0x00000ec0      0x230 Middlewares/Third_Party/FatFs/src/ff.o
 .debug_ranges  0x000010f0       0x30 Middlewares/Third_Party/FatFs/src/ff_gen_drv.o
 .debug_ranges  0x00001120       0x18 Middlewares/Third_Party/FatFs/src/option/ccsbcs.o
 .debug_ranges  0x00001138       0x28 Middlewares/Third_Party/FatFs/src/option/syscall.o
 .debug_ranges  0x00001160      0x1c8 Middlewares/Third_Party/FreeRTOS/Source/CMSIS_RTOS/cmsis_os.o
 .debug_ranges  0x00001328       0x30 Middlewares/Third_Party/FreeRTOS/Source/list.o
 .debug_ranges  0x00001358      0x180 Middlewares/Third_Party/FreeRTOS/Source/queue.o
 .debug_ranges  0x000014d8      0x208 Middlewares/Third_Party/FreeRTOS/Source/tasks.o
 .debug_ranges  0x000016e0       0x88 Middlewares/Third_Party/FreeRTOS/Source/portable/GCC/ARM_CM4F/port.o
 .debug_ranges  0x00001768       0x40 Middlewares/Third_Party/FreeRTOS/Source/portable/MemMang/heap_4.o
 .debug_ranges  0x000017a8       0xb0 Src/bsp_driver_sd.o
 .debug_ranges  0x00001858       0x18 Src/fatfs.o
 .debug_ranges  0x00001870       0x68 Src/main.o
 .debug_ranges  0x000018d8       0x48 Src/sd_diskio.o
 .debug_ranges  0x00001920       0x30 Src/stm32l4xx_hal_msp.o
 .debug_ranges  0x00001950       0x20 Src/stm32l4xx_hal_timebase_TIM.o
 .debug_ranges  0x00001970       0x58 Src/stm32l4xx_it.o
 .debug_ranges  0x000019c8       0x18 Src/system_stm32l4xx.o
 .debug_ranges  0x000019e0       0x20 startup/startup_stm32l476xx.o

.debug_macro    0x00000000    0x2d5d1
 .debug_macro   0x00000000      0x39a Drivers/STM32L4xx_HAL_Driver/Src/stm32l4xx_hal.o
 .debug_macro   0x0000039a      0x8c2 Drivers/STM32L4xx_HAL_Driver/Src/stm32l4xx_hal.o
 .debug_macro   0x00000c5c       0x1c Drivers/STM32L4xx_HAL_Driver/Src/stm32l4xx_hal.o
 .debug_macro   0x00000c78       0xba Drivers/STM32L4xx_HAL_Driver/Src/stm32l4xx_hal.o
 .debug_macro   0x00000d32       0x2e Drivers/STM32L4xx_HAL_Driver/Src/stm32l4xx_hal.o
 .debug_macro   0x00000d60       0x28 Drivers/STM32L4xx_HAL_Driver/Src/stm32l4xx_hal.o
 .debug_macro   0x00000d88       0x22 Drivers/STM32L4xx_HAL_Driver/Src/stm32l4xx_hal.o
 .debug_macro   0x00000daa       0x87 Drivers/STM32L4xx_HAL_Driver/Src/stm32l4xx_hal.o
 .debug_macro   0x00000e31       0x51 Drivers/STM32L4xx_HAL_Driver/Src/stm32l4xx_hal.o
 .debug_macro   0x00000e82       0xef Drivers/STM32L4xx_HAL_Driver/Src/stm32l4xx_hal.o
 .debug_macro   0x00000f71       0x6a Drivers/STM32L4xx_HAL_Driver/Src/stm32l4xx_hal.o
 .debug_macro   0x00000fdb      0x1df Drivers/STM32L4xx_HAL_Driver/Src/stm32l4xx_hal.o
 .debug_macro   0x000011ba       0x35 Drivers/STM32L4xx_HAL_Driver/Src/stm32l4xx_hal.o
 .debug_macro   0x000011ef       0x50 Drivers/STM32L4xx_HAL_Driver/Src/stm32l4xx_hal.o
 .debug_macro   0x0000123f      0xe66 Drivers/STM32L4xx_HAL_Driver/Src/stm32l4xx_hal.o
 .debug_macro   0x000020a5    0x1a1c2 Drivers/STM32L4xx_HAL_Driver/Src/stm32l4xx_hal.o
 .debug_macro   0x0001c267       0x43 Drivers/STM32L4xx_HAL_Driver/Src/stm32l4xx_hal.o
 .debug_macro   0x0001c2aa     0x36a8 Drivers/STM32L4xx_HAL_Driver/Src/stm32l4xx_hal.o
 .debug_macro   0x0001f952       0x58 Drivers/STM32L4xx_HAL_Driver/Src/stm32l4xx_hal.o
 .debug_macro   0x0001f9aa       0x35 Drivers/STM32L4xx_HAL_Driver/Src/stm32l4xx_hal.o
 .debug_macro   0x0001f9df       0x9c Drivers/STM32L4xx_HAL_Driver/Src/stm32l4xx_hal.o
 .debug_macro   0x0001fa7b       0x16 Drivers/STM32L4xx_HAL_Driver/Src/stm32l4xx_hal.o
 .debug_macro   0x0001fa91       0x97 Drivers/STM32L4xx_HAL_Driver/Src/stm32l4xx_hal.o
 .debug_macro   0x0001fb28      0x330 Drivers/STM32L4xx_HAL_Driver/Src/stm32l4xx_hal.o
 .debug_macro   0x0001fe58       0xfd Drivers/STM32L4xx_HAL_Driver/Src/stm32l4xx_hal.o
 .debug_macro   0x0001ff55       0x10 Drivers/STM32L4xx_HAL_Driver/Src/stm32l4xx_hal.o
 .debug_macro   0x0001ff65       0x58 Drivers/STM32L4xx_HAL_Driver/Src/stm32l4xx_hal.o
 .debug_macro   0x0001ffbd       0x1f Drivers/STM32L4xx_HAL_Driver/Src/stm32l4xx_hal.o
 .debug_macro   0x0001ffdc       0x43 Drivers/STM32L4xx_HAL_Driver/Src/stm32l4xx_hal.o
 .debug_macro   0x0002001f       0x20 Drivers/STM32L4xx_HAL_Driver/Src/stm32l4xx_hal.o
 .debug_macro   0x0002003f      0x187 Drivers/STM32L4xx_HAL_Driver/Src/stm32l4xx_hal.o
 .debug_macro   0x000201c6       0x10 Drivers/STM32L4xx_HAL_Driver/Src/stm32l4xx_hal.o
 .debug_macro   0x000201d6       0x1c Drivers/STM32L4xx_HAL_Driver/Src/stm32l4xx_hal.o
 .debug_macro   0x000201f2       0x52 Drivers/STM32L4xx_HAL_Driver/Src/stm32l4xx_hal.o
 .debug_macro   0x00020244       0x40 Drivers/STM32L4xx_HAL_Driver/Src/stm32l4xx_hal.o
 .debug_macro   0x00020284       0x10 Drivers/STM32L4xx_HAL_Driver/Src/stm32l4xx_hal.o
 .debug_macro   0x00020294       0x40 Drivers/STM32L4xx_HAL_Driver/Src/stm32l4xx_hal.o
 .debug_macro   0x000202d4       0xd7 Drivers/STM32L4xx_HAL_Driver/Src/stm32l4xx_hal.o
 .debug_macro   0x000203ab       0x16 Drivers/STM32L4xx_HAL_Driver/Src/stm32l4xx_hal.o
 .debug_macro   0x000203c1      0x18b Drivers/STM32L4xx_HAL_Driver/Src/stm32l4xx_hal.o
 .debug_macro   0x0002054c       0x50 Drivers/STM32L4xx_HAL_Driver/Src/stm32l4xx_hal.o
 .debug_macro   0x0002059c     0x1566 Drivers/STM32L4xx_HAL_Driver/Src/stm32l4xx_hal.o
 .debug_macro   0x00021b02      0x59e Drivers/STM32L4xx_HAL_Driver/Src/stm32l4xx_hal.o
 .debug_macro   0x000220a0      0x148 Drivers/STM32L4xx_HAL_Driver/Src/stm32l4xx_hal.o
 .debug_macro   0x000221e8      0x18b Drivers/STM32L4xx_HAL_Driver/Src/stm32l4xx_hal.o
 .debug_macro   0x00022373      0x26b Drivers/STM32L4xx_HAL_Driver/Src/stm32l4xx_hal.o
 .debug_macro   0x000225de      0x23a Drivers/STM32L4xx_HAL_Driver/Src/stm32l4xx_hal.o
 .debug_macro   0x00022818      0x367 Drivers/STM32L4xx_HAL_Driver/Src/stm32l4xx_hal.o
 .debug_macro   0x00022b7f       0x10 Drivers/STM32L4xx_HAL_Driver/Src/stm32l4xx_hal.o
 .debug_macro   0x00022b8f       0xe4 Drivers/STM32L4xx_HAL_Driver/Src/stm32l4xx_hal.o
 .debug_macro   0x00022c73      0x202 Drivers/STM32L4xx_HAL_Driver/Src/stm32l4xx_hal.o
 .debug_macro   0x00022e75       0x61 Drivers/STM32L4xx_HAL_Driver/Src/stm32l4xx_hal.o
 .debug_macro   0x00022ed6       0x90 Drivers/STM32L4xx_HAL_Driver/Src/stm32l4xx_hal.o
 .debug_macro   0x00022f66      0x126 Drivers/STM32L4xx_HAL_Driver/Src/stm32l4xx_hal.o
 .debug_macro   0x0002308c      0x3db Drivers/STM32L4xx_HAL_Driver/Src/stm32l4xx_hal.o
 .debug_macro   0x00023467      0x321 Drivers/STM32L4xx_HAL_Driver/Src/stm32l4xx_hal.o
 .debug_macro   0x00023788      0x4cc Drivers/STM32L4xx_HAL_Driver/Src/stm32l4xx_hal.o
 .debug_macro   0x00023c54       0xdd Drivers/STM32L4xx_HAL_Driver/Src/stm32l4xx_hal.o
 .debug_macro   0x00023d31      0x77a Drivers/STM32L4xx_HAL_Driver/Src/stm32l4xx_hal.o
 .debug_macro   0x000244ab      0x198 Drivers/STM32L4xx_HAL_Driver/Src/stm32l4xx_hal.o
 .debug_macro   0x00024643      0x9f0 Drivers/STM32L4xx_HAL_Driver/Src/stm32l4xx_hal.o
 .debug_macro   0x00025033      0x1ed Drivers/STM32L4xx_HAL_Driver/Src/stm32l4xx_hal.o
 .debug_macro   0x00025220      0x325 Drivers/STM32L4xx_HAL_Driver/Src/stm32l4xx_hal.o
 .debug_macro   0x00025545      0x34c Drivers/STM32L4xx_HAL_Driver/Src/stm32l4xx_hal_cortex.o
 .debug_macro   0x00025891      0x34c Drivers/STM32L4xx_HAL_Driver/Src/stm32l4xx_hal_dma.o
 .debug_macro   0x00025bdd      0x38b Drivers/STM32L4xx_HAL_Driver/Src/stm32l4xx_hal_gpio.o
 .debug_macro   0x00025f68      0x370 Drivers/STM32L4xx_HAL_Driver/Src/stm32l4xx_hal_pwr_ex.o
 .debug_macro   0x000262d8      0x38e Drivers/STM32L4xx_HAL_Driver/Src/stm32l4xx_hal_rcc.o
 .debug_macro   0x00026666      0x382 Drivers/STM32L4xx_HAL_Driver/Src/stm32l4xx_hal_rcc_ex.o
 .debug_macro   0x000269e8      0x34c Drivers/STM32L4xx_HAL_Driver/Src/stm32l4xx_hal_rtc.o
 .debug_macro   0x00026d34      0x353 Drivers/STM32L4xx_HAL_Driver/Src/stm32l4xx_hal_rtc_ex.o
 .debug_macro   0x00027087      0x34d Drivers/STM32L4xx_HAL_Driver/Src/stm32l4xx_hal_sd.o
 .debug_macro   0x000273d4      0x34c Drivers/STM32L4xx_HAL_Driver/Src/stm32l4xx_hal_tim.o
 .debug_macro   0x00027720      0x35e Drivers/STM32L4xx_HAL_Driver/Src/stm32l4xx_hal_tim_ex.o
 .debug_macro   0x00027a7e      0x34d Drivers/STM32L4xx_HAL_Driver/Src/stm32l4xx_ll_sdmmc.o
 .debug_macro   0x00027dcb      0x483 Middlewares/Third_Party/FatFs/src/diskio.o
 .debug_macro   0x0002824e       0x16 Middlewares/Third_Party/FatFs/src/diskio.o
 .debug_macro   0x00028264       0x7c Middlewares/Third_Party/FatFs/src/diskio.o
 .debug_macro   0x000282e0       0xd8 Middlewares/Third_Party/FatFs/src/diskio.o
 .debug_macro   0x000283b8      0x168 Middlewares/Third_Party/FatFs/src/diskio.o
 .debug_macro   0x00028520       0xe4 Middlewares/Third_Party/FatFs/src/diskio.o
 .debug_macro   0x00028604       0x10 Middlewares/Third_Party/FatFs/src/diskio.o
 .debug_macro   0x00028614       0x26 Middlewares/Third_Party/FatFs/src/diskio.o
 .debug_macro   0x0002863a      0x40f Middlewares/Third_Party/FatFs/src/diskio.o
 .debug_macro   0x00028a49       0xc0 Middlewares/Third_Party/FatFs/src/diskio.o
 .debug_macro   0x00028b09       0x8c Middlewares/Third_Party/FatFs/src/diskio.o
 .debug_macro   0x00028b95       0x91 Middlewares/Third_Party/FatFs/src/diskio.o
 .debug_macro   0x00028c26       0x94 Middlewares/Third_Party/FatFs/src/diskio.o
 .debug_macro   0x00028cba       0x63 Middlewares/Third_Party/FatFs/src/diskio.o
 .debug_macro   0x00028d1d       0x19 Middlewares/Third_Party/FatFs/src/diskio.o
 .debug_macro   0x00028d36       0xcf Middlewares/Third_Party/FatFs/src/diskio.o
 .debug_macro   0x00028e05       0x46 Middlewares/Third_Party/FatFs/src/diskio.o
 .debug_macro   0x00028e4b       0xe7 Middlewares/Third_Party/FatFs/src/diskio.o
 .debug_macro   0x00028f32       0x16 Middlewares/Third_Party/FatFs/src/diskio.o
 .debug_macro   0x00028f48       0x35 Middlewares/Third_Party/FatFs/src/diskio.o
 .debug_macro   0x00028f7d       0x16 Middlewares/Third_Party/FatFs/src/diskio.o
 .debug_macro   0x00028f93       0x29 Middlewares/Third_Party/FatFs/src/diskio.o
 .debug_macro   0x00028fbc       0x12 Middlewares/Third_Party/FatFs/src/diskio.o
 .debug_macro   0x00028fce       0xdb Middlewares/Third_Party/FatFs/src/diskio.o
 .debug_macro   0x000290a9      0x891 Middlewares/Third_Party/FatFs/src/ff.o
 .debug_macro   0x0002993a       0x8e Middlewares/Third_Party/FatFs/src/ff.o
 .debug_macro   0x000299c8       0x4c Middlewares/Third_Party/FatFs/src/ff.o
 .debug_macro   0x00029a14      0x483 Middlewares/Third_Party/FatFs/src/ff_gen_drv.o
 .debug_macro   0x00029e97      0x471 Middlewares/Third_Party/FatFs/src/option/ccsbcs.o
 .debug_macro   0x0002a308      0x46b Middlewares/Third_Party/FatFs/src/option/syscall.o
 .debug_macro   0x0002a773      0x1f3 Middlewares/Third_Party/FreeRTOS/Source/CMSIS_RTOS/cmsis_os.o
 .debug_macro   0x0002a966       0x52 Middlewares/Third_Party/FreeRTOS/Source/CMSIS_RTOS/cmsis_os.o
 .debug_macro   0x0002a9b8       0x8d Middlewares/Third_Party/FreeRTOS/Source/CMSIS_RTOS/cmsis_os.o
 .debug_macro   0x0002aa45      0x174 Middlewares/Third_Party/FreeRTOS/Source/CMSIS_RTOS/cmsis_os.o
 .debug_macro   0x0002abb9       0x57 Middlewares/Third_Party/FreeRTOS/Source/CMSIS_RTOS/cmsis_os.o
 .debug_macro   0x0002ac10       0x10 Middlewares/Third_Party/FreeRTOS/Source/CMSIS_RTOS/cmsis_os.o
 .debug_macro   0x0002ac20       0xd2 Middlewares/Third_Party/FreeRTOS/Source/CMSIS_RTOS/cmsis_os.o